../X-CUBE-AI/App/aiTestUtility.c:386:13:_put_c_buffer_cb	0	static
../X-CUBE-AI/App/aiTestUtility.c:357:13:_put_c_driver	16	static
../X-CUBE-AI/App/aiTestUtility.c:142:6:ioRawGetUint8	8	static
../X-CUBE-AI/App/aiTestUtility.c:199:6:ioRawWriteBuffer	8	static
../X-CUBE-AI/App/aiTestUtility.c:204:6:ioRawReadBuffer	8	static
../X-CUBE-AI/App/aiTestUtility.c:209:6:ioRawDisableLLWrite	0	static
../X-CUBE-AI/App/aiTestUtility.c:222:5:_write	8	static
../X-CUBE-AI/App/aiTestUtility.c:320:7:uint64ToDecimal	8	static
../X-CUBE-AI/App/aiTestUtility.c:333:6:uint32_to_str	16	static
../X-CUBE-AI/App/aiTestUtility.c:372:6:lc_print	16	static
../X-CUBE-AI/App/aiTestUtility.c:396:8:lc_vsnprint	24	static
../X-CUBE-AI/App/aiTestUtility.c:420:7:__wrap_malloc	16	static
../X-CUBE-AI/App/aiTestUtility.c:460:6:__wrap_free	8	static
../X-CUBE-AI/App/aiTestUtility.c:515:6:stackMonInit	16	static
../X-CUBE-AI/App/aiTestUtility.c:561:5:dwtCyclesToTime	48	static
../X-CUBE-AI/App/aiTestUtility.c:578:7:dwtCyclesToFloatMs	24	static
../X-CUBE-AI/App/aiTestUtility.c:745:10:getFlashCacheConf	8	static
../X-CUBE-AI/App/aiTestUtility.c:689:6:getSysConf.part.0	8	static
../X-CUBE-AI/App/aiTestUtility.c:689:6:getSysConf	0	static
../X-CUBE-AI/App/aiTestUtility.c:856:6:systemSettingLog	48	static
