Archive member included to satisfy reference by file (symbol)

/home/docker/STM32Cube/Repository/Packs/STMicroelectronics/X-CUBE-AI/2.2.0/Middlewares/ST/AI/Lib/GCC/ARMCortexM4/NetworkRuntime1020_CM4_GCC.a(ai_platform.o)
                              network.o (ai_buffer_array_item_set_address)
/home/docker/STM32Cube/Repository/Packs/STMicroelectronics/X-CUBE-AI/2.2.0/Middlewares/ST/AI/Lib/GCC/ARMCortexM4/NetworkRuntime1020_CM4_GCC.a(ai_platform_interface.o)
                              network.o (ai_platform_get_weights_map)
/home/docker/STM32Cube/Repository/Packs/STMicroelectronics/X-CUBE-AI/2.2.0/Middlewares/ST/AI/Lib/GCC/ARMCortexM4/NetworkRuntime1020_CM4_GCC.a(core_common.o)
                              /home/docker/STM32Cube/Repository/Packs/STMicroelectronics/X-CUBE-AI/2.2.0/Middlewares/ST/AI/Lib/GCC/ARMCortexM4/NetworkRuntime1020_CM4_GCC.a(ai_platform_interface.o) (core_init)
/home/docker/STM32Cube/Repository/Packs/STMicroelectronics/X-CUBE-AI/2.2.0/Middlewares/ST/AI/Lib/GCC/ARMCortexM4/NetworkRuntime1020_CM4_GCC.a(core_mem_manager.o)
                              /home/docker/STM32Cube/Repository/Packs/STMicroelectronics/X-CUBE-AI/2.2.0/Middlewares/ST/AI/Lib/GCC/ARMCortexM4/NetworkRuntime1020_CM4_GCC.a(ai_platform_interface.o) (core_mem_alloc)
/home/docker/STM32Cube/Repository/Packs/STMicroelectronics/X-CUBE-AI/2.2.0/Middlewares/ST/AI/Lib/GCC/ARMCortexM4/NetworkRuntime1020_CM4_GCC.a(layers.o)
                              /home/docker/STM32Cube/Repository/Packs/STMicroelectronics/X-CUBE-AI/2.2.0/Middlewares/ST/AI/Lib/GCC/ARMCortexM4/NetworkRuntime1020_CM4_GCC.a(ai_platform_interface.o) (ai_check_custom_types)
/home/docker/STM32Cube/Repository/Packs/STMicroelectronics/X-CUBE-AI/2.2.0/Middlewares/ST/AI/Lib/GCC/ARMCortexM4/NetworkRuntime1020_CM4_GCC.a(layers_conv2d_generic_float.o)
                              network.o (forward_conv2d_if32of32wf32)
/home/docker/STM32Cube/Repository/Packs/STMicroelectronics/X-CUBE-AI/2.2.0/Middlewares/ST/AI/Lib/GCC/ARMCortexM4/NetworkRuntime1020_CM4_GCC.a(layers_generic_float.o)
                              network.o (forward_concat)
/home/docker/STM32Cube/Repository/Packs/STMicroelectronics/X-CUBE-AI/2.2.0/Middlewares/ST/AI/Lib/GCC/ARMCortexM4/NetworkRuntime1020_CM4_GCC.a(layers_nl_generic_float.o)
                              network.o (forward_relu)
/home/docker/STM32Cube/Repository/Packs/STMicroelectronics/X-CUBE-AI/2.2.0/Middlewares/ST/AI/Lib/GCC/ARMCortexM4/NetworkRuntime1020_CM4_GCC.a(layers_pad_generic.o)
                              /home/docker/STM32Cube/Repository/Packs/STMicroelectronics/X-CUBE-AI/2.2.0/Middlewares/ST/AI/Lib/GCC/ARMCortexM4/NetworkRuntime1020_CM4_GCC.a(layers_generic_float.o) (forward_pad_8bit_ch1st_3x3_constant)
/home/docker/STM32Cube/Repository/Packs/STMicroelectronics/X-CUBE-AI/2.2.0/Middlewares/ST/AI/Lib/GCC/ARMCortexM4/NetworkRuntime1020_CM4_GCC.a(layers_pool_generic_float.o)
                              network.o (forward_mp)
/home/docker/STM32Cube/Repository/Packs/STMicroelectronics/X-CUBE-AI/2.2.0/Middlewares/ST/AI/Lib/GCC/ARMCortexM4/NetworkRuntime1020_CM4_GCC.a(layers_resize.o)
                              /home/docker/STM32Cube/Repository/Packs/STMicroelectronics/X-CUBE-AI/2.2.0/Middlewares/ST/AI/Lib/GCC/ARMCortexM4/NetworkRuntime1020_CM4_GCC.a(layers_generic_float.o) (forward_resize_nearest_if32of32)
/home/docker/STM32Cube/Repository/Packs/STMicroelectronics/X-CUBE-AI/2.2.0/Middlewares/ST/AI/Lib/GCC/ARMCortexM4/NetworkRuntime1020_CM4_GCC.a(layers_conv2d_integer_scratch.o)
                              /home/docker/STM32Cube/Repository/Packs/STMicroelectronics/X-CUBE-AI/2.2.0/Middlewares/ST/AI/Lib/GCC/ARMCortexM4/NetworkRuntime1020_CM4_GCC.a(layers.o) (get_dense_scratch_size_s8)
/home/docker/STM32Cube/Repository/Packs/STMicroelectronics/X-CUBE-AI/2.2.0/Middlewares/ST/AI/Lib/GCC/ARMCortexM4/NetworkRuntime1020_CM4_GCC.a(forward_lite_argminmax.o)
                              /home/docker/STM32Cube/Repository/Packs/STMicroelectronics/X-CUBE-AI/2.2.0/Middlewares/ST/AI/Lib/GCC/ARMCortexM4/NetworkRuntime1020_CM4_GCC.a(layers_generic_float.o) (forward_lite_argmax_if32)
/home/docker/STM32Cube/Repository/Packs/STMicroelectronics/X-CUBE-AI/2.2.0/Middlewares/ST/AI/Lib/GCC/ARMCortexM4/NetworkRuntime1020_CM4_GCC.a(forward_lite_conv2d_if32of32wf32.o)
                              /home/docker/STM32Cube/Repository/Packs/STMicroelectronics/X-CUBE-AI/2.2.0/Middlewares/ST/AI/Lib/GCC/ARMCortexM4/NetworkRuntime1020_CM4_GCC.a(layers_conv2d_generic_float.o) (forward_lite_conv2d_if32of32wf32)
/home/docker/STM32Cube/Repository/Packs/STMicroelectronics/X-CUBE-AI/2.2.0/Middlewares/ST/AI/Lib/GCC/ARMCortexM4/NetworkRuntime1020_CM4_GCC.a(lite_nl_softmax_if32of32.o)
                              /home/docker/STM32Cube/Repository/Packs/STMicroelectronics/X-CUBE-AI/2.2.0/Middlewares/ST/AI/Lib/GCC/ARMCortexM4/NetworkRuntime1020_CM4_GCC.a(layers_nl_generic_float.o) (forward_lite_nl_softmax_if32of32_kernel)
[...]
Memory Configuration

Name             Origin             Length             Attributes
RAM              0x20000000         0x02000000         xrw
FLASH            0x08000000         0x02000000         xr
*default*        0x00000000         0xffffffff

Linker script and memory map

LOAD /opt/st/stm32cubeide_1.18.0/plugins/com.st.stm32cube.ide.mcu.externaltools.gnu-tools-for-stm32.13.3.rel1.linux64_1.0.0.202410170706/tools/bin/../lib/gcc/arm-none-eabi/13.3.1/thumb/v7e-m+fp/hard/crti.o
LOAD /opt/st/stm32cubeide_1.18.0/plugins/com.st.stm32cube.ide.mcu.externaltools.gnu-tools-for-stm32.13.3.rel1.linux64_1.0.0.202410170706/tools/bin/../lib/gcc/arm-none-eabi/13.3.1/thumb/v7e-m+fp/hard/crtbegin.o
LOAD /opt/st/stm32cubeide_1.18.0/plugins/com.st.stm32cube.ide.mcu.externaltools.gnu-tools-for-stm32.13.3.rel1.linux64_1.0.0.202410170706/tools/bin/../lib/gcc/arm-none-eabi/13.3.1/../../../../arm-none-eabi/lib/thumb/v7e-m+fp/hard/crt0.o
START GROUP
LOAD /opt/st/stm32cubeide_1.18.0/plugins/com.st.stm32cube.ide.mcu.externaltools.gnu-tools-for-stm32.13.3.rel1.linux64_1.0.0.202410170706/tools/bin/../lib/gcc/arm-none-eabi/13.3.1/../../../../arm-none-eabi/lib/thumb/v7e-m+fp/hard/libm.a
END GROUP
LOAD sysmem.o
LOAD startup_stm32xx.o
LOAD network.o
LOAD syscalls.o
LOAD network_data.o
LOAD stedgeai_app_main.o
LOAD network_data_params.o
LOAD /home/docker/STM32Cube/Repository/Packs/STMicroelectronics/X-CUBE-AI/2.2.0/Middlewares/ST/AI/Lib/GCC/ARMCortexM4/NetworkRuntime1020_CM4_GCC.a
START GROUP
LOAD /opt/st/stm32cubeide_1.18.0/plugins/com.st.stm32cube.ide.mcu.externaltools.gnu-tools-for-stm32.13.3.rel1.linux64_1.0.0.202410170706/tools/bin/../lib/gcc/arm-none-eabi/13.3.1/thumb/v7e-m+fp/hard/libgcc.a
LOAD /opt/st/stm32cubeide_1.18.0/plugins/com.st.stm32cube.ide.mcu.externaltools.gnu-tools-for-stm32.13.3.rel1.linux64_1.0.0.202410170706/tools/bin/../lib/gcc/arm-none-eabi/13.3.1/../../../../arm-none-eabi/lib/thumb/v7e-m+fp/hard/libc_nano.a
END GROUP
START GROUP
LOAD /opt/st/stm32cubeide_1.18.0/plugins/com.st.stm32cube.ide.mcu.externaltools.gnu-tools-for-stm32.13.3.rel1.linux64_1.0.0.202410170706/tools/bin/../lib/gcc/arm-none-eabi/13.3.1/thumb/v7e-m+fp/hard/libgcc.a
LOAD /opt/st/stm32cubeide_1.18.0/plugins/com.st.stm32cube.ide.mcu.externaltools.gnu-tools-for-stm32.13.3.rel1.linux64_1.0.0.202410170706/tools/bin/../lib/gcc/arm-none-eabi/13.3.1/../../../../arm-none-eabi/lib/thumb/v7e-m+fp/hard/libc_nano.a
END GROUP
LOAD /opt/st/stm32cubeide_1.18.0/plugins/com.st.stm32cube.ide.mcu.externaltools.gnu-tools-for-stm32.13.3.rel1.linux64_1.0.0.202410170706/tools/bin/../lib/gcc/arm-none-eabi/13.3.1/thumb/v7e-m+fp/hard/crtend.o
LOAD /opt/st/stm32cubeide_1.18.0/plugins/com.st.stm32cube.ide.mcu.externaltools.gnu-tools-for-stm32.13.3.rel1.linux64_1.0.0.202410170706/tools/bin/../lib/gcc/arm-none-eabi/13.3.1/thumb/v7e-m+fp/hard/crtn.o
                0x21000000                        _estack = 0x21000000
                0x00002000                        _Min_Heap_Size = 0x2000
                0x00001000                        _Min_Stack_Size = 0x1000

.isr_vector     0x08000000       0x40
                0x08000000                        . = ALIGN (0x4)
 *(.isr_vector)
 .isr_vector    0x08000000       0x40 startup_stm32xx.o
                0x08000000                g_pfnVectors
                0x08000040                        . = ALIGN (0x4)

.text           0x08000040     0x46c8
                0x08000040                        . = ALIGN (0x4)
 *(.text)
 .text          0x08000040       0x40 /opt/st/stm32cubeide_1.18.0/plugins/com.st.stm32cube.ide.mcu.externaltools.gnu-tools-for-stm32.13.3.rel1.linux64_1.0.0.202410170706/tools/bin/../lib/gcc/arm-none-eabi/13.3.1/thumb/v7e-m+fp/hard/crtbegin.o
 *(.text*)
 .text.Reset_Handler
                0x08000080       0x50 startup_stm32xx.o
                0x08000080                Reset_Handler
 .text.Default_Handler
                0x080000d0        0x2 startup_stm32xx.o
                0x080000d0                DebugMon_Handler
                0x080000d0                HardFault_Handler
                0x080000d0                SysTick_Handler
                0x080000d0                PendSV_Handler
                0x080000d0                NMI_Handler
                0x080000d0                UsageFault_Handler
                0x080000d0                Default_Handler
                0x080000d0                MemManage_Handler
                0x080000d0                SVC_Handler
                0x080000d0                BusFault_Handler
 *fill*         0x080000d2        0x2 
 .text.ai_network_create
                0x080000d4       0x1c network.o
                0x080000d4                ai_network_create
 .text.ai_network_inputs_get
                0x080000f0       0x14 network.o
                0x080000f0                ai_network_inputs_get
 .text.ai_network_outputs_get
                0x08000104       0x14 network.o
                0x08000104                ai_network_outputs_get
 .text.ai_network_init
                0x08000118      0x454 network.o
                0x08000118                ai_network_init
 .text.ai_network_create_and_init
                0x0800056c       0x94 network.o
                0x0800056c                ai_network_create_and_init
 .text.ai_network_run
                0x08000600        0x4 network.o
                0x08000600                ai_network_run
 .text.ai_network_data_params_get
                0x08000604       0x30 network_data.o
                0x08000604                ai_network_data_params_get
 .text.aiInit   0x08000634       0x40 stedgeai_app_main.o
                0x08000634                aiInit
 .text.aiRun    0x08000674       0x1c stedgeai_app_main.o
                0x08000674                aiRun
 .text.main_loop
                0x08000690        0xc stedgeai_app_main.o
                0x08000690                main_loop
 .text.SystemInit
                0x0800069c        0x2 stedgeai_app_main.o
                0x0800069c                SystemInit
 .text.startup.main
                0x0800069e        0x6 stedgeai_app_main.o
                0x0800069e                main
 .text.ai_buffer_get_size
                0x080006a4       0x64 /home/docker/STM32Cube/Repository/Packs/STMicroelectronics/X-CUBE-AI/2.2.0/Middlewares/ST/AI/Lib/GCC/ARMCortexM4/NetworkRuntime1020_CM4_GCC.a(ai_platform.o)
                0x080006a4                ai_buffer_get_size
 .text.ai_buffer_array_sane
                0x08000708       0x14 /home/docker/STM32Cube/Repository/Packs/STMicroelectronics/X-CUBE-AI/2.2.0/Middlewares/ST/AI/Lib/GCC/ARMCortexM4/NetworkRuntime1020_CM4_GCC.a(ai_platform.o)
                0x08000708                ai_buffer_array_sane
 .text.ai_buffer_array_item_set_address
                0x0800071c       0x1c /home/docker/STM32Cube/Repository/Packs/STMicroelectronics/X-CUBE-AI/2.2.0/Middlewares/ST/AI/Lib/GCC/ARMCortexM4/NetworkRuntime1020_CM4_GCC.a(ai_platform.o)
                0x0800071c                ai_buffer_array_item_set_address
 .text.ai_platform_get_weights_map
                0x08000738       0xa4 /home/docker/STM32Cube/Repository/Packs/STMicroelectronics/X-CUBE-AI/2.2.0/Middlewares/ST/AI/Lib/GCC/ARMCortexM4/NetworkRuntime1020_CM4_GCC.a(ai_platform_interface.o)
                0x08000738                ai_platform_get_weights_map
 .text.ai_platform_get_activations_map
                0x080007dc       0xa8 /home/docker/STM32Cube/Repository/Packs/STMicroelectronics/X-CUBE-AI/2.2.0/Middlewares/ST/AI/Lib/GCC/ARMCortexM4/NetworkRuntime1020_CM4_GCC.a(ai_platform_interface.o)
                0x080007dc                ai_platform_get_activations_map
 .text.ai_platform_bind_network_params
                0x08000884       0x44 /home/docker/STM32Cube/Repository/Packs/STMicroelectronics/X-CUBE-AI/2.2.0/Middlewares/ST/AI/Lib/GCC/ARMCortexM4/NetworkRuntime1020_CM4_GCC.a(ai_platform_interface.o)
                0x08000884                ai_platform_bind_network_params
 .text.ai_platform_network_get_error
                0x080008c8       0x18 /home/docker/STM32Cube/Repository/Packs/STMicroelectronics/X-CUBE-AI/2.2.0/Middlewares/ST/AI/Lib/GCC/ARMCortexM4/NetworkRuntime1020_CM4_GCC.a(ai_platform_interface.o)
                0x080008c8                ai_platform_network_get_error
 .text.ai_platform_network_set_error
                0x080008e0        0xc /home/docker/STM32Cube/Repository/Packs/STMicroelectronics/X-CUBE-AI/2.2.0/Middlewares/ST/AI/Lib/GCC/ARMCortexM4/NetworkRuntime1020_CM4_GCC.a(ai_platform_interface.o)
                0x080008e0                ai_platform_network_set_error
 .text.ai_platform_inputs_get
                0x080008ec       0xec /home/docker/STM32Cube/Repository/Packs/STMicroelectronics/X-CUBE-AI/2.2.0/Middlewares/ST/AI/Lib/GCC/ARMCortexM4/NetworkRuntime1020_CM4_GCC.a(ai_platform_interface.o)
                0x080008ec                ai_platform_inputs_get
 .text.ai_platform_outputs_get
                0x080009d8       0xe4 /home/docker/STM32Cube/Repository/Packs/STMicroelectronics/X-CUBE-AI/2.2.0/Middlewares/ST/AI/Lib/GCC/ARMCortexM4/NetworkRuntime1020_CM4_GCC.a(ai_platform_interface.o)
                0x080009d8                ai_platform_outputs_get
 .text.ai_platform_network_create
                0x08000abc       0x84 /home/docker/STM32Cube/Repository/Packs/STMicroelectronics/X-CUBE-AI/2.2.0/Middlewares/ST/AI/Lib/GCC/ARMCortexM4/NetworkRuntime1020_CM4_GCC.a(ai_platform_interface.o)
                0x08000abc                ai_platform_network_create
 .text.ai_platform_network_init
                0x08000b40      0x130 /home/docker/STM32Cube/Repository/Packs/STMicroelectronics/X-CUBE-AI/2.2.0/Middlewares/ST/AI/Lib/GCC/ARMCortexM4/NetworkRuntime1020_CM4_GCC.a(ai_platform_interface.o)
                0x08000b40                ai_platform_network_init
 .text.ai_platform_network_post_init
                0x08000c70       0x5c /home/docker/STM32Cube/Repository/Packs/STMicroelectronics/X-CUBE-AI/2.2.0/Middlewares/ST/AI/Lib/GCC/ARMCortexM4/NetworkRuntime1020_CM4_GCC.a(ai_platform_interface.o)
                0x08000c70                ai_platform_network_post_init
 .text.ai_platform_network_process
                0x08000ccc      0x438 /home/docker/STM32Cube/Repository/Packs/STMicroelectronics/X-CUBE-AI/2.2.0/Middlewares/ST/AI/Lib/GCC/ARMCortexM4/NetworkRuntime1020_CM4_GCC.a(ai_platform_interface.o)
                0x08000ccc                ai_platform_network_process
 .text.core_init
                0x08001104        0x4 /home/docker/STM32Cube/Repository/Packs/STMicroelectronics/X-CUBE-AI/2.2.0/Middlewares/ST/AI/Lib/GCC/ARMCortexM4/NetworkRuntime1020_CM4_GCC.a(core_common.o)
                0x08001104                core_init
 .text.core_get_error
                0x08001108        0xc /home/docker/STM32Cube/Repository/Packs/STMicroelectronics/X-CUBE-AI/2.2.0/Middlewares/ST/AI/Lib/GCC/ARMCortexM4/NetworkRuntime1020_CM4_GCC.a(core_common.o)
                0x08001108                core_get_error
 .text.core_set_error
                0x08001114       0x18 /home/docker/STM32Cube/Repository/Packs/STMicroelectronics/X-CUBE-AI/2.2.0/Middlewares/ST/AI/Lib/GCC/ARMCortexM4/NetworkRuntime1020_CM4_GCC.a(core_common.o)
                0x08001114                core_set_error
 .text.ai_check_custom_types
                0x0800112c       0x54 /home/docker/STM32Cube/Repository/Packs/STMicroelectronics/X-CUBE-AI/2.2.0/Middlewares/ST/AI/Lib/GCC/ARMCortexM4/NetworkRuntime1020_CM4_GCC.a(layers.o)
                0x0800112c                ai_check_custom_types
 .text.ai_layers_init_all
                0x08001180       0x20 /home/docker/STM32Cube/Repository/Packs/STMicroelectronics/X-CUBE-AI/2.2.0/Middlewares/ST/AI/Lib/GCC/ARMCortexM4/NetworkRuntime1020_CM4_GCC.a(layers.o)
                0x08001180                ai_layers_init_all
 .text.ai_layers_post_init_all
                0x080011a0       0x3c /home/docker/STM32Cube/Repository/Packs/STMicroelectronics/X-CUBE-AI/2.2.0/Middlewares/ST/AI/Lib/GCC/ARMCortexM4/NetworkRuntime1020_CM4_GCC.a(layers.o)
                0x080011a0                ai_layers_post_init_all
 .text.ai_layers_forward_all
                0x080011dc       0x90 /home/docker/STM32Cube/Repository/Packs/STMicroelectronics/X-CUBE-AI/2.2.0/Middlewares/ST/AI/Lib/GCC/ARMCortexM4/NetworkRuntime1020_CM4_GCC.a(layers.o)
                0x080011dc                ai_layers_forward_all
 .text.forward_conv2d_if32of32wf32
                0x0800126c      0x1c4 /home/docker/STM32Cube/Repository/Packs/STMicroelectronics/X-CUBE-AI/2.2.0/Middlewares/ST/AI/Lib/GCC/ARMCortexM4/NetworkRuntime1020_CM4_GCC.a(layers_conv2d_generic_float.o)
                0x0800126c                forward_conv2d_if32of32wf32
 .text.forward_conv2d_if32of32wf32_nl_pool
                0x08001430      0x2d4 /home/docker/STM32Cube/Repository/Packs/STMicroelectronics/X-CUBE-AI/2.2.0/Middlewares/ST/AI/Lib/GCC/ARMCortexM4/NetworkRuntime1020_CM4_GCC.a(layers_conv2d_generic_float.o)
                0x08001430                forward_conv2d_if32of32wf32_nl_pool
 .text.forward_dense
                0x08001704      0x100 /home/docker/STM32Cube/Repository/Packs/STMicroelectronics/X-CUBE-AI/2.2.0/Middlewares/ST/AI/Lib/GCC/ARMCortexM4/NetworkRuntime1020_CM4_GCC.a(layers_conv2d_generic_float.o)
                0x08001704                forward_dense
 .text.forward_concat
                0x08001804      0x6a0 /home/docker/STM32Cube/Repository/Packs/STMicroelectronics/X-CUBE-AI/2.2.0/Middlewares/ST/AI/Lib/GCC/ARMCortexM4/NetworkRuntime1020_CM4_GCC.a(layers_generic_float.o)
                0x08001804                forward_concat
 .text.forward_relu
                0x08001ea4      0x134 /home/docker/STM32Cube/Repository/Packs/STMicroelectronics/X-CUBE-AI/2.2.0/Middlewares/ST/AI/Lib/GCC/ARMCortexM4/NetworkRuntime1020_CM4_GCC.a(layers_nl_generic_float.o)
                0x08001ea4                forward_relu
 .text.forward_sm
                0x08001fd8       0x84 /home/docker/STM32Cube/Repository/Packs/STMicroelectronics/X-CUBE-AI/2.2.0/Middlewares/ST/AI/Lib/GCC/ARMCortexM4/NetworkRuntime1020_CM4_GCC.a(layers_nl_generic_float.o)
                0x08001fd8                forward_sm
 .text.forward_mp
                0x0800205c      0x1b8 /home/docker/STM32Cube/Repository/Packs/STMicroelectronics/X-CUBE-AI/2.2.0/Middlewares/ST/AI/Lib/GCC/ARMCortexM4/NetworkRuntime1020_CM4_GCC.a(layers_pool_generic_float.o)
                0x0800205c                forward_mp
 .text.forward_ap
                0x08002214      0x228 /home/docker/STM32Cube/Repository/Packs/STMicroelectronics/X-CUBE-AI/2.2.0/Middlewares/ST/AI/Lib/GCC/ARMCortexM4/NetworkRuntime1020_CM4_GCC.a(layers_pool_generic_float.o)
                0x08002214                forward_ap
 .text.forward_lite_conv2d_if32of32wf32
                0x0800243c      0x5a8 /home/docker/STM32Cube/Repository/Packs/STMicroelectronics/X-CUBE-AI/2.2.0/Middlewares/ST/AI/Lib/GCC/ARMCortexM4/NetworkRuntime1020_CM4_GCC.a(forward_lite_conv2d_if32of32wf32.o)
                0x0800243c                forward_lite_conv2d_if32of32wf32
 .text.forward_lite_conv2d_if32of32wf32_pool
                0x080029e4      0x830 /home/docker/STM32Cube/Repository/Packs/STMicroelectronics/X-CUBE-AI/2.2.0/Middlewares/ST/AI/Lib/GCC/ARMCortexM4/NetworkRuntime1020_CM4_GCC.a(forward_lite_conv2d_if32of32wf32.o)
                0x080029e4                forward_lite_conv2d_if32of32wf32_pool
 .text.forward_lite_nl_softmax_if32of32_kernel
                0x08003214       0xf0 /home/docker/STM32Cube/Repository/Packs/STMicroelectronics/X-CUBE-AI/2.2.0/Middlewares/ST/AI/Lib/GCC/ARMCortexM4/NetworkRuntime1020_CM4_GCC.a(lite_nl_softmax_if32of32.o)
                0x08003214                forward_lite_nl_softmax_if32of32_kernel
 .text.forward_lite_nl_relu_generic_if32of32_kernel
                0x08003304       0xf0 /home/docker/STM32Cube/Repository/Packs/STMicroelectronics/X-CUBE-AI/2.2.0/Middlewares/ST/AI/Lib/GCC/ARMCortexM4/NetworkRuntime1020_CM4_GCC.a(lite_nl_relu_if32of32.o)
                0x08003304                forward_lite_nl_relu_generic_if32of32_kernel
 .text.pool_func_mp_array_f32
                0x080033f4      0x468 /home/docker/STM32Cube/Repository/Packs/STMicroelectronics/X-CUBE-AI/2.2.0/Middlewares/ST/AI/Lib/GCC/ARMCortexM4/NetworkRuntime1020_CM4_GCC.a(forward_lite_pool_f32.o)
                0x080033f4                pool_func_mp_array_f32
 .text.lite_decompress_ilutof32
                0x0800385c       0xac /home/docker/STM32Cube/Repository/Packs/STMicroelectronics/X-CUBE-AI/2.2.0/Middlewares/ST/AI/Lib/GCC/ARMCortexM4/NetworkRuntime1020_CM4_GCC.a(lite_dense_if32.o)
                0x0800385c                lite_decompress_ilutof32
 .text.forward_lite_dense_if32of32wf32
                0x08003908      0x2ac /home/docker/STM32Cube/Repository/Packs/STMicroelectronics/X-CUBE-AI/2.2.0/Middlewares/ST/AI/Lib/GCC/ARMCortexM4/NetworkRuntime1020_CM4_GCC.a(lite_dense_if32.o)
                0x08003908                forward_lite_dense_if32of32wf32
 .text.forward_lite_dense_if32of32wf32_lut4
                0x08003bb4      0x288 /home/docker/STM32Cube/Repository/Packs/STMicroelectronics/X-CUBE-AI/2.2.0/Middlewares/ST/AI/Lib/GCC/ARMCortexM4/NetworkRuntime1020_CM4_GCC.a(lite_dense_if32.o)
                0x08003bb4                forward_lite_dense_if32of32wf32_lut4
 .text.forward_lite_dense_if32of32wf32_lut8
                0x08003e3c      0x298 /home/docker/STM32Cube/Repository/Packs/STMicroelectronics/X-CUBE-AI/2.2.0/Middlewares/ST/AI/Lib/GCC/ARMCortexM4/NetworkRuntime1020_CM4_GCC.a(lite_dense_if32.o)
                0x08003e3c                forward_lite_dense_if32of32wf32_lut8
 .text.forward_lite_nl_relu_if32of32
                0x080040d4       0x44 /home/docker/STM32Cube/Repository/Packs/STMicroelectronics/X-CUBE-AI/2.2.0/Middlewares/ST/AI/Lib/GCC/ARMCortexM4/NetworkRuntime1020_CM4_GCC.a(lite_nl_generic_float.o)
                0x080040d4                forward_lite_nl_relu_if32of32
 .text.forward_lite_nl_softmax_if32of32
                0x08004118       0x64 /home/docker/STM32Cube/Repository/Packs/STMicroelectronics/X-CUBE-AI/2.2.0/Middlewares/ST/AI/Lib/GCC/ARMCortexM4/NetworkRuntime1020_CM4_GCC.a(lite_nl_generic_float.o)
                0x08004118                forward_lite_nl_softmax_if32of32
 .text.st_int8_copy
                0x0800417c      0x13c /home/docker/STM32Cube/Repository/Packs/STMicroelectronics/X-CUBE-AI/2.2.0/Middlewares/ST/AI/Lib/GCC/ARMCortexM4/NetworkRuntime1020_CM4_GCC.a(st_int8_fill.o)
                0x0800417c                st_int8_copy
 .text.ai_array_to_buffer_fmt
                0x080042b8       0xe0 /home/docker/STM32Cube/Repository/Packs/STMicroelectronics/X-CUBE-AI/2.2.0/Middlewares/ST/AI/Lib/GCC/ARMCortexM4/NetworkRuntime1020_CM4_GCC.a(ai_datatypes_format.o)
                0x080042b8                ai_array_to_buffer_fmt
 .text.ai_array_get_byte_size
                0x08004398       0x3c /home/docker/STM32Cube/Repository/Packs/STMicroelectronics/X-CUBE-AI/2.2.0/Middlewares/ST/AI/Lib/GCC/ARMCortexM4/NetworkRuntime1020_CM4_GCC.a(ai_datatypes_format.o)
                0x08004398                ai_array_get_byte_size
 .text.ai_array_get_data_byte_size
                0x080043d4       0x24 /home/docker/STM32Cube/Repository/Packs/STMicroelectronics/X-CUBE-AI/2.2.0/Middlewares/ST/AI/Lib/GCC/ARMCortexM4/NetworkRuntime1020_CM4_GCC.a(ai_datatypes_format.o)
                0x080043d4                ai_array_get_data_byte_size
 .text.ai_version_get
                0x080043f8        0xc /home/docker/STM32Cube/Repository/Packs/STMicroelectronics/X-CUBE-AI/2.2.0/Middlewares/ST/AI/Lib/GCC/ARMCortexM4/NetworkRuntime1020_CM4_GCC.a(ai_datatypes_internal.o)
                0x080043f8                ai_version_get
 .text.get_tensor_byte_size
                0x08004404       0x30 /home/docker/STM32Cube/Repository/Packs/STMicroelectronics/X-CUBE-AI/2.2.0/Middlewares/ST/AI/Lib/GCC/ARMCortexM4/NetworkRuntime1020_CM4_GCC.a(ai_datatypes_internal.o)
                0x08004404                get_tensor_byte_size
 .text.__errno  0x08004434        0xc /opt/st/stm32cubeide_1.18.0/plugins/com.st.stm32cube.ide.mcu.externaltools.gnu-tools-for-stm32.13.3.rel1.linux64_1.0.0.202410170706/tools/bin/../lib/gcc/arm-none-eabi/13.3.1/../../../../arm-none-eabi/lib/thumb/v7e-m+fp/hard/libc_nano.a(libc_a-errno.o)
                0x08004434                __errno
 .text.__libc_init_array
                0x08004440       0x48 /opt/st/stm32cubeide_1.18.0/plugins/com.st.stm32cube.ide.mcu.externaltools.gnu-tools-for-stm32.13.3.rel1.linux64_1.0.0.202410170706/tools/bin/../lib/gcc/arm-none-eabi/13.3.1/../../../../arm-none-eabi/lib/thumb/v7e-m+fp/hard/libc_nano.a(libc_a-init.o)
                0x08004440                __libc_init_array
 .text.expf     0x08004488       0x6c /opt/st/stm32cubeide_1.18.0/plugins/com.st.stm32cube.ide.mcu.externaltools.gnu-tools-for-stm32.13.3.rel1.linux64_1.0.0.202410170706/tools/bin/../lib/gcc/arm-none-eabi/13.3.1/../../../../arm-none-eabi/lib/thumb/v7e-m+fp/hard/libm.a(libm_a-wf_exp.o)
                0x08004488                expf
 .text.finitef  0x080044f4       0x14 /opt/st/stm32cubeide_1.18.0/plugins/com.st.stm32cube.ide.mcu.externaltools.gnu-tools-for-stm32.13.3.rel1.linux64_1.0.0.202410170706/tools/bin/../lib/gcc/arm-none-eabi/13.3.1/../../../../arm-none-eabi/lib/thumb/v7e-m+fp/hard/libm.a(libm_a-sf_finite.o)
                0x080044f4                finitef
 .text.with_errnof
                0x08004508       0x1c /opt/st/stm32cubeide_1.18.0/plugins/com.st.stm32cube.ide.mcu.externaltools.gnu-tools-for-stm32.13.3.rel1.linux64_1.0.0.202410170706/tools/bin/../lib/gcc/arm-none-eabi/13.3.1/../../../../arm-none-eabi/lib/thumb/v7e-m+fp/hard/libm.a(libm_a-math_errf.o)
 .text.xflowf   0x08004524       0x16 /opt/st/stm32cubeide_1.18.0/plugins/com.st.stm32cube.ide.mcu.externaltools.gnu-tools-for-stm32.13.3.rel1.linux64_1.0.0.202410170706/tools/bin/../lib/gcc/arm-none-eabi/13.3.1/../../../../arm-none-eabi/lib/thumb/v7e-m+fp/hard/libm.a(libm_a-math_errf.o)
 *fill*         0x0800453a        0x2 
 .text.__math_uflowf
                0x0800453c        0xc /opt/st/stm32cubeide_1.18.0/plugins/com.st.stm32cube.ide.mcu.externaltools.gnu-tools-for-stm32.13.3.rel1.linux64_1.0.0.202410170706/tools/bin/../lib/gcc/arm-none-eabi/13.3.1/../../../../arm-none-eabi/lib/thumb/v7e-m+fp/hard/libm.a(libm_a-math_errf.o)
                0x0800453c                __math_uflowf
 .text.__math_oflowf
                0x08004548        0xc /opt/st/stm32cubeide_1.18.0/plugins/com.st.stm32cube.ide.mcu.externaltools.gnu-tools-for-stm32.13.3.rel1.linux64_1.0.0.202410170706/tools/bin/../lib/gcc/arm-none-eabi/13.3.1/../../../../arm-none-eabi/lib/thumb/v7e-m+fp/hard/libm.a(libm_a-math_errf.o)
                0x08004548                __math_oflowf
 .text.__ieee754_expf
                0x08004554      0x19c /opt/st/stm32cubeide_1.18.0/plugins/com.st.stm32cube.ide.mcu.externaltools.gnu-tools-for-stm32.13.3.rel1.linux64_1.0.0.202410170706/tools/bin/../lib/gcc/arm-none-eabi/13.3.1/../../../../arm-none-eabi/lib/thumb/v7e-m+fp/hard/libm.a(libm_a-ef_exp.o)
                0x08004554                __ieee754_expf
 *(.glue_7)
 .glue_7        0x080046f0        0x0 linker stubs
 *(.glue_7t)
 .glue_7t       0x080046f0        0x0 linker stubs
 *(.eh_frame)
 .eh_frame      0x080046f0        0x0 /opt/st/stm32cubeide_1.18.0/plugins/com.st.stm32cube.ide.mcu.externaltools.gnu-tools-for-stm32.13.3.rel1.linux64_1.0.0.202410170706/tools/bin/../lib/gcc/arm-none-eabi/13.3.1/thumb/v7e-m+fp/hard/crtbegin.o
 *(.init)
 .init          0x080046f0        0x4 /opt/st/stm32cubeide_1.18.0/plugins/com.st.stm32cube.ide.mcu.externaltools.gnu-tools-for-stm32.13.3.rel1.linux64_1.0.0.202410170706/tools/bin/../lib/gcc/arm-none-eabi/13.3.1/thumb/v7e-m+fp/hard/crti.o
                0x080046f0                _init
 .init          0x080046f4        0x8 /opt/st/stm32cubeide_1.18.0/plugins/com.st.stm32cube.ide.mcu.externaltools.gnu-tools-for-stm32.13.3.rel1.linux64_1.0.0.202410170706/tools/bin/../lib/gcc/arm-none-eabi/13.3.1/thumb/v7e-m+fp/hard/crtn.o
 *(.fini)
 .fini          0x080046fc        0x4 /opt/st/stm32cubeide_1.18.0/plugins/com.st.stm32cube.ide.mcu.externaltools.gnu-tools-for-stm32.13.3.rel1.linux64_1.0.0.202410170706/tools/bin/../lib/gcc/arm-none-eabi/13.3.1/thumb/v7e-m+fp/hard/crti.o
                0x080046fc                _fini
 .fini          0x08004700        0x8 /opt/st/stm32cubeide_1.18.0/plugins/com.st.stm32cube.ide.mcu.externaltools.gnu-tools-for-stm32.13.3.rel1.linux64_1.0.0.202410170706/tools/bin/../lib/gcc/arm-none-eabi/13.3.1/thumb/v7e-m+fp/hard/crtn.o
                0x08004708                        . = ALIGN (0x4)
                0x08004708                        _etext = .

.vfp11_veneer   0x08004708        0x0
 .vfp11_veneer  0x08004708        0x0 linker stubs

.v4_bx          0x08004708        0x0
 .v4_bx         0x08004708        0x0 linker stubs

.iplt           0x08004708        0x0
 .iplt          0x08004708        0x0 /opt/st/stm32cubeide_1.18.0/plugins/com.st.stm32cube.ide.mcu.externaltools.gnu-tools-for-stm32.13.3.rel1.linux64_1.0.0.202410170706/tools/bin/../lib/gcc/arm-none-eabi/13.3.1/thumb/v7e-m+fp/hard/crtbegin.o

.rodata         0x08004720    0x133a0
                0x08004720                        . = ALIGN (0x4)
 *(.rodata)
 .rodata        0x08004720       0x10 network_data.o
 *(.rodata*)
 .rodata.conv2d_0_chain
                0x08004730        0x8 network.o
 .rodata.conv2d_2_chain
                0x08004738        0x8 network.o
 .rodata.nl_2_nl_chain
                0x08004740        0x8 network.o
 .rodata.conv2d_4_chain
                0x08004748        0x8 network.o
 .rodata.nl_4_nl_chain
                0x08004750        0x8 network.o
 .rodata.conv2d_3_chain
                0x08004758        0x8 network.o
 .rodata.nl_3_nl_chain
                0x08004760        0x8 network.o
 .rodata.concat_5_chain
                0x08004768        0x8 network.o
 .rodata.conv2d_6_chain
                0x08004770        0x8 network.o
 .rodata.nl_6_nl_chain
                0x08004778        0x8 network.o
 .rodata.conv2d_8_chain
                0x08004780        0x8 network.o
 .rodata.nl_8_nl_chain
                0x08004788        0x8 network.o
 .rodata.conv2d_7_chain
                0x08004790        0x8 network.o
 .rodata.nl_7_nl_chain
                0x08004798        0x8 network.o
 .rodata.concat_9_chain
                0x080047a0        0x8 network.o
 .rodata.pool_10_chain
                0x080047a8        0x8 network.o
 .rodata.conv2d_11_chain
                0x080047b0        0x8 network.o
 .rodata.nl_11_nl_chain
                0x080047b8        0x8 network.o
 .rodata.conv2d_13_chain
                0x080047c0        0x8 network.o
 .rodata.nl_13_nl_chain
                0x080047c8        0x8 network.o
 .rodata.conv2d_12_chain
                0x080047d0        0x8 network.o
 .rodata.nl_12_nl_chain
                0x080047d8        0x8 network.o
 .rodata.concat_14_chain
                0x080047e0        0x8 network.o
 .rodata.pool_15_chain
                0x080047e8        0x8 network.o
 .rodata.gemm_16_chain
                0x080047f0        0x8 network.o
 .rodata.nl_17_chain
                0x080047f8        0x8 network.o
 .rodata.s_network_weights_array_u64
                0x08004800    0x132a8 network_data_params.o
                0x08004800                s_network_weights_array_u64
 .rodata.ln2LO  0x08017aa8        0x8 /opt/st/stm32cubeide_1.18.0/plugins/com.st.stm32cube.ide.mcu.externaltools.gnu-tools-for-stm32.13.3.rel1.linux64_1.0.0.202410170706/tools/bin/../lib/gcc/arm-none-eabi/13.3.1/../../../../arm-none-eabi/lib/thumb/v7e-m+fp/hard/libm.a(libm_a-ef_exp.o)
 .rodata.ln2HI  0x08017ab0        0x8 /opt/st/stm32cubeide_1.18.0/plugins/com.st.stm32cube.ide.mcu.externaltools.gnu-tools-for-stm32.13.3.rel1.linux64_1.0.0.202410170706/tools/bin/../lib/gcc/arm-none-eabi/13.3.1/../../../../arm-none-eabi/lib/thumb/v7e-m+fp/hard/libm.a(libm_a-ef_exp.o)
 .rodata.halF   0x08017ab8        0x8 /opt/st/stm32cubeide_1.18.0/plugins/com.st.stm32cube.ide.mcu.externaltools.gnu-tools-for-stm32.13.3.rel1.linux64_1.0.0.202410170706/tools/bin/../lib/gcc/arm-none-eabi/13.3.1/../../../../arm-none-eabi/lib/thumb/v7e-m+fp/hard/libm.a(libm_a-ef_exp.o)
                0x08017ac0                        . = ALIGN (0x4)

.rel.dyn        0x08017ac0        0x0
 .rel.iplt      0x08017ac0        0x0 /opt/st/stm32cubeide_1.18.0/plugins/com.st.stm32cube.ide.mcu.externaltools.gnu-tools-for-stm32.13.3.rel1.linux64_1.0.0.202410170706/tools/bin/../lib/gcc/arm-none-eabi/13.3.1/thumb/v7e-m+fp/hard/crtbegin.o

.ARM.extab      0x08017ac0        0x0
                0x08017ac0                        . = ALIGN (0x4)
 *(.ARM.extab* .gnu.linkonce.armextab.*)
                0x08017ac0                        . = ALIGN (0x4)

.ARM            0x08017ac0        0x0
                0x08017ac0                        . = ALIGN (0x4)
                0x08017ac0                        __exidx_start = .
 *(.ARM.exidx*)
                0x08017ac0                        __exidx_end = .
                0x08017ac0                        . = ALIGN (0x4)

.preinit_array  0x08017ac0        0x0
                0x08017ac0                        . = ALIGN (0x4)
                0x08017ac0                        PROVIDE (__preinit_array_start = .)
 *(.preinit_array*)
                0x08017ac0                        PROVIDE (__preinit_array_end = .)
                0x08017ac0                        . = ALIGN (0x4)

.init_array     0x08017ac0        0x4
                0x08017ac0                        . = ALIGN (0x4)
                0x08017ac0                        PROVIDE (__init_array_start = .)
 *(SORT_BY_NAME(.init_array.*))
 *(.init_array*)
 .init_array    0x08017ac0        0x4 /opt/st/stm32cubeide_1.18.0/plugins/com.st.stm32cube.ide.mcu.externaltools.gnu-tools-for-stm32.13.3.rel1.linux64_1.0.0.202410170706/tools/bin/../lib/gcc/arm-none-eabi/13.3.1/thumb/v7e-m+fp/hard/crtbegin.o
                0x08017ac4                        PROVIDE (__init_array_end = .)
                0x08017ac4                        . = ALIGN (0x4)

.fini_array     0x08017ac4        0x4
                0x08017ac4                        . = ALIGN (0x4)
                [!provide]                        PROVIDE (__fini_array_start = .)
 *(SORT_BY_NAME(.fini_array.*))
 *(.fini_array*)
 .fini_array    0x08017ac4        0x4 /opt/st/stm32cubeide_1.18.0/plugins/com.st.stm32cube.ide.mcu.externaltools.gnu-tools-for-stm32.13.3.rel1.linux64_1.0.0.202410170706/tools/bin/../lib/gcc/arm-none-eabi/13.3.1/thumb/v7e-m+fp/hard/crtbegin.o
                [!provide]                        PROVIDE (__fini_array_end = .)
                0x08017ac8                        . = ALIGN (0x4)
                0x08017ac8                        _sidata = LOADADDR (.data)

.data           0x20000000     0x1f14 load address 0x08017ac8
                0x20000000                        . = ALIGN (0x4)
                0x20000000                        _sdata = .
 *(.data)
 *(.data*)
 .data.g_network
                0x20000000       0x4c network.o
 .data.__compound_literal.277
                0x2000004c       0x18 network.o
 .data.__compound_literal.276
                0x20000064        0xc network.o
 .data.__compound_literal.272
                0x20000070        0x4 network.o
 .data.__compound_literal.271
                0x20000074        0xc network.o
 .data.__compound_literal.267
                0x20000080        0x4 network.o
 .data.__compound_literal.266
                0x20000084       0x1c network.o
 .data.__compound_literal.265
                0x200000a0       0x10 network.o
 .data.__compound_literal.264
                0x200000b0       0x1c network.o
 .data.__compound_literal.263
                0x200000cc       0x10 network.o
 .data.conv2d_0_layer
                0x200000dc       0x60 network.o
 .data.__compound_literal.261
                0x2000013c       0x10 network.o
 .data.__compound_literal.260
                0x2000014c       0x30 network.o
 .data.__compound_literal.259
                0x2000017c        0x8 network.o
 .data.__compound_literal.258
                0x20000184        0xc network.o
 .data.__compound_literal.257
                0x20000190        0x4 network.o
 .data.__compound_literal.256
                0x20000194        0x4 network.o
 .data.conv2d_2_layer
                0x20000198       0x44 network.o
 .data.__compound_literal.254
                0x200001dc       0x30 network.o
 .data.__compound_literal.253
                0x2000020c        0x8 network.o
 .data.__compound_literal.252
                0x20000214        0xc network.o
 .data.__compound_literal.251
                0x20000220        0x4 network.o
 .data.__compound_literal.250
                0x20000224        0x4 network.o
 .data.nl_2_nl_layer
                0x20000228       0x20 network.o
 .data.__compound_literal.249
                0x20000248       0x30 network.o
 .data.__compound_literal.246
                0x20000278        0x4 network.o
 .data.__compound_literal.245
                0x2000027c        0x4 network.o
 .data.conv2d_4_layer
                0x20000280       0x44 network.o
 .data.__compound_literal.244
                0x200002c4       0x10 network.o
 .data.__compound_literal.243
                0x200002d4       0x30 network.o
 .data.__compound_literal.242
                0x20000304        0x8 network.o
 .data.__compound_literal.241
                0x2000030c        0xc network.o
 .data.__compound_literal.240
                0x20000318        0x4 network.o
 .data.__compound_literal.239
                0x2000031c        0x4 network.o
 .data.nl_4_nl_layer
                0x20000320       0x20 network.o
 .data.__compound_literal.238
                0x20000340       0x30 network.o
 .data.__compound_literal.235
                0x20000370        0x4 network.o
 .data.__compound_literal.234
                0x20000374        0x4 network.o
 .data.conv2d_3_layer
                0x20000378       0x44 network.o
 .data.__compound_literal.232
                0x200003bc       0x30 network.o
 .data.__compound_literal.231
                0x200003ec        0x8 network.o
 .data.__compound_literal.230
                0x200003f4        0xc network.o
 .data.__compound_literal.229
                0x20000400        0x4 network.o
 .data.__compound_literal.228
                0x20000404        0x4 network.o
 .data.nl_3_nl_layer
                0x20000408       0x20 network.o
 .data.__compound_literal.227
                0x20000428       0x30 network.o
 .data.__compound_literal.224
                0x20000458        0x4 network.o
 .data.__compound_literal.223
                0x2000045c        0x4 network.o
 .data.concat_5_layer
                0x20000460       0x20 network.o
 .data.__compound_literal.222
                0x20000480       0x30 network.o
 .data.__compound_literal.219
                0x200004b0        0x4 network.o
 .data.__compound_literal.218
                0x200004b4        0x8 network.o
 .data.conv2d_6_layer
                0x200004bc       0x44 network.o
 .data.__compound_literal.216
                0x20000500       0x30 network.o
 .data.__compound_literal.215
                0x20000530        0x8 network.o
 .data.__compound_literal.214
                0x20000538        0xc network.o
 .data.__compound_literal.213
                0x20000544        0x4 network.o
 .data.__compound_literal.212
                0x20000548        0x4 network.o
 .data.nl_6_nl_layer
                0x2000054c       0x20 network.o
 .data.__compound_literal.211
                0x2000056c       0x30 network.o
 .data.__compound_literal.208
                0x2000059c        0x4 network.o
 .data.__compound_literal.207
                0x200005a0        0x4 network.o
 .data.conv2d_8_layer
                0x200005a4       0x44 network.o
 .data.__compound_literal.206
                0x200005e8       0x10 network.o
 .data.__compound_literal.205
                0x200005f8       0x30 network.o
 .data.__compound_literal.204
                0x20000628        0x8 network.o
 .data.__compound_literal.203
                0x20000630        0xc network.o
 .data.__compound_literal.202
                0x2000063c        0x4 network.o
 .data.__compound_literal.201
                0x20000640        0x4 network.o
 .data.nl_8_nl_layer
                0x20000644       0x20 network.o
 .data.__compound_literal.200
                0x20000664       0x30 network.o
 .data.__compound_literal.197
                0x20000694        0x4 network.o
 .data.__compound_literal.196
                0x20000698        0x4 network.o
 .data.conv2d_7_layer
                0x2000069c       0x44 network.o
 .data.__compound_literal.194
                0x200006e0       0x30 network.o
 .data.__compound_literal.193
                0x20000710        0x8 network.o
 .data.__compound_literal.192
                0x20000718        0xc network.o
 .data.__compound_literal.191
                0x20000724        0x4 network.o
 .data.__compound_literal.190
                0x20000728        0x4 network.o
 .data.nl_7_nl_layer
                0x2000072c       0x20 network.o
 .data.__compound_literal.189
                0x2000074c       0x30 network.o
 .data.__compound_literal.186
                0x2000077c        0x4 network.o
 .data.__compound_literal.185
                0x20000780        0x4 network.o
 .data.concat_9_layer
                0x20000784       0x20 network.o
 .data.__compound_literal.184
                0x200007a4       0x30 network.o
 .data.__compound_literal.181
                0x200007d4        0x4 network.o
 .data.__compound_literal.180
                0x200007d8        0x8 network.o
 .data.pool_10_layer
                0x200007e0       0x38 network.o
 .data.__compound_literal.178
                0x20000818       0x30 network.o
 .data.__compound_literal.175
                0x20000848        0x4 network.o
 .data.__compound_literal.174
                0x2000084c        0x4 network.o
 .data.conv2d_11_layer
                0x20000850       0x44 network.o
 .data.__compound_literal.172
                0x20000894       0x30 network.o
 .data.__compound_literal.171
                0x200008c4        0x8 network.o
 .data.__compound_literal.170
                0x200008cc        0xc network.o
 .data.__compound_literal.169
                0x200008d8        0x4 network.o
 .data.__compound_literal.168
                0x200008dc        0x4 network.o
 .data.nl_11_nl_layer
                0x200008e0       0x20 network.o
 .data.__compound_literal.167
                0x20000900       0x30 network.o
 .data.__compound_literal.164
                0x20000930        0x4 network.o
 .data.__compound_literal.163
                0x20000934        0x4 network.o
 .data.conv2d_13_layer
                0x20000938       0x44 network.o
 .data.__compound_literal.162
                0x2000097c       0x10 network.o
 .data.__compound_literal.161
                0x2000098c       0x30 network.o
 .data.__compound_literal.160
                0x200009bc        0x8 network.o
 .data.__compound_literal.159
                0x200009c4        0xc network.o
 .data.__compound_literal.158
                0x200009d0        0x4 network.o
 .data.__compound_literal.157
                0x200009d4        0x4 network.o
 .data.nl_13_nl_layer
                0x200009d8       0x20 network.o
 .data.__compound_literal.156
                0x200009f8       0x30 network.o
 .data.__compound_literal.153
                0x20000a28        0x4 network.o
 .data.__compound_literal.152
                0x20000a2c        0x4 network.o
 .data.conv2d_12_layer
                0x20000a30       0x44 network.o
 .data.__compound_literal.150
                0x20000a74       0x30 network.o
 .data.__compound_literal.149
                0x20000aa4        0x8 network.o
 .data.__compound_literal.148
                0x20000aac        0xc network.o
 .data.__compound_literal.147
                0x20000ab8        0x4 network.o
 .data.__compound_literal.146
                0x20000abc        0x4 network.o
 .data.nl_12_nl_layer
                0x20000ac0       0x20 network.o
 .data.__compound_literal.145
                0x20000ae0       0x30 network.o
 .data.__compound_literal.142
                0x20000b10        0x4 network.o
 .data.__compound_literal.141
                0x20000b14        0x4 network.o
 .data.concat_14_layer
                0x20000b18       0x20 network.o
 .data.__compound_literal.140
                0x20000b38       0x30 network.o
 .data.__compound_literal.137
                0x20000b68        0x4 network.o
 .data.__compound_literal.136
                0x20000b6c        0x8 network.o
 .data.pool_15_layer
                0x20000b74       0x38 network.o
 .data.__compound_literal.134
                0x20000bac       0x30 network.o
 .data.__compound_literal.131
                0x20000bdc        0x4 network.o
 .data.__compound_literal.130
                0x20000be0        0x4 network.o
 .data.gemm_16_layer
                0x20000be4       0x1c network.o
 .data.__compound_literal.129
                0x20000c00       0x30 network.o
 .data.__compound_literal.127
                0x20000c30        0x8 network.o
 .data.__compound_literal.126
                0x20000c38        0x4 network.o
 .data.__compound_literal.125
                0x20000c3c        0x4 network.o
 .data.nl_17_layer
                0x20000c40       0x24 network.o
 .data.__compound_literal.124
                0x20000c64       0x30 network.o
 .data.__compound_literal.121
                0x20000c94        0x4 network.o
 .data.__compound_literal.120
                0x20000c98        0x4 network.o
 .data.serving_default_keras_tensor0_output
                0x20000c9c       0x1c network.o
 .data.__compound_literal.119
                0x20000cb8       0x10 network.o
 .data.__compound_literal.118
                0x20000cc8       0x10 network.o
 .data.pool_15_output
                0x20000cd8       0x1c network.o
 .data.__compound_literal.117
                0x20000cf4       0x10 network.o
 .data.__compound_literal.116
                0x20000d04       0x10 network.o
 .data.pool_10_output
                0x20000d14       0x1c network.o
 .data.__compound_literal.115
                0x20000d30       0x10 network.o
 .data.__compound_literal.114
                0x20000d40       0x10 network.o
 .data.nl_8_nl_output
                0x20000d50       0x1c network.o
 .data.__compound_literal.113
                0x20000d6c       0x10 network.o
 .data.__compound_literal.112
                0x20000d7c       0x10 network.o
 .data.nl_7_nl_output
                0x20000d8c       0x1c network.o
 .data.__compound_literal.111
                0x20000da8       0x10 network.o
 .data.__compound_literal.110
                0x20000db8       0x10 network.o
 .data.nl_6_nl_output
                0x20000dc8       0x1c network.o
 .data.__compound_literal.109
                0x20000de4       0x10 network.o
 .data.__compound_literal.108
                0x20000df4       0x10 network.o
 .data.nl_4_nl_output
                0x20000e04       0x1c network.o
 .data.__compound_literal.107
                0x20000e20       0x10 network.o
 .data.__compound_literal.106
                0x20000e30       0x10 network.o
 .data.nl_3_nl_output
                0x20000e40       0x1c network.o
 .data.__compound_literal.105
                0x20000e5c       0x10 network.o
 .data.__compound_literal.104
                0x20000e6c       0x10 network.o
 .data.nl_2_nl_output
                0x20000e7c       0x1c network.o
 .data.__compound_literal.103
                0x20000e98       0x10 network.o
 .data.__compound_literal.102
                0x20000ea8       0x10 network.o
 .data.nl_17_output
                0x20000eb8       0x1c network.o
 .data.__compound_literal.101
                0x20000ed4       0x10 network.o
 .data.__compound_literal.100
                0x20000ee4       0x10 network.o
 .data.nl_13_nl_output
                0x20000ef4       0x1c network.o
 .data.__compound_literal.99
                0x20000f10       0x10 network.o
 .data.__compound_literal.98
                0x20000f20       0x10 network.o
 .data.nl_12_nl_output
                0x20000f30       0x1c network.o
 .data.__compound_literal.97
                0x20000f4c       0x10 network.o
 .data.__compound_literal.96
                0x20000f5c       0x10 network.o
 .data.nl_11_nl_output
                0x20000f6c       0x1c network.o
 .data.__compound_literal.95
                0x20000f88       0x10 network.o
 .data.__compound_literal.94
                0x20000f98       0x10 network.o
 .data.gemm_16_weights
                0x20000fa8       0x1c network.o
 .data.__compound_literal.93
                0x20000fc4       0x10 network.o
 .data.__compound_literal.92
                0x20000fd4       0x10 network.o
 .data.gemm_16_output
                0x20000fe4       0x1c network.o
 .data.__compound_literal.91
                0x20001000       0x10 network.o
 .data.__compound_literal.90
                0x20001010       0x10 network.o
 .data.gemm_16_bias
                0x20001020       0x1c network.o
 .data.__compound_literal.89
                0x2000103c       0x10 network.o
 .data.__compound_literal.88
                0x2000104c       0x10 network.o
 .data.conv2d_8_weights
                0x2000105c       0x1c network.o
 .data.__compound_literal.87
                0x20001078       0x10 network.o
 .data.__compound_literal.86
                0x20001088       0x10 network.o
 .data.conv2d_8_scratch0
                0x20001098       0x1c network.o
 .data.__compound_literal.85
                0x200010b4       0x10 network.o
 .data.__compound_literal.84
                0x200010c4       0x10 network.o
 .data.conv2d_8_output
                0x200010d4       0x1c network.o
 .data.__compound_literal.83
                0x200010f0       0x10 network.o
 .data.__compound_literal.82
                0x20001100       0x10 network.o
 .data.conv2d_8_bias
                0x20001110       0x1c network.o
 .data.__compound_literal.81
                0x2000112c       0x10 network.o
 .data.__compound_literal.80
                0x2000113c       0x10 network.o
 .data.conv2d_7_weights
                0x2000114c       0x1c network.o
 .data.__compound_literal.79
                0x20001168       0x10 network.o
 .data.__compound_literal.78
                0x20001178       0x10 network.o
 .data.conv2d_7_scratch0
                0x20001188       0x1c network.o
 .data.__compound_literal.77
                0x200011a4       0x10 network.o
 .data.__compound_literal.76
                0x200011b4       0x10 network.o
 .data.conv2d_7_output
                0x200011c4       0x1c network.o
 .data.__compound_literal.75
                0x200011e0       0x10 network.o
 .data.__compound_literal.74
                0x200011f0       0x10 network.o
 .data.conv2d_7_bias
                0x20001200       0x1c network.o
 .data.__compound_literal.73
                0x2000121c       0x10 network.o
 .data.__compound_literal.72
                0x2000122c       0x10 network.o
 .data.conv2d_6_weights
                0x2000123c       0x1c network.o
 .data.__compound_literal.71
                0x20001258       0x10 network.o
 .data.__compound_literal.70
                0x20001268       0x10 network.o
 .data.conv2d_6_scratch0
                0x20001278       0x1c network.o
 .data.__compound_literal.69
                0x20001294       0x10 network.o
 .data.__compound_literal.68
                0x200012a4       0x10 network.o
 .data.conv2d_6_output
                0x200012b4       0x1c network.o
 .data.__compound_literal.67
                0x200012d0       0x10 network.o
 .data.__compound_literal.66
                0x200012e0       0x10 network.o
 .data.conv2d_6_bias
                0x200012f0       0x1c network.o
 .data.__compound_literal.65
                0x2000130c       0x10 network.o
 .data.__compound_literal.64
                0x2000131c       0x10 network.o
 .data.conv2d_4_weights
                0x2000132c       0x1c network.o
 .data.__compound_literal.63
                0x20001348       0x10 network.o
 .data.__compound_literal.62
                0x20001358       0x10 network.o
 .data.conv2d_4_scratch0
                0x20001368       0x1c network.o
 .data.__compound_literal.61
                0x20001384       0x10 network.o
 .data.__compound_literal.60
                0x20001394       0x10 network.o
 .data.conv2d_4_output
                0x200013a4       0x1c network.o
 .data.__compound_literal.59
                0x200013c0       0x10 network.o
 .data.__compound_literal.58
                0x200013d0       0x10 network.o
 .data.conv2d_4_bias
                0x200013e0       0x1c network.o
 .data.__compound_literal.57
                0x200013fc       0x10 network.o
 .data.__compound_literal.56
                0x2000140c       0x10 network.o
 .data.conv2d_3_weights
                0x2000141c       0x1c network.o
 .data.__compound_literal.55
                0x20001438       0x10 network.o
 .data.__compound_literal.54
                0x20001448       0x10 network.o
 .data.conv2d_3_scratch0
                0x20001458       0x1c network.o
 .data.__compound_literal.53
                0x20001474       0x10 network.o
 .data.__compound_literal.52
                0x20001484       0x10 network.o
 .data.conv2d_3_output
                0x20001494       0x1c network.o
 .data.__compound_literal.51
                0x200014b0       0x10 network.o
 .data.__compound_literal.50
                0x200014c0       0x10 network.o
 .data.conv2d_3_bias
                0x200014d0       0x1c network.o
 .data.__compound_literal.49
                0x200014ec       0x10 network.o
 .data.__compound_literal.48
                0x200014fc       0x10 network.o
 .data.conv2d_2_weights
                0x2000150c       0x1c network.o
 .data.__compound_literal.47
                0x20001528       0x10 network.o
 .data.__compound_literal.46
                0x20001538       0x10 network.o
 .data.conv2d_2_scratch0
                0x20001548       0x1c network.o
 .data.__compound_literal.45
                0x20001564       0x10 network.o
 .data.__compound_literal.44
                0x20001574       0x10 network.o
 .data.conv2d_2_output
                0x20001584       0x1c network.o
 .data.__compound_literal.43
                0x200015a0       0x10 network.o
 .data.__compound_literal.42
                0x200015b0       0x10 network.o
 .data.conv2d_2_bias
                0x200015c0       0x1c network.o
 .data.__compound_literal.41
                0x200015dc       0x10 network.o
 .data.__compound_literal.40
                0x200015ec       0x10 network.o
 .data.conv2d_13_weights
                0x200015fc       0x1c network.o
 .data.__compound_literal.39
                0x20001618       0x10 network.o
 .data.__compound_literal.38
                0x20001628       0x10 network.o
 .data.conv2d_13_scratch0
                0x20001638       0x1c network.o
 .data.__compound_literal.37
                0x20001654       0x10 network.o
 .data.__compound_literal.36
                0x20001664       0x10 network.o
 .data.conv2d_13_output
                0x20001674       0x1c network.o
 .data.__compound_literal.35
                0x20001690       0x10 network.o
 .data.__compound_literal.34
                0x200016a0       0x10 network.o
 .data.conv2d_13_bias
                0x200016b0       0x1c network.o
 .data.__compound_literal.33
                0x200016cc       0x10 network.o
 .data.__compound_literal.32
                0x200016dc       0x10 network.o
 .data.conv2d_12_weights
                0x200016ec       0x1c network.o
 .data.__compound_literal.31
                0x20001708       0x10 network.o
 .data.__compound_literal.30
                0x20001718       0x10 network.o
 .data.conv2d_12_scratch0
                0x20001728       0x1c network.o
 .data.__compound_literal.29
                0x20001744       0x10 network.o
 .data.__compound_literal.28
                0x20001754       0x10 network.o
 .data.conv2d_12_output
                0x20001764       0x1c network.o
 .data.__compound_literal.27
                0x20001780       0x10 network.o
 .data.__compound_literal.26
                0x20001790       0x10 network.o
 .data.conv2d_12_bias
                0x200017a0       0x1c network.o
 .data.__compound_literal.25
                0x200017bc       0x10 network.o
 .data.__compound_literal.24
                0x200017cc       0x10 network.o
 .data.conv2d_11_weights
                0x200017dc       0x1c network.o
 .data.__compound_literal.23
                0x200017f8       0x10 network.o
 .data.__compound_literal.22
                0x20001808       0x10 network.o
 .data.conv2d_11_scratch0
                0x20001818       0x1c network.o
 .data.__compound_literal.21
                0x20001834       0x10 network.o
 .data.__compound_literal.20
                0x20001844       0x10 network.o
 .data.conv2d_11_output
                0x20001854       0x1c network.o
 .data.__compound_literal.19
                0x20001870       0x10 network.o
 .data.__compound_literal.18
                0x20001880       0x10 network.o
 .data.conv2d_11_bias
                0x20001890       0x1c network.o
 .data.__compound_literal.17
                0x200018ac       0x10 network.o
 .data.__compound_literal.16
                0x200018bc       0x10 network.o
 .data.conv2d_0_weights
                0x200018cc       0x1c network.o
 .data.__compound_literal.15
                0x200018e8       0x10 network.o
 .data.__compound_literal.14
                0x200018f8       0x10 network.o
 .data.conv2d_0_scratch1
                0x20001908       0x1c network.o
 .data.__compound_literal.13
                0x20001924       0x10 network.o
 .data.__compound_literal.12
                0x20001934       0x10 network.o
 .data.conv2d_0_scratch0
                0x20001944       0x1c network.o
 .data.__compound_literal.11
                0x20001960       0x10 network.o
 .data.__compound_literal.10
                0x20001970       0x10 network.o
 .data.conv2d_0_output
                0x20001980       0x1c network.o
 .data.__compound_literal.9
                0x2000199c       0x10 network.o
 .data.__compound_literal.8
                0x200019ac       0x10 network.o
 .data.conv2d_0_bias
                0x200019bc       0x1c network.o
 .data.__compound_literal.7
                0x200019d8       0x10 network.o
 .data.__compound_literal.6
                0x200019e8       0x10 network.o
 .data.concat_9_output
                0x200019f8       0x1c network.o
 .data.__compound_literal.5
                0x20001a14       0x10 network.o
 .data.__compound_literal.4
                0x20001a24       0x10 network.o
 .data.concat_5_output
                0x20001a34       0x1c network.o
 .data.__compound_literal.3
                0x20001a50       0x10 network.o
 .data.__compound_literal.2
                0x20001a60       0x10 network.o
 .data.concat_14_output
                0x20001a70       0x1c network.o
 .data.__compound_literal.1
                0x20001a8c       0x10 network.o
 .data.__compound_literal.0
                0x20001a9c       0x10 network.o
 .data.conv2d_12_scratch0_array
                0x20001aac       0x10 network.o
 .data.conv2d_13_scratch0_array
                0x20001abc       0x10 network.o
 .data.conv2d_11_scratch0_array
                0x20001acc       0x10 network.o
 .data.conv2d_7_scratch0_array
                0x20001adc       0x10 network.o
 .data.conv2d_8_scratch0_array
                0x20001aec       0x10 network.o
 .data.conv2d_6_scratch0_array
                0x20001afc       0x10 network.o
 .data.conv2d_3_scratch0_array
                0x20001b0c       0x10 network.o
 .data.conv2d_4_scratch0_array
                0x20001b1c       0x10 network.o
 .data.conv2d_2_scratch0_array
                0x20001b2c       0x10 network.o
 .data.conv2d_0_scratch1_array
                0x20001b3c       0x10 network.o
 .data.conv2d_0_scratch0_array
                0x20001b4c       0x10 network.o
 .data.gemm_16_bias_array
                0x20001b5c       0x10 network.o
 .data.gemm_16_weights_array
                0x20001b6c       0x10 network.o
 .data.conv2d_12_bias_array
                0x20001b7c       0x10 network.o
 .data.conv2d_12_weights_array
                0x20001b8c       0x10 network.o
 .data.conv2d_13_bias_array
                0x20001b9c       0x10 network.o
 .data.conv2d_13_weights_array
                0x20001bac       0x10 network.o
 .data.conv2d_11_bias_array
                0x20001bbc       0x10 network.o
 .data.conv2d_11_weights_array
                0x20001bcc       0x10 network.o
 .data.conv2d_7_bias_array
                0x20001bdc       0x10 network.o
 .data.conv2d_7_weights_array
                0x20001bec       0x10 network.o
 .data.conv2d_8_bias_array
                0x20001bfc       0x10 network.o
 .data.conv2d_8_weights_array
                0x20001c0c       0x10 network.o
 .data.conv2d_6_bias_array
                0x20001c1c       0x10 network.o
 .data.conv2d_6_weights_array
                0x20001c2c       0x10 network.o
 .data.conv2d_3_bias_array
                0x20001c3c       0x10 network.o
 .data.conv2d_3_weights_array
                0x20001c4c       0x10 network.o
 .data.conv2d_4_bias_array
                0x20001c5c       0x10 network.o
 .data.conv2d_4_weights_array
                0x20001c6c       0x10 network.o
 .data.conv2d_2_bias_array
                0x20001c7c       0x10 network.o
 .data.conv2d_2_weights_array
                0x20001c8c       0x10 network.o
 .data.conv2d_0_bias_array
                0x20001c9c       0x10 network.o
 .data.conv2d_0_weights_array
                0x20001cac       0x10 network.o
 .data.nl_17_output_array
                0x20001cbc       0x10 network.o
 .data.gemm_16_output_array
                0x20001ccc       0x10 network.o
 .data.pool_15_output_array
                0x20001cdc       0x10 network.o
 .data.concat_14_output_array
                0x20001cec       0x10 network.o
 .data.nl_12_nl_output_array
                0x20001cfc       0x10 network.o
 .data.conv2d_12_output_array
                0x20001d0c       0x10 network.o
 .data.nl_13_nl_output_array
                0x20001d1c       0x10 network.o
 .data.conv2d_13_output_array
                0x20001d2c       0x10 network.o
 .data.nl_11_nl_output_array
                0x20001d3c       0x10 network.o
 .data.conv2d_11_output_array
                0x20001d4c       0x10 network.o
 .data.pool_10_output_array
                0x20001d5c       0x10 network.o
 .data.concat_9_output_array
                0x20001d6c       0x10 network.o
 .data.nl_7_nl_output_array
                0x20001d7c       0x10 network.o
 .data.conv2d_7_output_array
                0x20001d8c       0x10 network.o
 .data.nl_8_nl_output_array
                0x20001d9c       0x10 network.o
 .data.conv2d_8_output_array
                0x20001dac       0x10 network.o
 .data.nl_6_nl_output_array
                0x20001dbc       0x10 network.o
 .data.conv2d_6_output_array
                0x20001dcc       0x10 network.o
 .data.concat_5_output_array
                0x20001ddc       0x10 network.o
 .data.nl_3_nl_output_array
                0x20001dec       0x10 network.o
 .data.conv2d_3_output_array
                0x20001dfc       0x10 network.o
 .data.nl_4_nl_output_array
                0x20001e0c       0x10 network.o
 .data.conv2d_4_output_array
                0x20001e1c       0x10 network.o
 .data.nl_2_nl_output_array
                0x20001e2c       0x10 network.o
 .data.conv2d_2_output_array
                0x20001e3c       0x10 network.o
 .data.conv2d_0_output_array
                0x20001e4c       0x10 network.o
 .data.serving_default_keras_tensor0_output_array
                0x20001e5c       0x10 network.o
 .data.g_network_data_map_weights
                0x20001e6c       0x1c network_data.o
                0x20001e6c                g_network_data_map_weights
 .data.__compound_literal.1
                0x20001e88       0x10 network_data.o
 .data.g_network_data_map_activations
                0x20001e98       0x1c network_data.o
                0x20001e98                g_network_data_map_activations
 .data.__compound_literal.0
                0x20001eb4       0x10 network_data.o
 .data._impure_ptr
                0x20001ec4        0x4 /opt/st/stm32cubeide_1.18.0/plugins/com.st.stm32cube.ide.mcu.externaltools.gnu-tools-for-stm32.13.3.rel1.linux64_1.0.0.202410170706/tools/bin/../lib/gcc/arm-none-eabi/13.3.1/../../../../arm-none-eabi/lib/thumb/v7e-m+fp/hard/libc_nano.a(libc_a-impure.o)
                0x20001ec4                _impure_ptr
 .data._impure_data
                0x20001ec8       0x4c /opt/st/stm32cubeide_1.18.0/plugins/com.st.stm32cube.ide.mcu.externaltools.gnu-tools-for-stm32.13.3.rel1.linux64_1.0.0.202410170706/tools/bin/../lib/gcc/arm-none-eabi/13.3.1/../../../../arm-none-eabi/lib/thumb/v7e-m+fp/hard/libc_nano.a(libc_a-impure.o)
                0x20001ec8                _impure_data
                0x20001f14                        . = ALIGN (0x4)
                0x20001f14                        _edata = .

.igot.plt       0x20001f14        0x0 load address 0x080199dc
 .igot.plt      0x20001f14        0x0 /opt/st/stm32cubeide_1.18.0/plugins/com.st.stm32cube.ide.mcu.externaltools.gnu-tools-for-stm32.13.3.rel1.linux64_1.0.0.202410170706/tools/bin/../lib/gcc/arm-none-eabi/13.3.1/thumb/v7e-m+fp/hard/crtbegin.o
                0x20001f14                        . = ALIGN (0x4)

.bss            0x20001f20     0x82dc load address 0x080199dc
                0x20001f20                        _sbss = .
                0x20001f20                        __bss_start__ = _sbss
 *(.bss)
 .bss           0x20001f20       0x1c /opt/st/stm32cubeide_1.18.0/plugins/com.st.stm32cube.ide.mcu.externaltools.gnu-tools-for-stm32.13.3.rel1.linux64_1.0.0.202410170706/tools/bin/../lib/gcc/arm-none-eabi/13.3.1/thumb/v7e-m+fp/hard/crtbegin.o
 *(.bss*)
 .bss.__compound_literal.275
                0x20001f3c        0x8 network.o
 .bss.__compound_literal.274
                0x20001f44       0x10 network.o
 .bss.__compound_literal.273
                0x20001f54       0x1c network.o
 .bss.__compound_literal.270
                0x20001f70        0x8 network.o
 .bss.__compound_literal.269
                0x20001f78       0x10 network.o
 .bss.__compound_literal.268
                0x20001f88       0x1c network.o
 .bss.__compound_literal.262
                0x20001fa4       0x10 network.o
 .bss.__compound_literal.255
                0x20001fb4       0x10 network.o
 .bss.__compound_literal.248
                0x20001fc4        0x4 network.o
 .bss.__compound_literal.247
                0x20001fc8        0x4 network.o
 .bss.__compound_literal.237
                0x20001fcc        0x4 network.o
 .bss.__compound_literal.236
                0x20001fd0        0x4 network.o
 .bss.__compound_literal.233
                0x20001fd4       0x10 network.o
 .bss.__compound_literal.226
                0x20001fe4        0x4 network.o
 .bss.__compound_literal.225
                0x20001fe8        0x4 network.o
 .bss.__compound_literal.221
                0x20001fec        0x4 network.o
 .bss.__compound_literal.220
                0x20001ff0        0x4 network.o
 .bss.__compound_literal.217
                0x20001ff4       0x10 network.o
 .bss.__compound_literal.210
                0x20002004        0x4 network.o
 .bss.__compound_literal.209
                0x20002008        0x4 network.o
 .bss.__compound_literal.199
                0x2000200c        0x4 network.o
 .bss.__compound_literal.198
                0x20002010        0x4 network.o
 .bss.__compound_literal.195
                0x20002014       0x10 network.o
 .bss.__compound_literal.188
                0x20002024        0x4 network.o
 .bss.__compound_literal.187
                0x20002028        0x4 network.o
 .bss.__compound_literal.183
                0x2000202c        0x4 network.o
 .bss.__compound_literal.182
                0x20002030        0x4 network.o
 .bss.__compound_literal.179
                0x20002034       0x10 network.o
 .bss.__compound_literal.177
                0x20002044        0x4 network.o
 .bss.__compound_literal.176
                0x20002048        0x4 network.o
 .bss.__compound_literal.173
                0x2000204c       0x10 network.o
 .bss.__compound_literal.166
                0x2000205c        0x4 network.o
 .bss.__compound_literal.165
                0x20002060        0x4 network.o
 .bss.__compound_literal.155
                0x20002064        0x4 network.o
 .bss.__compound_literal.154
                0x20002068        0x4 network.o
 .bss.__compound_literal.151
                0x2000206c       0x10 network.o
 .bss.__compound_literal.144
                0x2000207c        0x4 network.o
 .bss.__compound_literal.143
                0x20002080        0x4 network.o
 .bss.__compound_literal.139
                0x20002084        0x4 network.o
 .bss.__compound_literal.138
                0x20002088        0x4 network.o
 .bss.__compound_literal.135
                0x2000208c       0x10 network.o
 .bss.__compound_literal.133
                0x2000209c        0x4 network.o
 .bss.__compound_literal.132
                0x200020a0        0x4 network.o
 .bss.__compound_literal.128
                0x200020a4        0x4 network.o
 .bss.__compound_literal.123
                0x200020a8        0x4 network.o
 .bss.__compound_literal.122
                0x200020ac        0x4 network.o
 .bss.g_network_weights_map
                0x200020b0        0x4 network.o
 .bss.g_network_activations_map
                0x200020b4        0x4 network.o
 .bss.ai_output
                0x200020b8        0x4 stedgeai_app_main.o
 .bss.ai_input  0x200020bc        0x4 stedgeai_app_main.o
 .bss.activations_1
                0x200020c0     0x8000 stedgeai_app_main.o
 .bss.network   0x2000a0c0        0x4 stedgeai_app_main.o
 .bss.__sf      0x2000a0c4      0x138 /opt/st/stm32cubeide_1.18.0/plugins/com.st.stm32cube.ide.mcu.externaltools.gnu-tools-for-stm32.13.3.rel1.linux64_1.0.0.202410170706/tools/bin/../lib/gcc/arm-none-eabi/13.3.1/../../../../arm-none-eabi/lib/thumb/v7e-m+fp/hard/libc_nano.a(libc_a-findfp.o)
                0x2000a0c4                __sf
 *(COMMON)
                0x2000a1fc                        . = ALIGN (0x4)
                0x2000a1fc                        _ebss = .
                0x2000a1fc                        __bss_end__ = _ebss

._user_heap_stack
                0x2000a1fc     0x3004 load address 0x080199dc
                0x2000a200                        . = ALIGN (0x8)
 *fill*         0x2000a1fc        0x4 
                [!provide]                        PROVIDE (end = .)
                0x2000a200                        PROVIDE (_end = .)
                0x2000c200                        . = (. + _Min_Heap_Size)
 *fill*         0x2000a200     0x2000 
                0x2000d200                        . = (. + _Min_Stack_Size)
 *fill*         0x2000c200     0x1000 
                0x2000d200                        . = ALIGN (0x8)

/DISCARD/
 libc.a(*)
 libm.a(*)
 libgcc.a(*)

.ARM.attributes
                0x00000000       0x30
 *(.ARM.attributes)
 .ARM.attributes
                0x00000000       0x22 /opt/st/stm32cubeide_1.18.0/plugins/com.st.stm32cube.ide.mcu.externaltools.gnu-tools-for-stm32.13.3.rel1.linux64_1.0.0.202410170706/tools/bin/../lib/gcc/arm-none-eabi/13.3.1/thumb/v7e-m+fp/hard/crti.o
 .ARM.attributes
                0x00000022       0x34 /opt/st/stm32cubeide_1.18.0/plugins/com.st.stm32cube.ide.mcu.externaltools.gnu-tools-for-stm32.13.3.rel1.linux64_1.0.0.202410170706/tools/bin/../lib/gcc/arm-none-eabi/13.3.1/thumb/v7e-m+fp/hard/crtbegin.o
 .ARM.attributes
                0x00000056       0x21 startup_stm32xx.o
 .ARM.attributes
                0x00000077       0x34 network.o
 .ARM.attributes
                0x000000ab       0x34 network_data.o
 .ARM.attributes
                0x000000df       0x34 stedgeai_app_main.o
 .ARM.attributes
                0x00000113       0x34 network_data_params.o
 .ARM.attributes
                0x00000147       0x30 /home/docker/STM32Cube/Repository/Packs/STMicroelectronics/X-CUBE-AI/2.2.0/Middlewares/ST/AI/Lib/GCC/ARMCortexM4/NetworkRuntime1020_CM4_GCC.a(ai_platform.o)
 .ARM.attributes
                0x00000177       0x30 /home/docker/STM32Cube/Repository/Packs/STMicroelectronics/X-CUBE-AI/2.2.0/Middlewares/ST/AI/Lib/GCC/ARMCortexM4/NetworkRuntime1020_CM4_GCC.a(ai_platform_interface.o)
 .ARM.attributes
                0x000001a7       0x30 /home/docker/STM32Cube/Repository/Packs/STMicroelectronics/X-CUBE-AI/2.2.0/Middlewares/ST/AI/Lib/GCC/ARMCortexM4/NetworkRuntime1020_CM4_GCC.a(core_common.o)
 .ARM.attributes
                0x000001d7       0x30 /home/docker/STM32Cube/Repository/Packs/STMicroelectronics/X-CUBE-AI/2.2.0/Middlewares/ST/AI/Lib/GCC/ARMCortexM4/NetworkRuntime1020_CM4_GCC.a(layers.o)
 .ARM.attributes
                0x00000207       0x30 /home/docker/STM32Cube/Repository/Packs/STMicroelectronics/X-CUBE-AI/2.2.0/Middlewares/ST/AI/Lib/GCC/ARMCortexM4/NetworkRuntime1020_CM4_GCC.a(layers_conv2d_generic_float.o)
 .ARM.attributes
                0x00000237       0x30 /home/docker/STM32Cube/Repository/Packs/STMicroelectronics/X-CUBE-AI/2.2.0/Middlewares/ST/AI/Lib/GCC/ARMCortexM4/NetworkRuntime1020_CM4_GCC.a(layers_generic_float.o)
 .ARM.attributes
                0x00000267       0x30 /home/docker/STM32Cube/Repository/Packs/STMicroelectronics/X-CUBE-AI/2.2.0/Middlewares/ST/AI/Lib/GCC/ARMCortexM4/NetworkRuntime1020_CM4_GCC.a(layers_nl_generic_float.o)
 .ARM.attributes
                0x00000297       0x30 /home/docker/STM32Cube/Repository/Packs/STMicroelectronics/X-CUBE-AI/2.2.0/Middlewares/ST/AI/Lib/GCC/ARMCortexM4/NetworkRuntime1020_CM4_GCC.a(layers_pool_generic_float.o)
 .ARM.attributes
                0x000002c7       0x30 /home/docker/STM32Cube/Repository/Packs/STMicroelectronics/X-CUBE-AI/2.2.0/Middlewares/ST/AI/Lib/GCC/ARMCortexM4/NetworkRuntime1020_CM4_GCC.a(forward_lite_conv2d_if32of32wf32.o)
 .ARM.attributes
                0x000002f7       0x30 /home/docker/STM32Cube/Repository/Packs/STMicroelectronics/X-CUBE-AI/2.2.0/Middlewares/ST/AI/Lib/GCC/ARMCortexM4/NetworkRuntime1020_CM4_GCC.a(lite_nl_softmax_if32of32.o)
 .ARM.attributes
                0x00000327       0x30 /home/docker/STM32Cube/Repository/Packs/STMicroelectronics/X-CUBE-AI/2.2.0/Middlewares/ST/AI/Lib/GCC/ARMCortexM4/NetworkRuntime1020_CM4_GCC.a(lite_nl_relu_if32of32.o)
 .ARM.attributes
                0x00000357       0x30 /home/docker/STM32Cube/Repository/Packs/STMicroelectronics/X-CUBE-AI/2.2.0/Middlewares/ST/AI/Lib/GCC/ARMCortexM4/NetworkRuntime1020_CM4_GCC.a(forward_lite_pool_f32.o)
 .ARM.attributes
                0x00000387       0x30 /home/docker/STM32Cube/Repository/Packs/STMicroelectronics/X-CUBE-AI/2.2.0/Middlewares/ST/AI/Lib/GCC/ARMCortexM4/NetworkRuntime1020_CM4_GCC.a(lite_dense_if32.o)
 .ARM.attributes
                0x000003b7       0x30 /home/docker/STM32Cube/Repository/Packs/STMicroelectronics/X-CUBE-AI/2.2.0/Middlewares/ST/AI/Lib/GCC/ARMCortexM4/NetworkRuntime1020_CM4_GCC.a(lite_nl_generic_float.o)
 .ARM.attributes
                0x000003e7       0x30 /home/docker/STM32Cube/Repository/Packs/STMicroelectronics/X-CUBE-AI/2.2.0/Middlewares/ST/AI/Lib/GCC/ARMCortexM4/NetworkRuntime1020_CM4_GCC.a(st_int8_fill.o)
 .ARM.attributes
                0x00000417       0x30 /home/docker/STM32Cube/Repository/Packs/STMicroelectronics/X-CUBE-AI/2.2.0/Middlewares/ST/AI/Lib/GCC/ARMCortexM4/NetworkRuntime1020_CM4_GCC.a(ai_datatypes_format.o)
 .ARM.attributes
                0x00000447       0x30 /home/docker/STM32Cube/Repository/Packs/STMicroelectronics/X-CUBE-AI/2.2.0/Middlewares/ST/AI/Lib/GCC/ARMCortexM4/NetworkRuntime1020_CM4_GCC.a(ai_datatypes_internal.o)
 .ARM.attributes
                0x00000477       0x34 /opt/st/stm32cubeide_1.18.0/plugins/com.st.stm32cube.ide.mcu.externaltools.gnu-tools-for-stm32.13.3.rel1.linux64_1.0.0.202410170706/tools/bin/../lib/gcc/arm-none-eabi/13.3.1/../../../../arm-none-eabi/lib/thumb/v7e-m+fp/hard/libc_nano.a(libc_a-findfp.o)
 .ARM.attributes
                0x000004ab       0x34 /opt/st/stm32cubeide_1.18.0/plugins/com.st.stm32cube.ide.mcu.externaltools.gnu-tools-for-stm32.13.3.rel1.linux64_1.0.0.202410170706/tools/bin/../lib/gcc/arm-none-eabi/13.3.1/../../../../arm-none-eabi/lib/thumb/v7e-m+fp/hard/libc_nano.a(libc_a-impure.o)
 .ARM.attributes
                0x000004df       0x34 /opt/st/stm32cubeide_1.18.0/plugins/com.st.stm32cube.ide.mcu.externaltools.gnu-tools-for-stm32.13.3.rel1.linux64_1.0.0.202410170706/tools/bin/../lib/gcc/arm-none-eabi/13.3.1/../../../../arm-none-eabi/lib/thumb/v7e-m+fp/hard/libc_nano.a(libc_a-errno.o)
 .ARM.attributes
                0x00000513       0x34 /opt/st/stm32cubeide_1.18.0/plugins/com.st.stm32cube.ide.mcu.externaltools.gnu-tools-for-stm32.13.3.rel1.linux64_1.0.0.202410170706/tools/bin/../lib/gcc/arm-none-eabi/13.3.1/../../../../arm-none-eabi/lib/thumb/v7e-m+fp/hard/libc_nano.a(libc_a-init.o)
 .ARM.attributes
                0x00000547       0x22 /opt/st/stm32cubeide_1.18.0/plugins/com.st.stm32cube.ide.mcu.externaltools.gnu-tools-for-stm32.13.3.rel1.linux64_1.0.0.202410170706/tools/bin/../lib/gcc/arm-none-eabi/13.3.1/thumb/v7e-m+fp/hard/crtn.o
OUTPUT(network.elf elf32-littlearm)
LOAD linker stubs
LOAD /opt/st/stm32cubeide_1.18.0/plugins/com.st.stm32cube.ide.mcu.externaltools.gnu-tools-for-stm32.13.3.rel1.linux64_1.0.0.202410170706/tools/bin/../lib/gcc/arm-none-eabi/13.3.1/../../../../arm-none-eabi/lib/thumb/v7e-m+fp/hard/libc.a
LOAD /opt/st/stm32cubeide_1.18.0/plugins/com.st.stm32cube.ide.mcu.externaltools.gnu-tools-for-stm32.13.3.rel1.linux64_1.0.0.202410170706/tools/bin/../lib/gcc/arm-none-eabi/13.3.1/../../../../arm-none-eabi/lib/thumb/v7e-m+fp/hard/libm.a
LOAD /opt/st/stm32cubeide_1.18.0/plugins/com.st.stm32cube.ide.mcu.externaltools.gnu-tools-for-stm32.13.3.rel1.linux64_1.0.0.202410170706/tools/bin/../lib/gcc/arm-none-eabi/13.3.1/thumb/v7e-m+fp/hard/libgcc.a

.debug_line     0x00000000     0x228f
 .debug_line    0x00000000       0xed startup_stm32xx.o
 .debug_line    0x000000ed     0x1096 network.o
 .debug_line    0x00001183      0x63d network_data.o
 .debug_line    0x000017c0      0x65c stedgeai_app_main.o
 .debug_line    0x00001e1c      0x473 network_data_params.o

.debug_info     0x00000000     0x3dcf
 .debug_info    0x00000000       0x32 startup_stm32xx.o
 .debug_info    0x00000032     0x302d network.o
 .debug_info    0x0000305f      0x69f network_data.o
 .debug_info    0x000036fe      0x575 stedgeai_app_main.o
 .debug_info    0x00003c73      0x15c network_data_params.o

.debug_abbrev   0x00000000      0x8b8
 .debug_abbrev  0x00000000       0x24 startup_stm32xx.o
 .debug_abbrev  0x00000024      0x430 network.o
 .debug_abbrev  0x00000454      0x209 network_data.o
 .debug_abbrev  0x0000065d      0x1a4 stedgeai_app_main.o
 .debug_abbrev  0x00000801       0xb7 network_data_params.o

.debug_aranges  0x00000000      0x128
 .debug_aranges
                0x00000000       0x28 startup_stm32xx.o
 .debug_aranges
                0x00000028       0x70 network.o
 .debug_aranges
                0x00000098       0x38 network_data.o
 .debug_aranges
                0x000000d0       0x40 stedgeai_app_main.o
 .debug_aranges
                0x00000110       0x18 network_data_params.o

.debug_str      0x00000000    0x1544e
 .debug_str     0x00000000    0x1544e startup_stm32xx.o
                                 0xfd (size before relaxing)
 .debug_str     0x0001544e    0x14dbe network.o
 .debug_str     0x0001544e     0xebc7 network_data.o
 .debug_str     0x0001544e     0xb4ee stedgeai_app_main.o
 .debug_str     0x0001544e     0x7d60 network_data_params.o

.debug_ranges   0x00000000      0x138
 .debug_ranges  0x00000000       0x20 startup_stm32xx.o
 .debug_ranges  0x00000020       0xc0 network.o
 .debug_ranges  0x000000e0       0x28 network_data.o
 .debug_ranges  0x00000108       0x30 stedgeai_app_main.o

.debug_loc      0x00000000      0x807
 .debug_loc     0x00000000      0x653 network.o
 .debug_loc     0x00000653      0x1b4 network_data.o

.debug_macro    0x00000000     0x26a0
 .debug_macro   0x00000000      0x4a1 network.o
 .debug_macro   0x000004a1       0x7c network.o
 .debug_macro   0x0000051d       0x8e network.o
 .debug_macro   0x000005ab       0x51 network.o
 .debug_macro   0x000005fc       0x74 network.o
 .debug_macro   0x00000670       0x3a network.o
 .debug_macro   0x000006aa       0x3c network.o
 .debug_macro   0x000006e6      0x4cc network.o
 .debug_macro   0x00000bb2       0x22 network.o
 .debug_macro   0x00000bd4       0x22 network.o
 .debug_macro   0x00000bf6      0x342 network.o
 .debug_macro   0x00000f38       0x94 network.o
 .debug_macro   0x00000fcc       0x4c network.o
 .debug_macro   0x00001018       0x10 network.o
 .debug_macro   0x00001028       0x16 network.o
 .debug_macro   0x0000103e       0x10 network.o
 .debug_macro   0x0000104e       0x20 network.o
 .debug_macro   0x0000106e       0x22 network.o
 .debug_macro   0x00001090       0x10 network.o
 .debug_macro   0x000010a0       0xc0 network.o
 .debug_macro   0x00001160      0x229 network.o
 .debug_macro   0x00001389       0x2e network.o
 .debug_macro   0x000013b7       0xcf network.o
 .debug_macro   0x00001486      0x1ed network.o
 .debug_macro   0x00001673      0x19b network.o
 .debug_macro   0x0000180e       0x7c network.o
 .debug_macro   0x0000188a       0x17 network.o
 .debug_macro   0x000018a1      0x118 network.o
 .debug_macro   0x000019b9      0x202 network.o
 .debug_macro   0x00001bbb       0x3a network.o
 .debug_macro   0x00001bf5       0x2e network.o
 .debug_macro   0x00001c23       0xdc network.o
 .debug_macro   0x00001cff       0x16 network.o
 .debug_macro   0x00001d15       0x4d network.o
 .debug_macro   0x00001d62       0x25 network.o
 .debug_macro   0x00001d87       0x6d network.o
 .debug_macro   0x00001df4       0x16 network.o
 .debug_macro   0x00001e0a       0x7c network.o
 .debug_macro   0x00001e86       0x22 network.o
 .debug_macro   0x00001ea8       0x10 network.o
 .debug_macro   0x00001eb8       0x11 network.o
 .debug_macro   0x00001ec9       0x2e network.o
 .debug_macro   0x00001ef7       0x2e network.o
 .debug_macro   0x00001f25      0x200 network_data.o
 .debug_macro   0x00002125       0x46 network_data.o
 .debug_macro   0x0000216b      0x1fd stedgeai_app_main.o
 .debug_macro   0x00002368       0x16 stedgeai_app_main.o
 .debug_macro   0x0000237e       0x9e stedgeai_app_main.o
 .debug_macro   0x0000241c      0x112 stedgeai_app_main.o
 .debug_macro   0x0000252e       0x16 stedgeai_app_main.o
 .debug_macro   0x00002544       0x16 stedgeai_app_main.o
 .debug_macro   0x0000255a       0x10 stedgeai_app_main.o
 .debug_macro   0x0000256a       0xf0 network_data_params.o
 .debug_macro   0x0000265a       0x46 network_data_params.o

.comment        0x00000000       0x86
 .comment       0x00000000       0x86 network.o
                                 0x44 (size before relaxing)
 .comment       0x00000086       0x44 network_data.o
 .comment       0x00000086       0x44 stedgeai_app_main.o
 .comment       0x00000086       0x44 network_data_params.o
 .comment       0x00000086       0x44 /home/docker/STM32Cube/Repository/Packs/STMicroelectronics/X-CUBE-AI/2.2.0/Middlewares/ST/AI/Lib/GCC/ARMCortexM4/NetworkRuntime1020_CM4_GCC.a(ai_platform.o)
 .comment       0x00000086       0x44 /home/docker/STM32Cube/Repository/Packs/STMicroelectronics/X-CUBE-AI/2.2.0/Middlewares/ST/AI/Lib/GCC/ARMCortexM4/NetworkRuntime1020_CM4_GCC.a(ai_platform_interface.o)
 .comment       0x00000086       0x44 /home/docker/STM32Cube/Repository/Packs/STMicroelectronics/X-CUBE-AI/2.2.0/Middlewares/ST/AI/Lib/GCC/ARMCortexM4/NetworkRuntime1020_CM4_GCC.a(core_common.o)
 .comment       0x00000086       0x44 /home/docker/STM32Cube/Repository/Packs/STMicroelectronics/X-CUBE-AI/2.2.0/Middlewares/ST/AI/Lib/GCC/ARMCortexM4/NetworkRuntime1020_CM4_GCC.a(layers.o)
 .comment       0x00000086       0x44 /home/docker/STM32Cube/Repository/Packs/STMicroelectronics/X-CUBE-AI/2.2.0/Middlewares/ST/AI/Lib/GCC/ARMCortexM4/NetworkRuntime1020_CM4_GCC.a(layers_conv2d_generic_float.o)
 .comment       0x00000086       0x44 /home/docker/STM32Cube/Repository/Packs/STMicroelectronics/X-CUBE-AI/2.2.0/Middlewares/ST/AI/Lib/GCC/ARMCortexM4/NetworkRuntime1020_CM4_GCC.a(layers_generic_float.o)
 .comment       0x00000086       0x44 /home/docker/STM32Cube/Repository/Packs/STMicroelectronics/X-CUBE-AI/2.2.0/Middlewares/ST/AI/Lib/GCC/ARMCortexM4/NetworkRuntime1020_CM4_GCC.a(layers_nl_generic_float.o)
 .comment       0x00000086       0x44 /home/docker/STM32Cube/Repository/Packs/STMicroelectronics/X-CUBE-AI/2.2.0/Middlewares/ST/AI/Lib/GCC/ARMCortexM4/NetworkRuntime1020_CM4_GCC.a(layers_pool_generic_float.o)
 .comment       0x00000086       0x44 /home/docker/STM32Cube/Repository/Packs/STMicroelectronics/X-CUBE-AI/2.2.0/Middlewares/ST/AI/Lib/GCC/ARMCortexM4/NetworkRuntime1020_CM4_GCC.a(forward_lite_conv2d_if32of32wf32.o)
 .comment       0x00000086       0x44 /home/docker/STM32Cube/Repository/Packs/STMicroelectronics/X-CUBE-AI/2.2.0/Middlewares/ST/AI/Lib/GCC/ARMCortexM4/NetworkRuntime1020_CM4_GCC.a(lite_nl_softmax_if32of32.o)
 .comment       0x00000086       0x44 /home/docker/STM32Cube/Repository/Packs/STMicroelectronics/X-CUBE-AI/2.2.0/Middlewares/ST/AI/Lib/GCC/ARMCortexM4/NetworkRuntime1020_CM4_GCC.a(lite_nl_relu_if32of32.o)
 .comment       0x00000086       0x44 /home/docker/STM32Cube/Repository/Packs/STMicroelectronics/X-CUBE-AI/2.2.0/Middlewares/ST/AI/Lib/GCC/ARMCortexM4/NetworkRuntime1020_CM4_GCC.a(forward_lite_pool_f32.o)
 .comment       0x00000086       0x44 /home/docker/STM32Cube/Repository/Packs/STMicroelectronics/X-CUBE-AI/2.2.0/Middlewares/ST/AI/Lib/GCC/ARMCortexM4/NetworkRuntime1020_CM4_GCC.a(lite_dense_if32.o)
 .comment       0x00000086       0x44 /home/docker/STM32Cube/Repository/Packs/STMicroelectronics/X-CUBE-AI/2.2.0/Middlewares/ST/AI/Lib/GCC/ARMCortexM4/NetworkRuntime1020_CM4_GCC.a(lite_nl_generic_float.o)
 .comment       0x00000086       0x44 /home/docker/STM32Cube/Repository/Packs/STMicroelectronics/X-CUBE-AI/2.2.0/Middlewares/ST/AI/Lib/GCC/ARMCortexM4/NetworkRuntime1020_CM4_GCC.a(st_int8_fill.o)
 .comment       0x00000086       0x44 /home/docker/STM32Cube/Repository/Packs/STMicroelectronics/X-CUBE-AI/2.2.0/Middlewares/ST/AI/Lib/GCC/ARMCortexM4/NetworkRuntime1020_CM4_GCC.a(ai_datatypes_format.o)
 .comment       0x00000086       0x44 /home/docker/STM32Cube/Repository/Packs/STMicroelectronics/X-CUBE-AI/2.2.0/Middlewares/ST/AI/Lib/GCC/ARMCortexM4/NetworkRuntime1020_CM4_GCC.a(ai_datatypes_internal.o)

.debug_frame    0x00000000      0x3a0
 .debug_frame   0x00000000      0x124 network.o
 .debug_frame   0x00000124       0x70 network_data.o
 .debug_frame   0x00000194       0x7c stedgeai_app_main.o
 .debug_frame   0x00000210      0x144 /opt/st/stm32cubeide_1.18.0/plugins/com.st.stm32cube.ide.mcu.externaltools.gnu-tools-for-stm32.13.3.rel1.linux64_1.0.0.202410170706/tools/bin/../lib/gcc/arm-none-eabi/13.3.1/../../../../arm-none-eabi/lib/thumb/v7e-m+fp/hard/libc_nano.a(libc_a-findfp.o)
 .debug_frame   0x00000354       0x20 /opt/st/stm32cubeide_1.18.0/plugins/com.st.stm32cube.ide.mcu.externaltools.gnu-tools-for-stm32.13.3.rel1.linux64_1.0.0.202410170706/tools/bin/../lib/gcc/arm-none-eabi/13.3.1/../../../../arm-none-eabi/lib/thumb/v7e-m+fp/hard/libc_nano.a(libc_a-errno.o)
 .debug_frame   0x00000374       0x2c /opt/st/stm32cubeide_1.18.0/plugins/com.st.stm32cube.ide.mcu.externaltools.gnu-tools-for-stm32.13.3.rel1.linux64_1.0.0.202410170706/tools/bin/../lib/gcc/arm-none-eabi/13.3.1/../../../../arm-none-eabi/lib/thumb/v7e-m+fp/hard/libc_nano.a(libc_a-init.o)

Cross Reference Table

Symbol                                            File
ActivationValFloat                                /home/docker/STM32Cube/Repository/Packs/STMicroelectronics/X-CUBE-AI/2.2.0/Middlewares/ST/AI/Lib/GCC/ARMCortexM4/NetworkRuntime1020_CM4_GCC.a(layers_generic_float.o)
ApplyTimeWeightBiasAndActivation                  /home/docker/STM32Cube/Repository/Packs/STMicroelectronics/X-CUBE-AI/2.2.0/Middlewares/ST/AI/Lib/GCC/ARMCortexM4/NetworkRuntime1020_CM4_GCC.a(layers_generic_float.o)
BusFault_Handler                                  startup_stm32xx.o
DebugMon_Handler                                  startup_stm32xx.o
Default_Handler                                   startup_stm32xx.o
HardFault_Handler                                 startup_stm32xx.o
MemManage_Handler                                 startup_stm32xx.o
NMI_Handler                                       startup_stm32xx.o
PendSV_Handler                                    startup_stm32xx.o
Reset_Handler                                     startup_stm32xx.o
SVC_Handler                                       startup_stm32xx.o
SysTick_Handler                                   startup_stm32xx.o
SystemInit                                        stedgeai_app_main.o
                                                  startup_stm32xx.o
UsageFault_Handler                                startup_stm32xx.o
_Min_Stack_Size                                   sysmem.o
__adddf3                                          /opt/st/stm32cubeide_1.18.0/plugins/com.st.stm32cube.ide.mcu.externaltools.gnu-tools-for-stm32.13.3.rel1.linux64_1.0.0.202410170706/tools/bin/../lib/gcc/arm-none-eabi/13.3.1/thumb/v7e-m+fp/hard/libgcc.a(_arm_addsubdf3.o)
__aeabi_cdcmpeq                                   /opt/st/stm32cubeide_1.18.0/plugins/com.st.stm32cube.ide.mcu.externaltools.gnu-tools-for-stm32.13.3.rel1.linux64_1.0.0.202410170706/tools/bin/../lib/gcc/arm-none-eabi/13.3.1/thumb/v7e-m+fp/hard/libgcc.a(_arm_cmpdf2.o)
__aeabi_cdcmple                                   /opt/st/stm32cubeide_1.18.0/plugins/com.st.stm32cube.ide.mcu.externaltools.gnu-tools-for-stm32.13.3.rel1.linux64_1.0.0.202410170706/tools/bin/../lib/gcc/arm-none-eabi/13.3.1/thumb/v7e-m+fp/hard/libgcc.a(_arm_cmpdf2.o)
__aeabi_cdrcmple                                  /opt/st/stm32cubeide_1.18.0/plugins/com.st.stm32cube.ide.mcu.externaltools.gnu-tools-for-stm32.13.3.rel1.linux64_1.0.0.202410170706/tools/bin/../lib/gcc/arm-none-eabi/13.3.1/thumb/v7e-m+fp/hard/libgcc.a(_arm_cmpdf2.o)
__aeabi_d2f                                       /opt/st/stm32cubeide_1.18.0/plugins/com.st.stm32cube.ide.mcu.externaltools.gnu-tools-for-stm32.13.3.rel1.linux64_1.0.0.202410170706/tools/bin/../lib/gcc/arm-none-eabi/13.3.1/thumb/v7e-m+fp/hard/libgcc.a(_arm_truncdfsf2.o)
                                                  /opt/st/stm32cubeide_1.18.0/plugins/com.st.stm32cube.ide.mcu.externaltools.gnu-tools-for-stm32.13.3.rel1.linux64_1.0.0.202410170706/tools/bin/../lib/gcc/arm-none-eabi/13.3.1/../../../../arm-none-eabi/lib/thumb/v7e-m+fp/hard/libm.a(libm_a-sf_erf.o)
__aeabi_d2uiz                                     /opt/st/stm32cubeide_1.18.0/plugins/com.st.stm32cube.ide.mcu.externaltools.gnu-tools-for-stm32.13.3.rel1.linux64_1.0.0.202410170706/tools/bin/../lib/gcc/arm-none-eabi/13.3.1/thumb/v7e-m+fp/hard/libgcc.a(_arm_fixunsdfsi.o)
                                                  /opt/st/stm32cubeide_1.18.0/plugins/com.st.stm32cube.ide.mcu.externaltools.gnu-tools-for-stm32.13.3.rel1.linux64_1.0.0.202410170706/tools/bin/../lib/gcc/arm-none-eabi/13.3.1/thumb/v7e-m+fp/hard/libgcc.a(_fixunssfdi.o)
__aeabi_dadd                                      /opt/st/stm32cubeide_1.18.0/plugins/com.st.stm32cube.ide.mcu.externaltools.gnu-tools-for-stm32.13.3.rel1.linux64_1.0.0.202410170706/tools/bin/../lib/gcc/arm-none-eabi/13.3.1/thumb/v7e-m+fp/hard/libgcc.a(_arm_addsubdf3.o)
__aeabi_dcmpeq                                    /opt/st/stm32cubeide_1.18.0/plugins/com.st.stm32cube.ide.mcu.externaltools.gnu-tools-for-stm32.13.3.rel1.linux64_1.0.0.202410170706/tools/bin/../lib/gcc/arm-none-eabi/13.3.1/thumb/v7e-m+fp/hard/libgcc.a(_arm_cmpdf2.o)
                                                  /opt/st/stm32cubeide_1.18.0/plugins/com.st.stm32cube.ide.mcu.externaltools.gnu-tools-for-stm32.13.3.rel1.linux64_1.0.0.202410170706/tools/bin/../lib/gcc/arm-none-eabi/13.3.1/../../../../arm-none-eabi/lib/thumb/v7e-m+fp/hard/libm.a(libm_a-math_err.o)
__aeabi_dcmpge                                    /opt/st/stm32cubeide_1.18.0/plugins/com.st.stm32cube.ide.mcu.externaltools.gnu-tools-for-stm32.13.3.rel1.linux64_1.0.0.202410170706/tools/bin/../lib/gcc/arm-none-eabi/13.3.1/thumb/v7e-m+fp/hard/libgcc.a(_arm_cmpdf2.o)
__aeabi_dcmpgt                                    /opt/st/stm32cubeide_1.18.0/plugins/com.st.stm32cube.ide.mcu.externaltools.gnu-tools-for-stm32.13.3.rel1.linux64_1.0.0.202410170706/tools/bin/../lib/gcc/arm-none-eabi/13.3.1/thumb/v7e-m+fp/hard/libgcc.a(_arm_cmpdf2.o)
__aeabi_dcmple                                    /opt/st/stm32cubeide_1.18.0/plugins/com.st.stm32cube.ide.mcu.externaltools.gnu-tools-for-stm32.13.3.rel1.linux64_1.0.0.202410170706/tools/bin/../lib/gcc/arm-none-eabi/13.3.1/thumb/v7e-m+fp/hard/libgcc.a(_arm_cmpdf2.o)
                                                  /opt/st/stm32cubeide_1.18.0/plugins/com.st.stm32cube.ide.mcu.externaltools.gnu-tools-for-stm32.13.3.rel1.linux64_1.0.0.202410170706/tools/bin/../lib/gcc/arm-none-eabi/13.3.1/../../../../arm-none-eabi/lib/thumb/v7e-m+fp/hard/libm.a(libm_a-math_err.o)
__aeabi_dcmplt                                    /opt/st/stm32cubeide_1.18.0/plugins/com.st.stm32cube.ide.mcu.externaltools.gnu-tools-for-stm32.13.3.rel1.linux64_1.0.0.202410170706/tools/bin/../lib/gcc/arm-none-eabi/13.3.1/thumb/v7e-m+fp/hard/libgcc.a(_arm_cmpdf2.o)
__aeabi_dcmpun                                    /opt/st/stm32cubeide_1.18.0/plugins/com.st.stm32cube.ide.mcu.externaltools.gnu-tools-for-stm32.13.3.rel1.linux64_1.0.0.202410170706/tools/bin/../lib/gcc/arm-none-eabi/13.3.1/thumb/v7e-m+fp/hard/libgcc.a(_arm_unorddf2.o)
                                                  /opt/st/stm32cubeide_1.18.0/plugins/com.st.stm32cube.ide.mcu.externaltools.gnu-tools-for-stm32.13.3.rel1.linux64_1.0.0.202410170706/tools/bin/../lib/gcc/arm-none-eabi/13.3.1/../../../../arm-none-eabi/lib/thumb/v7e-m+fp/hard/libm.a(libm_a-math_err.o)
__aeabi_ddiv                                      /opt/st/stm32cubeide_1.18.0/plugins/com.st.stm32cube.ide.mcu.externaltools.gnu-tools-for-stm32.13.3.rel1.linux64_1.0.0.202410170706/tools/bin/../lib/gcc/arm-none-eabi/13.3.1/thumb/v7e-m+fp/hard/libgcc.a(_arm_muldivdf3.o)
                                                  /opt/st/stm32cubeide_1.18.0/plugins/com.st.stm32cube.ide.mcu.externaltools.gnu-tools-for-stm32.13.3.rel1.linux64_1.0.0.202410170706/tools/bin/../lib/gcc/arm-none-eabi/13.3.1/../../../../arm-none-eabi/lib/thumb/v7e-m+fp/hard/libm.a(libm_a-math_err.o)
__aeabi_dmul                                      /opt/st/stm32cubeide_1.18.0/plugins/com.st.stm32cube.ide.mcu.externaltools.gnu-tools-for-stm32.13.3.rel1.linux64_1.0.0.202410170706/tools/bin/../lib/gcc/arm-none-eabi/13.3.1/thumb/v7e-m+fp/hard/libgcc.a(_arm_muldivdf3.o)
                                                  /opt/st/stm32cubeide_1.18.0/plugins/com.st.stm32cube.ide.mcu.externaltools.gnu-tools-for-stm32.13.3.rel1.linux64_1.0.0.202410170706/tools/bin/../lib/gcc/arm-none-eabi/13.3.1/thumb/v7e-m+fp/hard/libgcc.a(_arm_muldf3.o)
                                                  /opt/st/stm32cubeide_1.18.0/plugins/com.st.stm32cube.ide.mcu.externaltools.gnu-tools-for-stm32.13.3.rel1.linux64_1.0.0.202410170706/tools/bin/../lib/gcc/arm-none-eabi/13.3.1/../../../../arm-none-eabi/lib/thumb/v7e-m+fp/hard/libm.a(libm_a-math_err.o)
                                                  /opt/st/stm32cubeide_1.18.0/plugins/com.st.stm32cube.ide.mcu.externaltools.gnu-tools-for-stm32.13.3.rel1.linux64_1.0.0.202410170706/tools/bin/../lib/gcc/arm-none-eabi/13.3.1/thumb/v7e-m+fp/hard/libgcc.a(_fixunssfdi.o)
__aeabi_drsub                                     /opt/st/stm32cubeide_1.18.0/plugins/com.st.stm32cube.ide.mcu.externaltools.gnu-tools-for-stm32.13.3.rel1.linux64_1.0.0.202410170706/tools/bin/../lib/gcc/arm-none-eabi/13.3.1/thumb/v7e-m+fp/hard/libgcc.a(_arm_addsubdf3.o)
__aeabi_dsub                                      /opt/st/stm32cubeide_1.18.0/plugins/com.st.stm32cube.ide.mcu.externaltools.gnu-tools-for-stm32.13.3.rel1.linux64_1.0.0.202410170706/tools/bin/../lib/gcc/arm-none-eabi/13.3.1/thumb/v7e-m+fp/hard/libgcc.a(_arm_addsubdf3.o)
                                                  /opt/st/stm32cubeide_1.18.0/plugins/com.st.stm32cube.ide.mcu.externaltools.gnu-tools-for-stm32.13.3.rel1.linux64_1.0.0.202410170706/tools/bin/../lib/gcc/arm-none-eabi/13.3.1/../../../../arm-none-eabi/lib/thumb/v7e-m+fp/hard/libm.a(libm_a-math_err.o)
                                                  /opt/st/stm32cubeide_1.18.0/plugins/com.st.stm32cube.ide.mcu.externaltools.gnu-tools-for-stm32.13.3.rel1.linux64_1.0.0.202410170706/tools/bin/../lib/gcc/arm-none-eabi/13.3.1/thumb/v7e-m+fp/hard/libgcc.a(_fixunssfdi.o)
__aeabi_f2d                                       /opt/st/stm32cubeide_1.18.0/plugins/com.st.stm32cube.ide.mcu.externaltools.gnu-tools-for-stm32.13.3.rel1.linux64_1.0.0.202410170706/tools/bin/../lib/gcc/arm-none-eabi/13.3.1/thumb/v7e-m+fp/hard/libgcc.a(_arm_addsubdf3.o)
                                                  /opt/st/stm32cubeide_1.18.0/plugins/com.st.stm32cube.ide.mcu.externaltools.gnu-tools-for-stm32.13.3.rel1.linux64_1.0.0.202410170706/tools/bin/../lib/gcc/arm-none-eabi/13.3.1/thumb/v7e-m+fp/hard/libgcc.a(_fixunssfdi.o)
__aeabi_f2lz                                      /opt/st/stm32cubeide_1.18.0/plugins/com.st.stm32cube.ide.mcu.externaltools.gnu-tools-for-stm32.13.3.rel1.linux64_1.0.0.202410170706/tools/bin/../lib/gcc/arm-none-eabi/13.3.1/thumb/v7e-m+fp/hard/libgcc.a(_fixsfdi.o)
                                                  /home/docker/STM32Cube/Repository/Packs/STMicroelectronics/X-CUBE-AI/2.2.0/Middlewares/ST/AI/Lib/GCC/ARMCortexM4/NetworkRuntime1020_CM4_GCC.a(st_align_factor.o)
__aeabi_f2ulz                                     /opt/st/stm32cubeide_1.18.0/plugins/com.st.stm32cube.ide.mcu.externaltools.gnu-tools-for-stm32.13.3.rel1.linux64_1.0.0.202410170706/tools/bin/../lib/gcc/arm-none-eabi/13.3.1/thumb/v7e-m+fp/hard/libgcc.a(_fixunssfdi.o)
                                                  /opt/st/stm32cubeide_1.18.0/plugins/com.st.stm32cube.ide.mcu.externaltools.gnu-tools-for-stm32.13.3.rel1.linux64_1.0.0.202410170706/tools/bin/../lib/gcc/arm-none-eabi/13.3.1/thumb/v7e-m+fp/hard/libgcc.a(_fixsfdi.o)
__aeabi_i2d                                       /opt/st/stm32cubeide_1.18.0/plugins/com.st.stm32cube.ide.mcu.externaltools.gnu-tools-for-stm32.13.3.rel1.linux64_1.0.0.202410170706/tools/bin/../lib/gcc/arm-none-eabi/13.3.1/thumb/v7e-m+fp/hard/libgcc.a(_arm_addsubdf3.o)