Archive member included to satisfy reference by file (symbol)

../Middlewares/ST/AI/Lib/NetworkRuntime1010_CM4_GCC.a(stai_internal.o)
                              ./X-CUBE-AI/App/aiTestHelper.o (stai_runtime_get_info)
../Middlewares/ST/AI/Lib/NetworkRuntime1010_CM4_GCC.a(ai_platform.o)
                              ./X-CUBE-AI/App/aiSystemPerformance.o (ai_buffer_get_size)
../Middlewares/ST/AI/Lib/NetworkRuntime1010_CM4_GCC.a(ai_platform_interface.o)
                              ./X-CUBE-AI/App/network.o (ai_platform_get_weights_map)
../Middlewares/ST/AI/Lib/NetworkRuntime1010_CM4_GCC.a(core_common.o)
                              ../Middlewares/ST/AI/Lib/NetworkRuntime1010_CM4_GCC.a(ai_platform_interface.o) (core_init)
../Middlewares/ST/AI/Lib/NetworkRuntime1010_CM4_GCC.a(core_mem_manager.o)
                              ../Middlewares/ST/AI/Lib/NetworkRuntime1010_CM4_GCC.a(ai_platform_interface.o) (core_mem_alloc)
../Middlewares/ST/AI/Lib/NetworkRuntime1010_CM4_GCC.a(layers.o)
                              ../Middlewares/ST/AI/Lib/NetworkRuntime1010_CM4_GCC.a(ai_platform_interface.o) (ai_check_custom_types)
../Middlewares/ST/AI/Lib/NetworkRuntime1010_CM4_GCC.a(layers_conv2d_generic_float.o)
                              ./X-CUBE-AI/App/network.o (forward_conv2d_if32of32wf32_nl_pool)
../Middlewares/ST/AI/Lib/NetworkRuntime1010_CM4_GCC.a(layers_nl_generic_float.o)
                              ./X-CUBE-AI/App/network.o (forward_relu)
../Middlewares/ST/AI/Lib/NetworkRuntime1010_CM4_GCC.a(layers_conv2d_integer_scratch.o)
                              ../Middlewares/ST/AI/Lib/NetworkRuntime1010_CM4_GCC.a(layers.o) (get_conv2d_scratch_size)
../Middlewares/ST/AI/Lib/NetworkRuntime1010_CM4_GCC.a(forward_lite_conv2d_if32of32wf32.o)
                              ../Middlewares/ST/AI/Lib/NetworkRuntime1010_CM4_GCC.a(layers_conv2d_generic_float.o) (forward_lite_conv2d_if32of32wf32)
../Middlewares/ST/AI/Lib/NetworkRuntime1010_CM4_GCC.a(lite_nl_softmax_if32of32.o)
                              ../Middlewares/ST/AI/Lib/NetworkRuntime1010_CM4_GCC.a(layers_nl_generic_float.o) (forward_lite_nl_softmax_if32of32_kernel)
../Middlewares/ST/AI/Lib/NetworkRuntime1010_CM4_GCC.a(lite_nl_relu_if32of32.o)
                              ../Middlewares/ST/AI/Lib/NetworkRuntime1010_CM4_GCC.a(layers_nl_generic_float.o) (forward_lite_nl_prelu_if32of32_kernel)
../Middlewares/ST/AI/Lib/NetworkRuntime1010_CM4_GCC.a(forward_lite_pool_f32.o)
                              ./X-CUBE-AI/App/network.o (pool_func_mp_array_f32)
../Middlewares/ST/AI/Lib/NetworkRuntime1010_CM4_GCC.a(lite_dense_if32.o)
                              ../Middlewares/ST/AI/Lib/NetworkRuntime1010_CM4_GCC.a(layers_conv2d_generic_float.o) (lite_decompress_ilutof32)
../Middlewares/ST/AI/Lib/NetworkRuntime1010_CM4_GCC.a(lite_nl_generic_float.o)
                              ./X-CUBE-AI/App/network.o (forward_lite_nl_relu_if32of32)
../Middlewares/ST/AI/Lib/NetworkRuntime1010_CM4_GCC.a(st_int8_fill.o)
                              ../Middlewares/ST/AI/Lib/NetworkRuntime1010_CM4_GCC.a(ai_platform_interface.o) (st_int8_copy)
../Middlewares/ST/AI/Lib/NetworkRuntime1010_CM4_GCC.a(ai_math_helpers.o)
                              ../Middlewares/ST/AI/Lib/NetworkRuntime1010_CM4_GCC.a(layers_nl_generic_float.o) (ai_math_sqrt)
../Middlewares/ST/AI/Lib/NetworkRuntime1010_CM4_GCC.a(ai_datatypes_format.o)
                              ../Middlewares/ST/AI/Lib/NetworkRuntime1010_CM4_GCC.a(ai_platform_interface.o) (ai_array_to_buffer_fmt)
../Middlewares/ST/AI/Lib/NetworkRuntime1010_CM4_GCC.a(ai_datatypes_internal.o)
                              ../Middlewares/ST/AI/Lib/NetworkRuntime1010_CM4_GCC.a(ai_platform_interface.o) (ai_version_get)
../Middlewares/ST/AI/Lib/NetworkRuntime1010_CM4_GCC.a(ai_math_elementwise_mul_int8.o)
                              ../Middlewares/ST/AI/Lib/NetworkRuntime1010_CM4_GCC.a(ai_math_helpers.o) (ai_math_elementwise_mul_int8)
../Middlewares/ST/AI/Lib/NetworkRuntime1010_CM4_GCC.a(ai_math_elementwise_sum_int8.o)
                              ../Middlewares/ST/AI/Lib/NetworkRuntime1010_CM4_GCC.a(ai_math_helpers.o) (ai_math_elementwise_sum_int8)
../Middlewares/ST/AI/Lib/NetworkRuntime1010_CM4_GCC.a(st_align_factor.o)
                              ../Middlewares/ST/AI/Lib/NetworkRuntime1010_CM4_GCC.a(ai_math_helpers.o) (align_factor)
/Applications/STM32CubeIDE.app/Contents/Eclipse/plugins/com.st.stm32cube.ide.mcu.externaltools.gnu-tools-for-stm32.13.3.rel1.macos64_1.0.0.202411102158/tools/bin/../lib/gcc/arm-none-eabi/13.3.1/../../../../arm-none-eabi/lib/thumb/v7e-m+fp/hard/libc_nano.a(libc_a-exit.o)
                              /Applications/STM32CubeIDE.app/Contents/Eclipse/plugins/com.st.stm32cube.ide.mcu.externaltools.gnu-tools-for-stm32.13.3.rel1.macos64_1.0.0.202411102158/tools/bin/../lib/gcc/arm-none-eabi/13.3.1/../../../../arm-none-eabi/lib/thumb/v7e-m+fp/hard/crt0.o (exit)
[...]
Memory Configuration

Name             Origin             Length             Attributes
RAM              0x20000000         0x00020000         xrw
FLASH            0x08000000         0x20000000         xr
*default*        0x00000000         0xffffffff

Linker script and memory map

LOAD /Applications/STM32CubeIDE.app/Contents/Eclipse/plugins/com.st.stm32cube.ide.mcu.externaltools.gnu-tools-for-stm32.13.3.rel1.macos64_1.0.0.202411102158/tools/bin/../lib/gcc/arm-none-eabi/13.3.1/thumb/v7e-m+fp/hard/crti.o
LOAD /Applications/STM32CubeIDE.app/Contents/Eclipse/plugins/com.st.stm32cube.ide.mcu.externaltools.gnu-tools-for-stm32.13.3.rel1.macos64_1.0.0.202411102158/tools/bin/../lib/gcc/arm-none-eabi/13.3.1/thumb/v7e-m+fp/hard/crtbegin.o
LOAD /Applications/STM32CubeIDE.app/Contents/Eclipse/plugins/com.st.stm32cube.ide.mcu.externaltools.gnu-tools-for-stm32.13.3.rel1.macos64_1.0.0.202411102158/tools/bin/../lib/gcc/arm-none-eabi/13.3.1/../../../../arm-none-eabi/lib/thumb/v7e-m+fp/hard/crt0.o
LOAD ./Core/Src/main.o
LOAD ./Core/Src/stm32f4xx_hal_msp.o
LOAD ./Core/Src/stm32f4xx_it.o
LOAD ./Core/Src/syscalls.o
LOAD ./Core/Src/sysmem.o
LOAD ./Core/Src/system_stm32f4xx.o
LOAD ./Core/Startup/startup_stm32f446retx.o
LOAD ./Drivers/STM32F4xx_HAL_Driver/Src/stm32f4xx_hal.o
LOAD ./Drivers/STM32F4xx_HAL_Driver/Src/stm32f4xx_hal_cortex.o
LOAD ./Drivers/STM32F4xx_HAL_Driver/Src/stm32f4xx_hal_dma.o
LOAD ./Drivers/STM32F4xx_HAL_Driver/Src/stm32f4xx_hal_dma_ex.o
LOAD ./Drivers/STM32F4xx_HAL_Driver/Src/stm32f4xx_hal_exti.o
LOAD ./Drivers/STM32F4xx_HAL_Driver/Src/stm32f4xx_hal_flash.o
LOAD ./Drivers/STM32F4xx_HAL_Driver/Src/stm32f4xx_hal_flash_ex.o
LOAD ./Drivers/STM32F4xx_HAL_Driver/Src/stm32f4xx_hal_flash_ramfunc.o
LOAD ./Drivers/STM32F4xx_HAL_Driver/Src/stm32f4xx_hal_gpio.o
LOAD ./Drivers/STM32F4xx_HAL_Driver/Src/stm32f4xx_hal_pwr.o
LOAD ./Drivers/STM32F4xx_HAL_Driver/Src/stm32f4xx_hal_pwr_ex.o
LOAD ./Drivers/STM32F4xx_HAL_Driver/Src/stm32f4xx_hal_rcc.o
LOAD ./Drivers/STM32F4xx_HAL_Driver/Src/stm32f4xx_hal_rcc_ex.o
LOAD ./Drivers/STM32F4xx_HAL_Driver/Src/stm32f4xx_hal_uart.o
LOAD ./X-CUBE-AI/App/aiSystemPerformance.o
LOAD ./X-CUBE-AI/App/aiTestHelper.o
LOAD ./X-CUBE-AI/App/aiTestUtility.o
LOAD ./X-CUBE-AI/App/ai_device_adaptor.o
LOAD ./X-CUBE-AI/App/app_x-cube-ai.o
LOAD ./X-CUBE-AI/App/lc_print.o
LOAD ./X-CUBE-AI/App/network.o
LOAD ./X-CUBE-AI/App/network_data.o
LOAD ./X-CUBE-AI/App/network_data_params.o
LOAD ./X-CUBE-AI/App/syscalls.o
LOAD ../Middlewares/ST/AI/Lib/NetworkRuntime1010_CM4_GCC.a
START GROUP
LOAD /Applications/STM32CubeIDE.app/Contents/Eclipse/plugins/com.st.stm32cube.ide.mcu.externaltools.gnu-tools-for-stm32.13.3.rel1.macos64_1.0.0.202411102158/tools/bin/../lib/gcc/arm-none-eabi/13.3.1/../../../../arm-none-eabi/lib/thumb/v7e-m+fp/hard/libc_nano.a
LOAD /Applications/STM32CubeIDE.app/Contents/Eclipse/plugins/com.st.stm32cube.ide.mcu.externaltools.gnu-tools-for-stm32.13.3.rel1.macos64_1.0.0.202411102158/tools/bin/../lib/gcc/arm-none-eabi/13.3.1/../../../../arm-none-eabi/lib/thumb/v7e-m+fp/hard/libm.a
END GROUP
START GROUP
LOAD /Applications/STM32CubeIDE.app/Contents/Eclipse/plugins/com.st.stm32cube.ide.mcu.externaltools.gnu-tools-for-stm32.13.3.rel1.macos64_1.0.0.202411102158/tools/bin/../lib/gcc/arm-none-eabi/13.3.1/thumb/v7e-m+fp/hard/libgcc.a
LOAD /Applications/STM32CubeIDE.app/Contents/Eclipse/plugins/com.st.stm32cube.ide.mcu.externaltools.gnu-tools-for-stm32.13.3.rel1.macos64_1.0.0.202411102158/tools/bin/../lib/gcc/arm-none-eabi/13.3.1/../../../../arm-none-eabi/lib/thumb/v7e-m+fp/hard/libc_nano.a
END GROUP
START GROUP
LOAD /Applications/STM32CubeIDE.app/Contents/Eclipse/plugins/com.st.stm32cube.ide.mcu.externaltools.gnu-tools-for-stm32.13.3.rel1.macos64_1.0.0.202411102158/tools/bin/../lib/gcc/arm-none-eabi/13.3.1/thumb/v7e-m+fp/hard/libgcc.a
LOAD /Applications/STM32CubeIDE.app/Contents/Eclipse/plugins/com.st.stm32cube.ide.mcu.externaltools.gnu-tools-for-stm32.13.3.rel1.macos64_1.0.0.202411102158/tools/bin/../lib/gcc/arm-none-eabi/13.3.1/../../../../arm-none-eabi/lib/thumb/v7e-m+fp/hard/libc_nano.a
LOAD /Applications/STM32CubeIDE.app/Contents/Eclipse/plugins/com.st.stm32cube.ide.mcu.externaltools.gnu-tools-for-stm32.13.3.rel1.macos64_1.0.0.202411102158/tools/bin/../lib/gcc/arm-none-eabi/13.3.1/../../../../arm-none-eabi/lib/thumb/v7e-m+fp/hard/libnosys.a
END GROUP
START GROUP
LOAD /Applications/STM32CubeIDE.app/Contents/Eclipse/plugins/com.st.stm32cube.ide.mcu.externaltools.gnu-tools-for-stm32.13.3.rel1.macos64_1.0.0.202411102158/tools/bin/../lib/gcc/arm-none-eabi/13.3.1/thumb/v7e-m+fp/hard/libgcc.a
LOAD /Applications/STM32CubeIDE.app/Contents/Eclipse/plugins/com.st.stm32cube.ide.mcu.externaltools.gnu-tools-for-stm32.13.3.rel1.macos64_1.0.0.202411102158/tools/bin/../lib/gcc/arm-none-eabi/13.3.1/../../../../arm-none-eabi/lib/thumb/v7e-m+fp/hard/libc_nano.a
LOAD /Applications/STM32CubeIDE.app/Contents/Eclipse/plugins/com.st.stm32cube.ide.mcu.externaltools.gnu-tools-for-stm32.13.3.rel1.macos64_1.0.0.202411102158/tools/bin/../lib/gcc/arm-none-eabi/13.3.1/../../../../arm-none-eabi/lib/thumb/v7e-m+fp/hard/libnosys.a
END GROUP
LOAD /Applications/STM32CubeIDE.app/Contents/Eclipse/plugins/com.st.stm32cube.ide.mcu.externaltools.gnu-tools-for-stm32.13.3.rel1.macos64_1.0.0.202411102158/tools/bin/../lib/gcc/arm-none-eabi/13.3.1/thumb/v7e-m+fp/hard/crtend.o
LOAD /Applications/STM32CubeIDE.app/Contents/Eclipse/plugins/com.st.stm32cube.ide.mcu.externaltools.gnu-tools-for-stm32.13.3.rel1.macos64_1.0.0.202411102158/tools/bin/../lib/gcc/arm-none-eabi/13.3.1/thumb/v7e-m+fp/hard/crtn.o
                0x20020000                        _estack = (ORIGIN (RAM) + LENGTH (RAM))
                0x00000800                        _Min_Heap_Size = 0x800
                0x00000800                        _Min_Stack_Size = 0x800

.AI_RAM         0x20000000     0x20b4
                0x20000000                        . = ALIGN (0x4)
 *(.AI_RAM)
 .AI_RAM        0x20000000     0x20b4 ./X-CUBE-AI/App/app_x-cube-ai.o

.isr_vector     0x08000000      0x1c4
                0x08000000                        . = ALIGN (0x4)
 *(.isr_vector)
 .isr_vector    0x08000000      0x1c4 ./Core/Startup/startup_stm32f446retx.o
                0x08000000                g_pfnVectors
                0x080001c4                        . = ALIGN (0x4)

.text           0x080001d0     0x7638
                0x080001d0                        . = ALIGN (0x4)
 *(.text)
 .text          0x080001d0       0x40 /Applications/STM32CubeIDE.app/Contents/Eclipse/plugins/com.st.stm32cube.ide.mcu.externaltools.gnu-tools-for-stm32.13.3.rel1.macos64_1.0.0.202411102158/tools/bin/../lib/gcc/arm-none-eabi/13.3.1/thumb/v7e-m+fp/hard/crtbegin.o
 .text          0x08000210       0xa0 /Applications/STM32CubeIDE.app/Contents/Eclipse/plugins/com.st.stm32cube.ide.mcu.externaltools.gnu-tools-for-stm32.13.3.rel1.macos64_1.0.0.202411102158/tools/bin/../lib/gcc/arm-none-eabi/13.3.1/../../../../arm-none-eabi/lib/thumb/v7e-m+fp/hard/libc_nano.a(libc_a-memchr.o)
                0x08000210                memchr
 .text          0x080002b0       0x10 /Applications/STM32CubeIDE.app/Contents/Eclipse/plugins/com.st.stm32cube.ide.mcu.externaltools.gnu-tools-for-stm32.13.3.rel1.macos64_1.0.0.202411102158/tools/bin/../lib/gcc/arm-none-eabi/13.3.1/../../../../arm-none-eabi/lib/thumb/v7e-m+fp/hard/libc_nano.a(libc_a-strlen.o)
                0x080002b0                strlen
 .text          0x080002c0      0x378 /Applications/STM32CubeIDE.app/Contents/Eclipse/plugins/com.st.stm32cube.ide.mcu.externaltools.gnu-tools-for-stm32.13.3.rel1.macos64_1.0.0.202411102158/tools/bin/../lib/gcc/arm-none-eabi/13.3.1/thumb/v7e-m+fp/hard/libgcc.a(_arm_addsubdf3.o)
                0x080002c0                __aeabi_drsub
                0x080002c8                __subdf3
                0x080002c8                __aeabi_dsub
                0x080002cc                __aeabi_dadd
                0x080002cc                __adddf3
                0x08000544                __aeabi_ui2d
                0x08000544                __floatunsidf
                0x08000564                __floatsidf
                0x08000564                __aeabi_i2d
                0x08000588                __extendsfdf2
                0x08000588                __aeabi_f2d
                0x080005cc                __aeabi_ul2d
                0x080005cc                __floatundidf
                0x080005dc                __aeabi_l2d
                0x080005dc                __floatdidf
 .text          0x08000638      0x424 /Applications/STM32CubeIDE.app/Contents/Eclipse/plugins/com.st.stm32cube.ide.mcu.externaltools.gnu-tools-for-stm32.13.3.rel1.macos64_1.0.0.202411102158/tools/bin/../lib/gcc/arm-none-eabi/13.3.1/thumb/v7e-m+fp/hard/libgcc.a(_arm_muldivdf3.o)
                0x08000638                __aeabi_dmul
                0x08000638                __muldf3
                0x0800088c                __aeabi_ddiv
                0x0800088c                __divdf3
 .text          0x08000a5c      0x110 /Applications/STM32CubeIDE.app/Contents/Eclipse/plugins/com.st.stm32cube.ide.mcu.externaltools.gnu-tools-for-stm32.13.3.rel1.macos64_1.0.0.202411102158/tools/bin/../lib/gcc/arm-none-eabi/13.3.1/thumb/v7e-m+fp/hard/libgcc.a(_arm_cmpdf2.o)
                0x08000a5c                __gedf2
                0x08000a5c                __gtdf2
                0x08000a64                __ledf2
                0x08000a64                __ltdf2
                0x08000a6c                __cmpdf2
                0x08000a6c                __eqdf2
                0x08000a6c                __nedf2
                0x08000ae8                __aeabi_cdrcmple
                0x08000af8                __aeabi_cdcmple
                0x08000af8                __aeabi_cdcmpeq
                0x08000b08                __aeabi_dcmpeq
                0x08000b1c                __aeabi_dcmplt
                0x08000b30                __aeabi_dcmple
                0x08000b44                __aeabi_dcmpge
                0x08000b58                __aeabi_dcmpgt
 .text          0x08000b6c       0x2c /Applications/STM32CubeIDE.app/Contents/Eclipse/plugins/com.st.stm32cube.ide.mcu.externaltools.gnu-tools-for-stm32.13.3.rel1.macos64_1.0.0.202411102158/tools/bin/../lib/gcc/arm-none-eabi/13.3.1/thumb/v7e-m+fp/hard/libgcc.a(_arm_unorddf2.o)
                0x08000b6c                __aeabi_dcmpun
                0x08000b6c                __unorddf2
 .text          0x08000b98       0x50 /Applications/STM32CubeIDE.app/Contents/Eclipse/plugins/com.st.stm32cube.ide.mcu.externaltools.gnu-tools-for-stm32.13.3.rel1.macos64_1.0.0.202411102158/tools/bin/../lib/gcc/arm-none-eabi/13.3.1/thumb/v7e-m+fp/hard/libgcc.a(_arm_fixdfsi.o)
                0x08000b98                __fixdfsi
                0x08000b98                __aeabi_d2iz
 .text          0x08000be8       0x30 /Applications/STM32CubeIDE.app/Contents/Eclipse/plugins/com.st.stm32cube.ide.mcu.externaltools.gnu-tools-for-stm32.13.3.rel1.macos64_1.0.0.202411102158/tools/bin/../lib/gcc/arm-none-eabi/13.3.1/thumb/v7e-m+fp/hard/libgcc.a(_aeabi_uldivmod.o)
                0x08000be8                __aeabi_uldivmod
 .text          0x08000c18      0x2f8 /Applications/STM32CubeIDE.app/Contents/Eclipse/plugins/com.st.stm32cube.ide.mcu.externaltools.gnu-tools-for-stm32.13.3.rel1.macos64_1.0.0.202411102158/tools/bin/../lib/gcc/arm-none-eabi/13.3.1/thumb/v7e-m+fp/hard/libgcc.a(_udivmoddi4.o)
                0x08000c18                __udivmoddi4
 .text          0x08000f10        0x4 /Applications/STM32CubeIDE.app/Contents/Eclipse/plugins/com.st.stm32cube.ide.mcu.externaltools.gnu-tools-for-stm32.13.3.rel1.macos64_1.0.0.202411102158/tools/bin/../lib/gcc/arm-none-eabi/13.3.1/thumb/v7e-m+fp/hard/libgcc.a(_dvmd_tls.o)
                0x08000f10                __aeabi_ldiv0
                0x08000f10                __aeabi_idiv0
 *(.text*)
 .text.SystemClock_Config
                0x08000f14       0xa8 ./Core/Src/main.o
                0x08000f14                SystemClock_Config
 .text.MX_USART2_UART_Init
                0x08000fbc       0x34 ./Core/Src/main.o
                0x08000fbc                MX_USART2_UART_Init
 .text.startup.main
                0x08000ff0      0x1a8 ./Core/Src/main.o
                0x08000ff0                main
 .text.HAL_MspInit
                0x08001198       0x3c ./Core/Src/stm32f4xx_hal_msp.o
                0x08001198                HAL_MspInit
 .text.HAL_UART_MspInit
                0x080011d4       0x80 ./Core/Src/stm32f4xx_hal_msp.o
                0x080011d4                HAL_UART_MspInit
 .text.NMI_Handler
                0x08001254        0x2 ./Core/Src/stm32f4xx_it.o
                0x08001254                NMI_Handler
 .text.HardFault_Handler
                0x08001256        0x2 ./Core/Src/stm32f4xx_it.o
                0x08001256                HardFault_Handler
 .text.MemManage_Handler
                0x08001258        0x2 ./Core/Src/stm32f4xx_it.o
                0x08001258                MemManage_Handler
 .text.BusFault_Handler
                0x0800125a        0x2 ./Core/Src/stm32f4xx_it.o
                0x0800125a                BusFault_Handler
 .text.UsageFault_Handler
                0x0800125c        0x2 ./Core/Src/stm32f4xx_it.o
                0x0800125c                UsageFault_Handler
 .text.SVC_Handler
                0x0800125e        0x2 ./Core/Src/stm32f4xx_it.o
                0x0800125e                SVC_Handler
 .text.DebugMon_Handler
                0x08001260        0x2 ./Core/Src/stm32f4xx_it.o
                0x08001260                DebugMon_Handler
 .text.PendSV_Handler
                0x08001262        0x2 ./Core/Src/stm32f4xx_it.o
                0x08001262                PendSV_Handler
 .text.SysTick_Handler
                0x08001264        0x4 ./Core/Src/stm32f4xx_it.o
                0x08001264                SysTick_Handler
 .text._getpid  0x08001268        0x4 ./Core/Src/syscalls.o
                0x08001268                _getpid
 .text._kill    0x0800126c       0x10 ./Core/Src/syscalls.o
                0x0800126c                _kill
 .text._exit    0x0800127c        0xc ./Core/Src/syscalls.o
                0x0800127c                _exit
 .text._read    0x08001288       0x1c ./Core/Src/syscalls.o
                0x08001288                _read
 .text._close   0x080012a4        0x6 ./Core/Src/syscalls.o
                0x080012a4                _close
 .text._fstat   0x080012aa        0xa ./Core/Src/syscalls.o
                0x080012aa                _fstat
 .text._isatty  0x080012b4        0x4 ./Core/Src/syscalls.o
                0x080012b4                _isatty
 .text._lseek   0x080012b8        0x4 ./Core/Src/syscalls.o
                0x080012b8                _lseek
 .text._sbrk    0x080012bc       0x40 ./Core/Src/sysmem.o
                0x080012bc                _sbrk
 .text.SystemInit
                0x080012fc       0x14 ./Core/Src/system_stm32f4xx.o
                0x080012fc                SystemInit
 .text.Reset_Handler
                0x08001310       0x50 ./Core/Startup/startup_stm32f446retx.o
                0x08001310                Reset_Handler
 .text.Default_Handler
                0x08001360        0x2 ./Core/Startup/startup_stm32f446retx.o
                0x08001360                DMA1_Stream3_IRQHandler
                0x08001360                EXTI2_IRQHandler
                0x08001360                TIM8_CC_IRQHandler
                0x08001360                FMPI2C1_EV_IRQHandler
                0x08001360                SPI4_IRQHandler
                0x08001360                TIM1_CC_IRQHandler
                0x08001360                DMA2_Stream5_IRQHandler
                0x08001360                DMA1_Stream5_IRQHandler
                0x08001360                PVD_IRQHandler
                0x08001360                SDIO_IRQHandler
                0x08001360                TAMP_STAMP_IRQHandler
                0x08001360                CAN2_RX1_IRQHandler
                0x08001360                EXTI3_IRQHandler
                0x08001360                TIM8_TRG_COM_TIM14_IRQHandler
                0x08001360                TIM1_UP_TIM10_IRQHandler
                0x08001360                TIM8_UP_TIM13_IRQHandler
                0x08001360                I2C3_ER_IRQHandler
                0x08001360                EXTI0_IRQHandler
                0x08001360                I2C2_EV_IRQHandler
                0x08001360                DMA1_Stream2_IRQHandler
                0x08001360                CAN1_RX0_IRQHandler
                0x08001360                FPU_IRQHandler
                0x08001360                OTG_HS_WKUP_IRQHandler
                0x08001360                CAN2_SCE_IRQHandler
                0x08001360                DMA2_Stream2_IRQHandler
                0x08001360                SPI1_IRQHandler
                0x08001360                TIM6_DAC_IRQHandler
                0x08001360                TIM1_BRK_TIM9_IRQHandler
                0x08001360                DCMI_IRQHandler
                0x08001360                CAN2_RX0_IRQHandler
                0x08001360                DMA2_Stream3_IRQHandler
                0x08001360                SAI2_IRQHandler
                0x08001360                USART6_IRQHandler
                0x08001360                USART3_IRQHandler
                0x08001360                CAN1_RX1_IRQHandler
                0x08001360                UART5_IRQHandler
                0x08001360                DMA2_Stream0_IRQHandler
                0x08001360                TIM4_IRQHandler
                0x08001360                QUADSPI_IRQHandler
                0x08001360                I2C1_EV_IRQHandler
                0x08001360                DMA1_Stream6_IRQHandler
                0x08001360                DMA1_Stream1_IRQHandler
                0x08001360                UART4_IRQHandler
                0x08001360                TIM3_IRQHandler
                0x08001360                RCC_IRQHandler
                0x08001360                TIM8_BRK_TIM12_IRQHandler
                0x08001360                Default_Handler
                0x08001360                CEC_IRQHandler
                0x08001360                EXTI15_10_IRQHandler
                0x08001360                ADC_IRQHandler
                0x08001360                DMA1_Stream7_IRQHandler
                0x08001360                TIM7_IRQHandler
                0x08001360                CAN2_TX_IRQHandler
                0x08001360                TIM5_IRQHandler
                0x08001360                DMA2_Stream7_IRQHandler
                0x08001360                I2C3_EV_IRQHandler
                0x08001360                EXTI9_5_IRQHandler
                0x08001360                RTC_WKUP_IRQHandler
                0x08001360                SPDIF_RX_IRQHandler
                0x08001360                SPI2_IRQHandler
                0x08001360                OTG_HS_EP1_IN_IRQHandler
                0x08001360                DMA1_Stream0_IRQHandler
                0x08001360                CAN1_TX_IRQHandler
                0x08001360                FMPI2C1_ER_IRQHandler
                0x08001360                EXTI4_IRQHandler
                0x08001360                OTG_HS_EP1_OUT_IRQHandler
                0x08001360                WWDG_IRQHandler
                0x08001360                TIM2_IRQHandler
                0x08001360                OTG_FS_WKUP_IRQHandler
                0x08001360                TIM1_TRG_COM_TIM11_IRQHandler
                0x08001360                OTG_HS_IRQHandler
                0x08001360                EXTI1_IRQHandler
                0x08001360                USART2_IRQHandler
                0x08001360                I2C2_ER_IRQHandler
                0x08001360                DMA2_Stream1_IRQHandler
                0x08001360                CAN1_SCE_IRQHandler
                0x08001360                FLASH_IRQHandler
                0x08001360                DMA2_Stream4_IRQHandler
                0x08001360                USART1_IRQHandler
                0x08001360                OTG_FS_IRQHandler
                0x08001360                SPI3_IRQHandler
                0x08001360                DMA1_Stream4_IRQHandler
                0x08001360                I2C1_ER_IRQHandler
                0x08001360                FMC_IRQHandler
                0x08001360                DMA2_Stream6_IRQHandler
                0x08001360                SAI1_IRQHandler
                0x08001360                RTC_Alarm_IRQHandler
 *fill*         0x08001362        0x2 
 .text.HAL_InitTick
                0x08001364       0x48 ./Drivers/STM32F4xx_HAL_Driver/Src/stm32f4xx_hal.o
                0x08001364                HAL_InitTick
 .text.HAL_Init
                0x080013ac       0x34 ./Drivers/STM32F4xx_HAL_Driver/Src/stm32f4xx_hal.o
                0x080013ac                HAL_Init
 .text.HAL_IncTick
                0x080013e0       0x18 ./Drivers/STM32F4xx_HAL_Driver/Src/stm32f4xx_hal.o
                0x080013e0                HAL_IncTick
 .text.HAL_GetTick
                0x080013f8        0xc ./Drivers/STM32F4xx_HAL_Driver/Src/stm32f4xx_hal.o
                0x080013f8                HAL_GetTick
 .text.HAL_Delay
                0x08001404       0x28 ./Drivers/STM32F4xx_HAL_Driver/Src/stm32f4xx_hal.o
                0x08001404                HAL_Delay
 .text.HAL_NVIC_SetPriorityGrouping
                0x0800142c       0x24 ./Drivers/STM32F4xx_HAL_Driver/Src/stm32f4xx_hal_cortex.o
                0x0800142c                HAL_NVIC_SetPriorityGrouping
 .text.HAL_NVIC_SetPriority
                0x08001450       0x64 ./Drivers/STM32F4xx_HAL_Driver/Src/stm32f4xx_hal_cortex.o
                0x08001450                HAL_NVIC_SetPriority
 .text.HAL_SYSTICK_Config
                0x080014b4       0x28 ./Drivers/STM32F4xx_HAL_Driver/Src/stm32f4xx_hal_cortex.o
                0x080014b4                HAL_SYSTICK_Config
 .text.HAL_GPIO_Init
                0x080014dc      0x1a4 ./Drivers/STM32F4xx_HAL_Driver/Src/stm32f4xx_hal_gpio.o
                0x080014dc                HAL_GPIO_Init
 .text.HAL_GPIO_WritePin
                0x08001680        0xa ./Drivers/STM32F4xx_HAL_Driver/Src/stm32f4xx_hal_gpio.o
                0x08001680                HAL_GPIO_WritePin
 .text.HAL_GPIO_TogglePin
                0x0800168a       0x12 ./Drivers/STM32F4xx_HAL_Driver/Src/stm32f4xx_hal_gpio.o
                0x0800168a                HAL_GPIO_TogglePin
 .text.HAL_PWREx_EnableOverDrive
                0x0800169c       0x74 ./Drivers/STM32F4xx_HAL_Driver/Src/stm32f4xx_hal_pwr_ex.o
                0x0800169c                HAL_PWREx_EnableOverDrive
 .text.HAL_RCC_ClockConfig
                0x08001710      0x134 ./Drivers/STM32F4xx_HAL_Driver/Src/stm32f4xx_hal_rcc.o
                0x08001710                HAL_RCC_ClockConfig
 .text.HAL_RCC_GetPCLK1Freq
                0x08001844       0x20 ./Drivers/STM32F4xx_HAL_Driver/Src/stm32f4xx_hal_rcc.o
                0x08001844                HAL_RCC_GetPCLK1Freq
 .text.HAL_RCC_GetPCLK2Freq
                0x08001864       0x20 ./Drivers/STM32F4xx_HAL_Driver/Src/stm32f4xx_hal_rcc.o
                0x08001864                HAL_RCC_GetPCLK2Freq
 .text.HAL_RCC_GetSysClockFreq
                0x08001884       0x90 ./Drivers/STM32F4xx_HAL_Driver/Src/stm32f4xx_hal_rcc_ex.o
                0x08001884                HAL_RCC_GetSysClockFreq
 .text.HAL_RCC_OscConfig
                0x08001914      0x39c ./Drivers/STM32F4xx_HAL_Driver/Src/stm32f4xx_hal_rcc_ex.o
                0x08001914                HAL_RCC_OscConfig
 .text.UART_EndRxTransfer
                0x08001cb0       0x5c ./Drivers/STM32F4xx_HAL_Driver/Src/stm32f4xx_hal_uart.o
 .text.UART_SetConfig
                0x08001d0c       0xbc ./Drivers/STM32F4xx_HAL_Driver/Src/stm32f4xx_hal_uart.o
 .text.UART_WaitOnFlagUntilTimeout.constprop.0
                0x08001dc8       0x64 ./Drivers/STM32F4xx_HAL_Driver/Src/stm32f4xx_hal_uart.o
 .text.HAL_UART_Init
                0x08001e2c       0x5e ./Drivers/STM32F4xx_HAL_Driver/Src/stm32f4xx_hal_uart.o
                0x08001e2c                HAL_UART_Init
 .text.HAL_UART_Transmit
                0x08001e8a       0x9c ./Drivers/STM32F4xx_HAL_Driver/Src/stm32f4xx_hal_uart.o
                0x08001e8a                HAL_UART_Transmit
 *fill*         0x08001f26        0x2 
 .text._write   0x08001f28       0x40 ./X-CUBE-AI/App/aiTestUtility.o
                0x08001f28                _write
 .text.__wrap_malloc
                0x08001f68       0x50 ./X-CUBE-AI/App/aiTestUtility.o
                0x08001f68                __wrap_malloc
 .text.ai_network_create
                0x08001fb8       0x1c ./X-CUBE-AI/App/network.o
                0x08001fb8                ai_network_create
 .text.ai_network_inputs_get
                0x08001fd4       0x14 ./X-CUBE-AI/App/network.o
                0x08001fd4                ai_network_inputs_get
 .text.ai_network_outputs_get
                0x08001fe8       0x14 ./X-CUBE-AI/App/network.o
                0x08001fe8                ai_network_outputs_get
 .text.ai_network_init
                0x08001ffc      0x1b8 ./X-CUBE-AI/App/network.o
                0x08001ffc                ai_network_init
 .text.ai_network_run
                0x080021b4        0x4 ./X-CUBE-AI/App/network.o
                0x080021b4                ai_network_run
 .text.ai_network_data_activations_buffer_get
                0x080021b8       0x28 ./X-CUBE-AI/App/network_data.o
                0x080021b8                ai_network_data_activations_buffer_get
 .text.ai_network_data_weights_buffer_get
                0x080021e0       0x28 ./X-CUBE-AI/App/network_data.o
                0x080021e0                ai_network_data_weights_buffer_get
 .text.ai_network_data_weights_get
                0x08002208        0x8 ./X-CUBE-AI/App/network_data.o
                0x08002208                ai_network_data_weights_get
 .text.ai_buffer_get_size
                0x08002210       0x64 ../Middlewares/ST/AI/Lib/NetworkRuntime1010_CM4_GCC.a(ai_platform.o)
                0x08002210                ai_buffer_get_size
 .text.ai_buffer_array_sane
                0x08002274       0x14 ../Middlewares/ST/AI/Lib/NetworkRuntime1010_CM4_GCC.a(ai_platform.o)
                0x08002274                ai_buffer_array_sane
 .text.ai_platform_get_weights_map
                0x08002288       0xa4 ../Middlewares/ST/AI/Lib/NetworkRuntime1010_CM4_GCC.a(ai_platform_interface.o)
                0x08002288                ai_platform_get_weights_map
 .text.ai_platform_get_activations_map
                0x0800232c       0xa8 ../Middlewares/ST/AI/Lib/NetworkRuntime1010_CM4_GCC.a(ai_platform_interface.o)
                0x0800232c                ai_platform_get_activations_map
 .text.ai_platform_network_set_error
                0x080023d4        0xc ../Middlewares/ST/AI/Lib/NetworkRuntime1010_CM4_GCC.a(ai_platform_interface.o)
                0x080023d4                ai_platform_network_set_error
 .text.ai_platform_inputs_get
                0x080023e0       0xec ../Middlewares/ST/AI/Lib/NetworkRuntime1010_CM4_GCC.a(ai_platform_interface.o)
                0x080023e0                ai_platform_inputs_get
 .text.ai_platform_outputs_get
                0x080024cc       0xe4 ../Middlewares/ST/AI/Lib/NetworkRuntime1010_CM4_GCC.a(ai_platform_interface.o)
                0x080024cc                ai_platform_outputs_get
 .text.ai_platform_network_create
                0x080025b0       0x84 ../Middlewares/ST/AI/Lib/NetworkRuntime1010_CM4_GCC.a(ai_platform_interface.o)
                0x080025b0                ai_platform_network_create
 .text.ai_platform_network_init
                0x08002634      0x130 ../Middlewares/ST/AI/Lib/NetworkRuntime1010_CM4_GCC.a(ai_platform_interface.o)
                0x08002634                ai_platform_network_init
 .text.ai_platform_network_post_init
                0x08002764       0x5c ../Middlewares/ST/AI/Lib/NetworkRuntime1010_CM4_GCC.a(ai_platform_interface.o)
                0x08002764                ai_platform_network_post_init
 .text.ai_platform_network_process
                0x080027c0      0x438 ../Middlewares/ST/AI/Lib/NetworkRuntime1010_CM4_GCC.a(ai_platform_interface.o)
                0x080027c0                ai_platform_network_process
 .text.core_init
                0x08002bf8        0x4 ../Middlewares/ST/AI/Lib/NetworkRuntime1010_CM4_GCC.a(core_common.o)
                0x08002bf8                core_init
 .text.core_set_error
                0x08002bfc       0x18 ../Middlewares/ST/AI/Lib/NetworkRuntime1010_CM4_GCC.a(core_common.o)
                0x08002bfc                core_set_error
 .text.ai_check_custom_types
                0x08002c14       0x54 ../Middlewares/ST/AI/Lib/NetworkRuntime1010_CM4_GCC.a(layers.o)
                0x08002c14                ai_check_custom_types
 .text.ai_layers_init_all
                0x08002c68       0x20 ../Middlewares/ST/AI/Lib/NetworkRuntime1010_CM4_GCC.a(layers.o)
                0x08002c68                ai_layers_init_all
 .text.ai_layers_post_init_all
                0x08002c88       0x3c ../Middlewares/ST/AI/Lib/NetworkRuntime1010_CM4_GCC.a(layers.o)
                0x08002c88                ai_layers_post_init_all
 .text.ai_layers_forward_all
                0x08002cc4       0x90 ../Middlewares/ST/AI/Lib/NetworkRuntime1010_CM4_GCC.a(layers.o)
                0x08002cc4                ai_layers_forward_all
 .text.forward_conv2d_if32of32wf32_nl_pool
                0x08002d54      0x2d4 ../Middlewares/ST/AI/Lib/NetworkRuntime1010_CM4_GCC.a(layers_conv2d_generic_float.o)
                0x08002d54                forward_conv2d_if32of32wf32_nl_pool
 .text.forward_dense
                0x08003028      0x100 ../Middlewares/ST/AI/Lib/NetworkRuntime1010_CM4_GCC.a(layers_conv2d_generic_float.o)
                0x08003028                forward_dense
 .text.forward_relu
                0x08003128      0x134 ../Middlewares/ST/AI/Lib/NetworkRuntime1010_CM4_GCC.a(layers_nl_generic_float.o)
                0x08003128                forward_relu
 .text.forward_sm
                0x0800325c       0x84 ../Middlewares/ST/AI/Lib/NetworkRuntime1010_CM4_GCC.a(layers_nl_generic_float.o)
                0x0800325c                forward_sm
 .text.forward_lite_conv2d_if32of32wf32_pool
                0x080032e0      0x830 ../Middlewares/ST/AI/Lib/NetworkRuntime1010_CM4_GCC.a(forward_lite_conv2d_if32of32wf32.o)
                0x080032e0                forward_lite_conv2d_if32of32wf32_pool
 .text.forward_lite_nl_softmax_if32of32_kernel
                0x08003b10       0xf0 ../Middlewares/ST/AI/Lib/NetworkRuntime1010_CM4_GCC.a(lite_nl_softmax_if32of32.o)
                0x08003b10                forward_lite_nl_softmax_if32of32_kernel
 .text.forward_lite_nl_relu_generic_if32of32_kernel
                0x08003c00       0xf0 ../Middlewares/ST/AI/Lib/NetworkRuntime1010_CM4_GCC.a(lite_nl_relu_if32of32.o)
                0x08003c00                forward_lite_nl_relu_generic_if32of32_kernel
 .text.pool_func_mp_array_f32
                0x08003cf0      0x468 ../Middlewares/ST/AI/Lib/NetworkRuntime1010_CM4_GCC.a(forward_lite_pool_f32.o)
                0x08003cf0                pool_func_mp_array_f32
 .text.forward_lite_dense_if32of32wf32
                0x08004158      0x2ac ../Middlewares/ST/AI/Lib/NetworkRuntime1010_CM4_GCC.a(lite_dense_if32.o)
                0x08004158                forward_lite_dense_if32of32wf32
 .text.forward_lite_dense_if32of32wf32_lut4
                0x08004404      0x288 ../Middlewares/ST/AI/Lib/NetworkRuntime1010_CM4_GCC.a(lite_dense_if32.o)
                0x08004404                forward_lite_dense_if32of32wf32_lut4
 .text.forward_lite_dense_if32of32wf32_lut8
                0x0800468c      0x298 ../Middlewares/ST/AI/Lib/NetworkRuntime1010_CM4_GCC.a(lite_dense_if32.o)
                0x0800468c                forward_lite_dense_if32of32wf32_lut8
 .text.forward_lite_nl_relu_if32of32
                0x08004924       0x44 ../Middlewares/ST/AI/Lib/NetworkRuntime1010_CM4_GCC.a(lite_nl_generic_float.o)
                0x08004924                forward_lite_nl_relu_if32of32
 .text.forward_lite_nl_softmax_if32of32
                0x08004968       0x64 ../Middlewares/ST/AI/Lib/NetworkRuntime1010_CM4_GCC.a(lite_nl_generic_float.o)
                0x08004968                forward_lite_nl_softmax_if32of32
 .text.st_int8_copy
                0x080049cc      0x13c ../Middlewares/ST/AI/Lib/NetworkRuntime1010_CM4_GCC.a(st_int8_fill.o)
                0x080049cc                st_int8_copy
 .text.ai_array_to_buffer_fmt
                0x08004b08       0xe0 ../Middlewares/ST/AI/Lib/NetworkRuntime1010_CM4_GCC.a(ai_datatypes_format.o)
                0x08004b08                ai_array_to_buffer_fmt
 .text.ai_array_get_byte_size
                0x08004be8       0x3c ../Middlewares/ST/AI/Lib/NetworkRuntime1010_CM4_GCC.a(ai_datatypes_format.o)
                0x08004be8                ai_array_get_byte_size
 .text.ai_array_get_data_byte_size
                0x08004c24       0x24 ../Middlewares/ST/AI/Lib/NetworkRuntime1010_CM4_GCC.a(ai_datatypes_format.o)
                0x08004c24                ai_array_get_data_byte_size
 .text.ai_version_get
                0x08004c48        0xc ../Middlewares/ST/AI/Lib/NetworkRuntime1010_CM4_GCC.a(ai_datatypes_internal.o)
                0x08004c48                ai_version_get
 .text.get_tensor_byte_size
                0x08004c54       0x30 ../Middlewares/ST/AI/Lib/NetworkRuntime1010_CM4_GCC.a(ai_datatypes_internal.o)
                0x08004c54                get_tensor_byte_size
 .text.__cvt    0x08004c84       0xca /Applications/STM32CubeIDE.app/Contents/Eclipse/plugins/com.st.stm32cube.ide.mcu.externaltools.gnu-tools-for-stm32.13.3.rel1.macos64_1.0.0.202411102158/tools/bin/../lib/gcc/arm-none-eabi/13.3.1/../../../../arm-none-eabi/lib/thumb/v7e-m+fp/hard/libc_nano.a(libc_a-nano-vfprintf_float.o)
                0x08004c84                __cvt
 .text.__exponent
                0x08004d4e       0x74 /Applications/STM32CubeIDE.app/Contents/Eclipse/plugins/com.st.stm32cube.ide.mcu.externaltools.gnu-tools-for-stm32.13.3.rel1.macos64_1.0.0.202411102158/tools/bin/../lib/gcc/arm-none-eabi/13.3.1/../../../../arm-none-eabi/lib/thumb/v7e-m+fp/hard/libc_nano.a(libc_a-nano-vfprintf_float.o)
                0x08004d4e                __exponent
 *fill*         0x08004dc2        0x2 
 .text._printf_float
                0x08004dc4      0x454 /Applications/STM32CubeIDE.app/Contents/Eclipse/plugins/com.st.stm32cube.ide.mcu.externaltools.gnu-tools-for-stm32.13.3.rel1.macos64_1.0.0.202411102158/tools/bin/../lib/gcc/arm-none-eabi/13.3.1/../../../../arm-none-eabi/lib/thumb/v7e-m+fp/hard/libc_nano.a(libc_a-nano-vfprintf_float.o)
                0x08004dc4                _printf_float
 .text.malloc   0x08005218       0x10 /Applications/STM32CubeIDE.app/Contents/Eclipse/plugins/com.st.stm32cube.ide.mcu.externaltools.gnu-tools-for-stm32.13.3.rel1.macos64_1.0.0.202411102158/tools/bin/../lib/gcc/arm-none-eabi/13.3.1/../../../../arm-none-eabi/lib/thumb/v7e-m+fp/hard/libc_nano.a(libc_a-malloc.o)
                0x08005218                malloc
 .text.sbrk_aligned
                0x08005228       0x44 /Applications/STM32CubeIDE.app/Contents/Eclipse/plugins/com.st.stm32cube.ide.mcu.externaltools.gnu-tools-for-stm32.13.3.rel1.macos64_1.0.0.202411102158/tools/bin/../lib/gcc/arm-none-eabi/13.3.1/../../../../arm-none-eabi/lib/thumb/v7e-m+fp/hard/libc_nano.a(libc_a-mallocr.o)
 .text._malloc_r
                0x0800526c      0x100 /Applications/STM32CubeIDE.app/Contents/Eclipse/plugins/com.st.stm32cube.ide.mcu.externaltools.gnu-tools-for-stm32.13.3.rel1.macos64_1.0.0.202411102158/tools/bin/../lib/gcc/arm-none-eabi/13.3.1/../../../../arm-none-eabi/lib/thumb/v7e-m+fp/hard/libc_nano.a(libc_a-mallocr.o)
                0x0800526c                _malloc_r
 .text._printf_common
                0x0800536c       0xda /Applications/STM32CubeIDE.app/Contents/Eclipse/plugins/com.st.stm32cube.ide.mcu.externaltools.gnu-tools-for-stm32.13.3.rel1.macos64_1.0.0.202411102158/tools/bin/../lib/gcc/arm-none-eabi/13.3.1/../../../../arm-none-eabi/lib/thumb/v7e-m+fp/hard/libc_nano.a(libc_a-nano-vfprintf_i.o)
                0x0800536c                _printf_common
 *fill*         0x08005446        0x2 
 .text._printf_i
                0x08005448      0x23c /Applications/STM32CubeIDE.app/Contents/Eclipse/plugins/com.st.stm32cube.ide.mcu.externaltools.gnu-tools-for-stm32.13.3.rel1.macos64_1.0.0.202411102158/tools/bin/../lib/gcc/arm-none-eabi/13.3.1/../../../../arm-none-eabi/lib/thumb/v7e-m+fp/hard/libc_nano.a(libc_a-nano-vfprintf_i.o)
                0x08005448                _printf_i
 .text.__sflush_r
                0x08005684      0x108 /Applications/STM32CubeIDE.app/Contents/Eclipse/plugins/com.st.stm32cube.ide.mcu.externaltools.gnu-tools-for-stm32.13.3.rel1.macos64_1.0.0.202411102158/tools/bin/../lib/gcc/arm-none-eabi/13.3.1/../../../../arm-none-eabi/lib/thumb/v7e-m+fp/hard/libc_nano.a(libc_a-fflush.o)
                0x08005684                __sflush_r
 .text._fflush_r
                0x0800578c       0x50 /Applications/STM32CubeIDE.app/Contents/Eclipse/plugins/com.st.stm32cube.ide.mcu.externaltools.gnu-tools-for-stm32.13.3.rel1.macos64_1.0.0.202411102158/tools/bin/../lib/gcc/arm-none-eabi/13.3.1/../../../../arm-none-eabi/lib/thumb/v7e-m+fp/hard/libc_nano.a(libc_a-fflush.o)
                0x0800578c                _fflush_r
 .text.__malloc_lock
                0x080057dc        0xc /Applications/STM32CubeIDE.app/Contents/Eclipse/plugins/com.st.stm32cube.ide.mcu.externaltools.gnu-tools-for-stm32.13.3.rel1.macos64_1.0.0.202411102158/tools/bin/../lib/gcc/arm-none-eabi/13.3.1/../../../../arm-none-eabi/lib/thumb/v7e-m+fp/hard/libc_nano.a(libc_a-mlock.o)
                0x080057dc                __malloc_lock
 .text.__malloc_unlock
                0x080057e8        0xc /Applications/STM32CubeIDE.app/Contents/Eclipse/plugins/com.st.stm32cube.ide.mcu.externaltools.gnu-tools-for-stm32.13.3.rel1.macos64_1.0.0.202411102158/tools/bin/../lib/gcc/arm-none-eabi/13.3.1/../../../../arm-none-eabi/lib/thumb/v7e-m+fp/hard/libc_nano.a(libc_a-mlock.o)
                0x080057e8                __malloc_unlock
 .text.std      0x080057f4       0x6c /Applications/STM32CubeIDE.app/Contents/Eclipse/plugins/com.st.stm32cube.ide.mcu.externaltools.gnu-tools-for-stm32.13.3.rel1.macos64_1.0.0.202411102158/tools/bin/../lib/gcc/arm-none-eabi/13.3.1/../../../../arm-none-eabi/lib/thumb/v7e-m+fp/hard/libc_nano.a(libc_a-findfp.o)
 .text.stdio_exit_handler
                0x08005860       0x18 /Applications/STM32CubeIDE.app/Contents/Eclipse/plugins/com.st.stm32cube.ide.mcu.externaltools.gnu-tools-for-stm32.13.3.rel1.macos64_1.0.0.202411102158/tools/bin/../lib/gcc/arm-none-eabi/13.3.1/../../../../arm-none-eabi/lib/thumb/v7e-m+fp/hard/libc_nano.a(libc_a-findfp.o)
 .text.cleanup_stdio
                0x08005878       0x40 /Applications/STM32CubeIDE.app/Contents/Eclipse/plugins/com.st.stm32cube.ide.mcu.externaltools.gnu-tools-for-stm32.13.3.rel1.macos64_1.0.0.202411102158/tools/bin/../lib/gcc/arm-none-eabi/13.3.1/../../../../arm-none-eabi/lib/thumb/v7e-m+fp/hard/libc_nano.a(libc_a-findfp.o)
 .text.global_stdio_init.part.0
                0x080058b8       0x3c /Applications/STM32CubeIDE.app/Contents/Eclipse/plugins/com.st.stm32cube.ide.mcu.externaltools.gnu-tools-for-stm32.13.3.rel1.macos64_1.0.0.202411102158/tools/bin/../lib/gcc/arm-none-eabi/13.3.1/../../../../arm-none-eabi/lib/thumb/v7e-m+fp/hard/libc_nano.a(libc_a-findfp.o)
 .text.__sfp_lock_acquire
                0x080058f4        0xc /Applications/STM32CubeIDE.app/Contents/Eclipse/plugins/com.st.stm32cube.ide.mcu.externaltools.gnu-tools-for-stm32.13.3.rel1.macos64_1.0.0.202411102158/tools/bin/../lib/gcc/arm-none-eabi/13.3.1/../../../../arm-none-eabi/lib/thumb/v7e-m+fp/hard/libc_nano.a(libc_a-findfp.o)
                0x080058f4                __sfp_lock_acquire
 .text.__sfp_lock_release
                0x08005900        0xc /Applications/STM32CubeIDE.app/Contents/Eclipse/plugins/com.st.stm32cube.ide.mcu.externaltools.gnu-tools-for-stm32.13.3.rel1.macos64_1.0.0.202411102158/tools/bin/../lib/gcc/arm-none-eabi/13.3.1/../../../../arm-none-eabi/lib/thumb/v7e-m+fp/hard/libc_nano.a(libc_a-findfp.o)
                0x08005900                __sfp_lock_release
 .text.__sinit  0x0800590c       0x30 /Applications/STM32CubeIDE.app/Contents/Eclipse/plugins/com.st.stm32cube.ide.mcu.externaltools.gnu-tools-for-stm32.13.3.rel1.macos64_1.0.0.202411102158/tools/bin/../lib/gcc/arm-none-eabi/13.3.1/../../../../arm-none-eabi/lib/thumb/v7e-m+fp/hard/libc_nano.a(libc_a-findfp.o)
                0x0800590c                __sinit
 .text._fwalk_sglue
                0x0800593c       0x3c /Applications/STM32CubeIDE.app/Contents/Eclipse/plugins/com.st.stm32cube.ide.mcu.externaltools.gnu-tools-for-stm32.13.3.rel1.macos64_1.0.0.202411102158/tools/bin/../lib/gcc/arm-none-eabi/13.3.1/../../../../arm-none-eabi/lib/thumb/v7e-m+fp/hard/libc_nano.a(libc_a-fwalk.o)
                0x0800593c                _fwalk_sglue
 .text.memset   0x08005978       0x10 /Applications/STM32CubeIDE.app/Contents/Eclipse/plugins/com.st.stm32cube.ide.mcu.externaltools.gnu-tools-for-stm32.13.3.rel1.macos64_1.0.0.202411102158/tools/bin/../lib/gcc/arm-none-eabi/13.3.1/../../../../arm-none-eabi/lib/thumb/v7e-m+fp/hard/libc_nano.a(libc_a-memset.o)
                0x08005978                memset
 .text._sbrk_r  0x08005988       0x20 /Applications/STM32CubeIDE.app/Contents/Eclipse/plugins/com.st.stm32cube.ide.mcu.externaltools.gnu-tools-for-stm32.13.3.rel1.macos64_1.0.0.202411102158/tools/bin/../lib/gcc/arm-none-eabi/13.3.1/../../../../arm-none-eabi/lib/thumb/v7e-m+fp/hard/libc_nano.a(libc_a-sbrkr.o)
                0x08005988                _sbrk_r
 .text.__errno  0x080059a8        0xc /Applications/STM32CubeIDE.app/Contents/Eclipse/plugins/com.st.stm32cube.ide.mcu.externaltools.gnu-tools-for-stm32.13.3.rel1.macos64_1.0.0.202411102158/tools/bin/../lib/gcc/arm-none-eabi/13.3.1/../../../../arm-none-eabi/lib/thumb/v7e-m+fp/hard/libc_nano.a(libc_a-errno.o)
                0x080059a8                __errno
 .text.__libc_init_array
                0x080059b4       0x48 /Applications/STM32CubeIDE.app/Contents/Eclipse/plugins/com.st.stm32cube.ide.mcu.externaltools.gnu-tools-for-stm32.13.3.rel1.macos64_1.0.0.202411102158/tools/bin/../lib/gcc/arm-none-eabi/13.3.1/../../../../arm-none-eabi/lib/thumb/v7e-m+fp/hard/libc_nano.a(libc_a-init.o)
                0x080059b4                __libc_init_array
 .text.__retarget_lock_init_recursive
                0x080059fc        0x2 /Applications/STM32CubeIDE.app/Contents/Eclipse/plugins/com.st.stm32cube.ide.mcu.externaltools.gnu-tools-for-stm32.13.3.rel1.macos64_1.0.0.202411102158/tools/bin/../lib/gcc/arm-none-eabi/13.3.1/../../../../arm-none-eabi/lib/thumb/v7e-m+fp/hard/libc_nano.a(libc_a-lock.o)
                0x080059fc                __retarget_lock_init_recursive
 .text.__retarget_lock_acquire_recursive
                0x080059fe        0x2 /Applications/STM32CubeIDE.app/Contents/Eclipse/plugins/com.st.stm32cube.ide.mcu.externaltools.gnu-tools-for-stm32.13.3.rel1.macos64_1.0.0.202411102158/tools/bin/../lib/gcc/arm-none-eabi/13.3.1/../../../../arm-none-eabi/lib/thumb/v7e-m+fp/hard/libc_nano.a(libc_a-lock.o)
                0x080059fe                __retarget_lock_acquire_recursive
 .text.__retarget_lock_release_recursive
                0x08005a00        0x2 /Applications/STM32CubeIDE.app/Contents/Eclipse/plugins/com.st.stm32cube.ide.mcu.externaltools.gnu-tools-for-stm32.13.3.rel1.macos64_1.0.0.202411102158/tools/bin/../lib/gcc/arm-none-eabi/13.3.1/../../../../arm-none-eabi/lib/thumb/v7e-m+fp/hard/libc_nano.a(libc_a-lock.o)
                0x08005a00                __retarget_lock_release_recursive
 *fill*         0x08005a02        0x2 
 .text._localeconv_r
                0x08005a04        0x8 /Applications/STM32CubeIDE.app/Contents/Eclipse/plugins/com.st.stm32cube.ide.mcu.externaltools.gnu-tools-for-stm32.13.3.rel1.macos64_1.0.0.202411102158/tools/bin/../lib/gcc/arm-none-eabi/13.3.1/../../../../arm-none-eabi/lib/thumb/v7e-m+fp/hard/libc_nano.a(libc_a-localeconv.o)
                0x08005a04                _localeconv_r
 .text.memcpy   0x08005a0c       0x1c /Applications/STM32CubeIDE.app/Contents/Eclipse/plugins/com.st.stm32cube.ide.mcu.externaltools.gnu-tools-for-stm32.13.3.rel1.macos64_1.0.0.202411102158/tools/bin/../lib/gcc/arm-none-eabi/13.3.1/../../../../arm-none-eabi/lib/thumb/v7e-m+fp/hard/libc_nano.a(libc_a-memcpy-stub.o)
                0x08005a0c                memcpy
 .text.__assert_func
                0x08005a28       0x3c /Applications/STM32CubeIDE.app/Contents/Eclipse/plugins/com.st.stm32cube.ide.mcu.externaltools.gnu-tools-for-stm32.13.3.rel1.macos64_1.0.0.202411102158/tools/bin/../lib/gcc/arm-none-eabi/13.3.1/../../../../arm-none-eabi/lib/thumb/v7e-m+fp/hard/libc_nano.a(libc_a-assert.o)
                0x08005a28                __assert_func
 .text.quorem   0x08005a64      0x110 /Applications/STM32CubeIDE.app/Contents/Eclipse/plugins/com.st.stm32cube.ide.mcu.externaltools.gnu-tools-for-stm32.13.3.rel1.macos64_1.0.0.202411102158/tools/bin/../lib/gcc/arm-none-eabi/13.3.1/../../../../arm-none-eabi/lib/thumb/v7e-m+fp/hard/libc_nano.a(libc_a-dtoa.o)
 *fill*         0x08005b74        0x4 
 .text._dtoa_r  0x08005b78      0xba0 /Applications/STM32CubeIDE.app/Contents/Eclipse/plugins/com.st.stm32cube.ide.mcu.externaltools.gnu-tools-for-stm32.13.3.rel1.macos64_1.0.0.202411102158/tools/bin/../lib/gcc/arm-none-eabi/13.3.1/../../../../arm-none-eabi/lib/thumb/v7e-m+fp/hard/libc_nano.a(libc_a-dtoa.o)
                0x08005b78                _dtoa_r
 .text._free_r  0x08006718       0x94 /Applications/STM32CubeIDE.app/Contents/Eclipse/plugins/com.st.stm32cube.ide.mcu.externaltools.gnu-tools-for-stm32.13.3.rel1.macos64_1.0.0.202411102158/tools/bin/../lib/gcc/arm-none-eabi/13.3.1/../../../../arm-none-eabi/lib/thumb/v7e-m+fp/hard/libc_nano.a(libc_a-freer.o)
                0x08006718                _free_r
 .text._Balloc  0x080067ac       0x80 /Applications/STM32CubeIDE.app/Contents/Eclipse/plugins/com.st.stm32cube.ide.mcu.externaltools.gnu-tools-for-stm32.13.3.rel1.macos64_1.0.0.202411102158/tools/bin/../lib/gcc/arm-none-eabi/13.3.1/../../../../arm-none-eabi/lib/thumb/v7e-m+fp/hard/libc_nano.a(libc_a-mprec.o)
                0x080067ac                _Balloc
 .text._Bfree   0x0800682c       0x44 /Applications/STM32CubeIDE.app/Contents/Eclipse/plugins/com.st.stm32cube.ide.mcu.externaltools.gnu-tools-for-stm32.13.3.rel1.macos64_1.0.0.202411102158/tools/bin/../lib/gcc/arm-none-eabi/13.3.1/../../../../arm-none-eabi/lib/thumb/v7e-m+fp/hard/libc_nano.a(libc_a-mprec.o)
                0x0800682c                _Bfree
 .text.__multadd
                0x08006870       0x8c /Applications/STM32CubeIDE.app/Contents/Eclipse/plugins/com.st.stm32cube.ide.mcu.externaltools.gnu-tools-for-stm32.13.3.rel1.macos64_1.0.0.202411102158/tools/bin/../lib/gcc/arm-none-eabi/13.3.1/../../../../arm-none-eabi/lib/thumb/v7e-m+fp/hard/libc_nano.a(libc_a-mprec.o)
                0x08006870                __multadd
 .text.__hi0bits
                0x080068fc       0x3e /Applications/STM32CubeIDE.app/Contents/Eclipse/plugins/com.st.stm32cube.ide.mcu.externaltools.gnu-tools-for-stm32.13.3.rel1.macos64_1.0.0.202411102158/tools/bin/../lib/gcc/arm-none-eabi/13.3.1/../../../../arm-none-eabi/lib/thumb/v7e-m+fp/hard/libc_nano.a(libc_a-mprec.o)
                0x080068fc                __hi0bits
 .text.__lo0bits
                0x0800693a       0x5a /Applications/STM32CubeIDE.app/Contents/Eclipse/plugins/com.st.stm32cube.ide.mcu.externaltools.gnu-tools-for-stm32.13.3.rel1.macos64_1.0.0.202411102158/tools/bin/../lib/gcc/arm-none-eabi/13.3.1/../../../../arm-none-eabi/lib/thumb/v7e-m+fp/hard/libc_nano.a(libc_a-mprec.o)
                0x0800693a                __lo0bits
 .text.__i2b    0x08006994       0x2c /Applications/STM32CubeIDE.app/Contents/Eclipse/plugins/com.st.stm32cube.ide.mcu.externaltools.gnu-tools-for-stm32.13.3.rel1.macos64_1.0.0.202411102158/tools/bin/../lib/gcc/arm-none-eabi/13.3.1/../../../../arm-none-eabi/lib/thumb/v7e-m+fp/hard/libc_nano.a(libc_a-mprec.o)
                0x08006994                __i2b
 .text.__multiply
                0x080069c0      0x144 /Applications/STM32CubeIDE.app/Contents/Eclipse/plugins/com.st.stm32cube.ide.mcu.externaltools.gnu-tools-for-stm32.13.3.rel1.macos64_1.0.0.202411102158/tools/bin/../lib/gcc/arm-none-eabi/13.3.1/../../../../arm-none-eabi/lib/thumb/v7e-m+fp/hard/libc_nano.a(libc_a-mprec.o)
                0x080069c0                __multiply
 .text.__pow5mult
                0x08006b04       0xb4 /Applications/STM32CubeIDE.app/Contents/Eclipse/plugins/com.st.stm32cube.ide.mcu.externaltools.gnu-tools-for-stm32.13.3.rel1.macos64_1.0.0.202411102158/tools/bin/../lib/gcc/arm-none-eabi/13.3.1/../../../../arm-none-eabi/lib/thumb/v7e-m+fp/hard/libc_nano.a(libc_a-mprec.o)
                0x08006b04                __pow5mult
 .text.__lshift
                0x08006bb8       0xd8 /Applications/STM32CubeIDE.app/Contents/Eclipse/plugins/com.st.stm32cube.ide.mcu.externaltools.gnu-tools-for-stm32.13.3.rel1.macos64_1.0.0.202411102158/tools/bin/../lib/gcc/arm-none-eabi/13.3.1/../../../../arm-none-eabi/lib/thumb/v7e-m+fp/hard/libc_nano.a(libc_a-mprec.o)
                0x08006bb8                __lshift
 .text.__mcmp   0x08006c90       0x36 /Applications/STM32CubeIDE.app/Contents/Eclipse/plugins/com.st.stm32cube.ide.mcu.externaltools.gnu-tools-for-stm32.13.3.rel1.macos64_1.0.0.202411102158/tools/bin/../lib/gcc/arm-none-eabi/13.3.1/../../../../arm-none-eabi/lib/thumb/v7e-m+fp/hard/libc_nano.a(libc_a-mprec.o)
                0x08006c90                __mcmp
 *fill*         0x08006cc6        0x2 
 .text.__mdiff  0x08006cc8      0x128 /Applications/STM32CubeIDE.app/Contents/Eclipse/plugins/com.st.stm32cube.ide.mcu.externaltools.gnu-tools-for-stm32.13.3.rel1.macos64_1.0.0.202411102158/tools/bin/../lib/gcc/arm-none-eabi/13.3.1/../../../../arm-none-eabi/lib/thumb/v7e-m+fp/hard/libc_nano.a(libc_a-mprec.o)
                0x08006cc8                __mdiff
 .text.__d2b    0x08006df0       0xb0 /Applications/STM32CubeIDE.app/Contents/Eclipse/plugins/com.st.stm32cube.ide.mcu.externaltools.gnu-tools-for-stm32.13.3.rel1.macos64_1.0.0.202411102158/tools/bin/../lib/gcc/arm-none-eabi/13.3.1/../../../../arm-none-eabi/lib/thumb/v7e-m+fp/hard/libc_nano.a(libc_a-mprec.o)
                0x08006df0                __d2b
 .text.__sread  0x08006ea0       0x22 /Applications/STM32CubeIDE.app/Contents/Eclipse/plugins/com.st.stm32cube.ide.mcu.externaltools.gnu-tools-for-stm32.13.3.rel1.macos64_1.0.0.202411102158/tools/bin/../lib/gcc/arm-none-eabi/13.3.1/../../../../arm-none-eabi/lib/thumb/v7e-m+fp/hard/libc_nano.a(libc_a-stdio.o)
                0x08006ea0                __sread
 .text.__swrite
                0x08006ec2       0x38 /Applications/STM32CubeIDE.app/Contents/Eclipse/plugins/com.st.stm32cube.ide.mcu.externaltools.gnu-tools-for-stm32.13.3.rel1.macos64_1.0.0.202411102158/tools/bin/../lib/gcc/arm-none-eabi/13.3.1/../../../../arm-none-eabi/lib/thumb/v7e-m+fp/hard/libc_nano.a(libc_a-stdio.o)
                0x08006ec2                __swrite
 .text.__sseek  0x08006efa       0x24 /Applications/STM32CubeIDE.app/Contents/Eclipse/plugins/com.st.stm32cube.ide.mcu.externaltools.gnu-tools-for-stm32.13.3.rel1.macos64_1.0.0.202411102158/tools/bin/../lib/gcc/arm-none-eabi/13.3.1/../../../../arm-none-eabi/lib/thumb/v7e-m+fp/hard/libc_nano.a(libc_a-stdio.o)
                0x08006efa                __sseek
 .text.__sclose
                0x08006f1e        0x8 /Applications/STM32CubeIDE.app/Contents/Eclipse/plugins/com.st.stm32cube.ide.mcu.externaltools.gnu-tools-for-stm32.13.3.rel1.macos64_1.0.0.202411102158/tools/bin/../lib/gcc/arm-none-eabi/13.3.1/../../../../arm-none-eabi/lib/thumb/v7e-m+fp/hard/libc_nano.a(libc_a-stdio.o)
                0x08006f1e                __sclose
 *fill*         0x08006f26        0x2 
 .text.fprintf  0x08006f28       0x24 /Applications/STM32CubeIDE.app/Contents/Eclipse/plugins/com.st.stm32cube.ide.mcu.externaltools.gnu-tools-for-stm32.13.3.rel1.macos64_1.0.0.202411102158/tools/bin/../lib/gcc/arm-none-eabi/13.3.1/../../../../arm-none-eabi/lib/thumb/v7e-m+fp/hard/libc_nano.a(libc_a-fprintf.o)
                0x08006f28                fprintf
                0x08006f28                fiprintf
 .text._lseek_r
                0x08006f4c       0x24 /Applications/STM32CubeIDE.app/Contents/Eclipse/plugins/com.st.stm32cube.ide.mcu.externaltools.gnu-tools-for-stm32.13.3.rel1.macos64_1.0.0.202411102158/tools/bin/../lib/gcc/arm-none-eabi/13.3.1/../../../../arm-none-eabi/lib/thumb/v7e-m+fp/hard/libc_nano.a(libc_a-lseekr.o)
                0x08006f4c                _lseek_r
 .text._read_r  0x08006f70       0x24 /Applications/STM32CubeIDE.app/Contents/Eclipse/plugins/com.st.stm32cube.ide.mcu.externaltools.gnu-tools-for-stm32.13.3.rel1.macos64_1.0.0.202411102158/tools/bin/../lib/gcc/arm-none-eabi/13.3.1/../../../../arm-none-eabi/lib/thumb/v7e-m+fp/hard/libc_nano.a(libc_a-readr.o)
                0x08006f70                _read_r
 .text._write_r
                0x08006f94       0x24 /Applications/STM32CubeIDE.app/Contents/Eclipse/plugins/com.st.stm32cube.ide.mcu.externaltools.gnu-tools-for-stm32.13.3.rel1.macos64_1.0.0.202411102158/tools/bin/../lib/gcc/arm-none-eabi/13.3.1/../../../../arm-none-eabi/lib/thumb/v7e-m+fp/hard/libc_nano.a(libc_a-writer.o)
                0x08006f94                _write_r
 .text._close_r
                0x08006fb8       0x20 /Applications/STM32CubeIDE.app/Contents/Eclipse/plugins/com.st.stm32cube.ide.mcu.externaltools.gnu-tools-for-stm32.13.3.rel1.macos64_1.0.0.202411102158/tools/bin/../lib/gcc/arm-none-eabi/13.3.1/../../../../arm-none-eabi/lib/thumb/v7e-m+fp/hard/libc_nano.a(libc_a-closer.o)
                0x08006fb8                _close_r
 .text.abort    0x08006fd8        0xe /Applications/STM32CubeIDE.app/Contents/Eclipse/plugins/com.st.stm32cube.ide.mcu.externaltools.gnu-tools-for-stm32.13.3.rel1.macos64_1.0.0.202411102158/tools/bin/../lib/gcc/arm-none-eabi/13.3.1/../../../../arm-none-eabi/lib/thumb/v7e-m+fp/hard/libc_nano.a(libc_a-abort.o)
                0x08006fd8                abort
 .text._calloc_r
                0x08006fe6       0x28 /Applications/STM32CubeIDE.app/Contents/Eclipse/plugins/com.st.stm32cube.ide.mcu.externaltools.gnu-tools-for-stm32.13.3.rel1.macos64_1.0.0.202411102158/tools/bin/../lib/gcc/arm-none-eabi/13.3.1/../../../../arm-none-eabi/lib/thumb/v7e-m+fp/hard/libc_nano.a(libc_a-callocr.o)
                0x08006fe6                _calloc_r
 .text.__sfputc_r
                0x0800700e       0x2e /Applications/STM32CubeIDE.app/Contents/Eclipse/plugins/com.st.stm32cube.ide.mcu.externaltools.gnu-tools-for-stm32.13.3.rel1.macos64_1.0.0.202411102158/tools/bin/../lib/gcc/arm-none-eabi/13.3.1/../../../../arm-none-eabi/lib/thumb/v7e-m+fp/hard/libc_nano.a(libc_a-nano-vfprintf.o)
 .text.__sfputs_r
                0x0800703c       0x24 /Applications/STM32CubeIDE.app/Contents/Eclipse/plugins/com.st.stm32cube.ide.mcu.externaltools.gnu-tools-for-stm32.13.3.rel1.macos64_1.0.0.202411102158/tools/bin/../lib/gcc/arm-none-eabi/13.3.1/../../../../arm-none-eabi/lib/thumb/v7e-m+fp/hard/libc_nano.a(libc_a-nano-vfprintf.o)
                0x0800703c                __sfputs_r
 .text._vfprintf_r
                0x08007060      0x230 /Applications/STM32CubeIDE.app/Contents/Eclipse/plugins/com.st.stm32cube.ide.mcu.externaltools.gnu-tools-for-stm32.13.3.rel1.macos64_1.0.0.202411102158/tools/bin/../lib/gcc/arm-none-eabi/13.3.1/../../../../arm-none-eabi/lib/thumb/v7e-m+fp/hard/libc_nano.a(libc_a-nano-vfprintf.o)
                0x08007060                _vfiprintf_r
                0x08007060                _vfprintf_r
 .text.__ascii_mbtowc
                0x08007290       0x24 /Applications/STM32CubeIDE.app/Contents/Eclipse/plugins/com.st.stm32cube.ide.mcu.externaltools.gnu-tools-for-stm32.13.3.rel1.macos64_1.0.0.202411102158/tools/bin/../lib/gcc/arm-none-eabi/13.3.1/../../../../arm-none-eabi/lib/thumb/v7e-m+fp/hard/libc_nano.a(libc_a-mbtowc_r.o)
                0x08007290                __ascii_mbtowc
 .text.__swbuf_r
                0x080072b4       0x7c /Applications/STM32CubeIDE.app/Contents/Eclipse/plugins/com.st.stm32cube.ide.mcu.externaltools.gnu-tools-for-stm32.13.3.rel1.macos64_1.0.0.202411102158/tools/bin/../lib/gcc/arm-none-eabi/13.3.1/../../../../arm-none-eabi/lib/thumb/v7e-m+fp/hard/libc_nano.a(libc_a-wbuf.o)
                0x080072b4                __swbuf_r
 .text.__swsetup_r
                0x08007330       0xac /Applications/STM32CubeIDE.app/Contents/Eclipse/plugins/com.st.stm32cube.ide.mcu.externaltools.gnu-tools-for-stm32.13.3.rel1.macos64_1.0.0.202411102158/tools/bin/../lib/gcc/arm-none-eabi/13.3.1/../../../../arm-none-eabi/lib/thumb/v7e-m+fp/hard/libc_nano.a(libc_a-wsetup.o)
                0x08007330                __swsetup_r
 .text.__ascii_wctomb
                0x080073dc       0x1a /Applications/STM32CubeIDE.app/Contents/Eclipse/plugins/com.st.stm32cube.ide.mcu.externaltools.gnu-tools-for-stm32.13.3.rel1.macos64_1.0.0.202411102158/tools/bin/../lib/gcc/arm-none-eabi/13.3.1/../../../../arm-none-eabi/lib/thumb/v7e-m+fp/hard/libc_nano.a(libc_a-wctomb_r.o)
                0x080073dc                __ascii_wctomb
 .text.__swhatbuf_r
                0x080073f6       0x4c /Applications/STM32CubeIDE.app/Contents/Eclipse/plugins/com.st.stm32cube.ide.mcu.externaltools.gnu-tools-for-stm32.13.3.rel1.macos64_1.0.0.202411102158/tools/bin/../lib/gcc/arm-none-eabi/13.3.1/../../../../arm-none-eabi/lib/thumb/v7e-m+fp/hard/libc_nano.a(libc_a-makebuf.o)
                0x080073f6                __swhatbuf_r
 .text.__smakebuf_r
                0x08007442       0x78 /Applications/STM32CubeIDE.app/Contents/Eclipse/plugins/com.st.stm32cube.ide.mcu.externaltools.gnu-tools-for-stm32.13.3.rel1.macos64_1.0.0.202411102158/tools/bin/../lib/gcc/arm-none-eabi/13.3.1/../../../../arm-none-eabi/lib/thumb/v7e-m+fp/hard/libc_nano.a(libc_a-makebuf.o)
                0x08007442                __smakebuf_r
 .text._raise_r
                0x080074ba       0x50 /Applications/STM32CubeIDE.app/Contents/Eclipse/plugins/com.st.stm32cube.ide.mcu.externaltools.gnu-tools-for-stm32.13.3.rel1.macos64_1.0.0.202411102158/tools/bin/../lib/gcc/arm-none-eabi/13.3.1/../../../../arm-none-eabi/lib/thumb/v7e-m+fp/hard/libc_nano.a(libc_a-signal.o)
                0x080074ba                _raise_r
 *fill*         0x0800750a        0x2 
 .text.raise    0x0800750c       0x10 /Applications/STM32CubeIDE.app/Contents/Eclipse/plugins/com.st.stm32cube.ide.mcu.externaltools.gnu-tools-for-stm32.13.3.rel1.macos64_1.0.0.202411102158/tools/bin/../lib/gcc/arm-none-eabi/13.3.1/../../../../arm-none-eabi/lib/thumb/v7e-m+fp/hard/libc_nano.a(libc_a-signal.o)
                0x0800750c                raise
 .text._isatty_r
                0x0800751c       0x20 /Applications/STM32CubeIDE.app/Contents/Eclipse/plugins/com.st.stm32cube.ide.mcu.externaltools.gnu-tools-for-stm32.13.3.rel1.macos64_1.0.0.202411102158/tools/bin/../lib/gcc/arm-none-eabi/13.3.1/../../../../arm-none-eabi/lib/thumb/v7e-m+fp/hard/libc_nano.a(libc_a-isattyr.o)
                0x0800751c                _isatty_r
 .text._kill_r  0x0800753c       0x24 /Applications/STM32CubeIDE.app/Contents/Eclipse/plugins/com.st.stm32cube.ide.mcu.externaltools.gnu-tools-for-stm32.13.3.rel1.macos64_1.0.0.202411102158/tools/bin/../lib/gcc/arm-none-eabi/13.3.1/../../../../arm-none-eabi/lib/thumb/v7e-m+fp/hard/libc_nano.a(libc_a-signalr.o)
                0x0800753c                _kill_r
 .text._getpid_r
                0x08007560        0x4 /Applications/STM32CubeIDE.app/Contents/Eclipse/plugins/com.st.stm32cube.ide.mcu.externaltools.gnu-tools-for-stm32.13.3.rel1.macos64_1.0.0.202411102158/tools/bin/../lib/gcc/arm-none-eabi/13.3.1/../../../../arm-none-eabi/lib/thumb/v7e-m+fp/hard/libc_nano.a(libc_a-signalr.o)
                0x08007560                _getpid_r
 .text._fstat_r
                0x08007564       0x24 /Applications/STM32CubeIDE.app/Contents/Eclipse/plugins/com.st.stm32cube.ide.mcu.externaltools.gnu-tools-for-stm32.13.3.rel1.macos64_1.0.0.202411102158/tools/bin/../lib/gcc/arm-none-eabi/13.3.1/../../../../arm-none-eabi/lib/thumb/v7e-m+fp/hard/libc_nano.a(libc_a-fstatr.o)
                0x08007564                _fstat_r
 .text.expf     0x08007588       0x6c /Applications/STM32CubeIDE.app/Contents/Eclipse/plugins/com.st.stm32cube.ide.mcu.externaltools.gnu-tools-for-stm32.13.3.rel1.macos64_1.0.0.202411102158/tools/bin/../lib/gcc/arm-none-eabi/13.3.1/../../../../arm-none-eabi/lib/thumb/v7e-m+fp/hard/libm.a(libm_a-wf_exp.o)
                0x08007588                expf
 .text.finitef  0x080075f4       0x14 /Applications/STM32CubeIDE.app/Contents/Eclipse/plugins/com.st.stm32cube.ide.mcu.externaltools.gnu-tools-for-stm32.13.3.rel1.macos64_1.0.0.202411102158/tools/bin/../lib/gcc/arm-none-eabi/13.3.1/../../../../arm-none-eabi/lib/thumb/v7e-m+fp/hard/libm.a(libm_a-sf_finite.o)
                0x080075f4                finitef
 .text.__ieee754_expf
                0x08007608      0x19c /Applications/STM32CubeIDE.app/Contents/Eclipse/plugins/com.st.stm32cube.ide.mcu.externaltools.gnu-tools-for-stm32.13.3.rel1.macos64_1.0.0.202411102158/tools/bin/../lib/gcc/arm-none-eabi/13.3.1/../../../../arm-none-eabi/lib/thumb/v7e-m+fp/hard/libm.a(libm_a-ef_exp.o)
                0x08007608                __ieee754_expf
 .text.with_errnof
                0x080077a4       0x1c /Applications/STM32CubeIDE.app/Contents/Eclipse/plugins/com.st.stm32cube.ide.mcu.externaltools.gnu-tools-for-stm32.13.3.rel1.macos64_1.0.0.202411102158/tools/bin/../lib/gcc/arm-none-eabi/13.3.1/../../../../arm-none-eabi/lib/thumb/v7e-m+fp/hard/libm.a(libm_a-math_errf.o)
 .text.xflowf   0x080077c0       0x16 /Applications/STM32CubeIDE.app/Contents/Eclipse/plugins/com.st.stm32cube.ide.mcu.externaltools.gnu-tools-for-stm32.13.3.rel1.macos64_1.0.0.202411102158/tools/bin/../lib/gcc/arm-none-eabi/13.3.1/../../../../arm-none-eabi/lib/thumb/v7e-m+fp/hard/libm.a(libm_a-math_errf.o)
 *fill*         0x080077d6        0x2 
 .text.__math_uflowf
                0x080077d8        0xc /Applications/STM32CubeIDE.app/Contents/Eclipse/plugins/com.st.stm32cube.ide.mcu.externaltools.gnu-tools-for-stm32.13.3.rel1.macos64_1.0.0.202411102158/tools/bin/../lib/gcc/arm-none-eabi/13.3.1/../../../../arm-none-eabi/lib/thumb/v7e-m+fp/hard/libm.a(libm_a-math_errf.o)
                0x080077d8                __math_uflowf
 .text.__math_oflowf
                0x080077e4        0xc /Applications/STM32CubeIDE.app/Contents/Eclipse/plugins/com.st.stm32cube.ide.mcu.externaltools.gnu-tools-for-stm32.13.3.rel1.macos64_1.0.0.202411102158/tools/bin/../lib/gcc/arm-none-eabi/13.3.1/../../../../arm-none-eabi/lib/thumb/v7e-m+fp/hard/libm.a(libm_a-math_errf.o)
                0x080077e4                __math_oflowf
 *(.glue_7)
 .glue_7        0x080077f0        0x0 linker stubs
 *(.glue_7t)
 .glue_7t       0x080077f0        0x0 linker stubs
 *(.eh_frame)
 .eh_frame      0x080077f0        0x0 /Applications/STM32CubeIDE.app/Contents/Eclipse/plugins/com.st.stm32cube.ide.mcu.externaltools.gnu-tools-for-stm32.13.3.rel1.macos64_1.0.0.202411102158/tools/bin/../lib/gcc/arm-none-eabi/13.3.1/thumb/v7e-m+fp/hard/crtbegin.o
 *(.init)
 .init          0x080077f0        0x4 /Applications/STM32CubeIDE.app/Contents/Eclipse/plugins/com.st.stm32cube.ide.mcu.externaltools.gnu-tools-for-stm32.13.3.rel1.macos64_1.0.0.202411102158/tools/bin/../lib/gcc/arm-none-eabi/13.3.1/thumb/v7e-m+fp/hard/crti.o
                0x080077f0                _init
 .init          0x080077f4        0x8 /Applications/STM32CubeIDE.app/Contents/Eclipse/plugins/com.st.stm32cube.ide.mcu.externaltools.gnu-tools-for-stm32.13.3.rel1.macos64_1.0.0.202411102158/tools/bin/../lib/gcc/arm-none-eabi/13.3.1/thumb/v7e-m+fp/hard/crtn.o
 *(.fini)
 .fini          0x080077fc        0x4 /Applications/STM32CubeIDE.app/Contents/Eclipse/plugins/com.st.stm32cube.ide.mcu.externaltools.gnu-tools-for-stm32.13.3.rel1.macos64_1.0.0.202411102158/tools/bin/../lib/gcc/arm-none-eabi/13.3.1/thumb/v7e-m+fp/hard/crti.o
                0x080077fc                _fini
 .fini          0x08007800        0x8 /Applications/STM32CubeIDE.app/Contents/Eclipse/plugins/com.st.stm32cube.ide.mcu.externaltools.gnu-tools-for-stm32.13.3.rel1.macos64_1.0.0.202411102158/tools/bin/../lib/gcc/arm-none-eabi/13.3.1/thumb/v7e-m+fp/hard/crtn.o
                0x08007808                        . = ALIGN (0x4)
                0x08007808                        _etext = .

.vfp11_veneer   0x08007808        0x0
 .vfp11_veneer  0x08007808        0x0 linker stubs

.v4_bx          0x08007808        0x0
 .v4_bx         0x08007808        0x0 linker stubs

.iplt           0x08007808        0x0
 .iplt          0x08007808        0x0 /Applications/STM32CubeIDE.app/Contents/Eclipse/plugins/com.st.stm32cube.ide.mcu.externaltools.gnu-tools-for-stm32.13.3.rel1.macos64_1.0.0.202411102158/tools/bin/../lib/gcc/arm-none-eabi/13.3.1/thumb/v7e-m+fp/hard/crtbegin.o

.rodata         0x08007820     0xf154
                0x08007820                        . = ALIGN (0x4)
 *(.rodata)
 *(.rodata*)
 .rodata.test_image_7
                0x08007820      0xc40 ./Core/Src/main.o
                0x08007820                test_image_7
 .rodata.APBPrescTable
                0x08008460        0x8 ./Core/Src/system_stm32f4xx.o
                0x08008460                APBPrescTable
 .rodata.AHBPrescTable
                0x08008468       0x10 ./Core/Src/system_stm32f4xx.o
                0x08008468                AHBPrescTable
 .rodata.conv2d_0_chain
                0x08008478        0x8 ./X-CUBE-AI/App/network.o
 .rodata.conv2d_2_chain
                0x08008480        0x8 ./X-CUBE-AI/App/network.o
 .rodata.gemm_5_chain
                0x08008488        0x8 ./X-CUBE-AI/App/network.o
 .rodata.nl_5_nl_chain
                0x08008490        0x8 ./X-CUBE-AI/App/network.o
 .rodata.gemm_6_chain
                0x08008498        0x8 ./X-CUBE-AI/App/network.o
 .rodata.nl_7_chain
                0x080084a0        0x8 ./X-CUBE-AI/App/network.o
 *fill*         0x080084a8       0x18 
 .rodata.s_network_weights_array_u64
                0x080084c0     0xe128 ./X-CUBE-AI/App/network_data_params.o
                0x080084c0                s_network_weights_array_u64
 .rodata._printf_float.str1.1
                0x080165e8      0x171 /Applications/STM32CubeIDE.app/Contents/Eclipse/plugins/com.st.stm32cube.ide.mcu.externaltools.gnu-tools-for-stm32.13.3.rel1.macos64_1.0.0.202411102158/tools/bin/../lib/gcc/arm-none-eabi/13.3.1/../../../../arm-none-eabi/lib/thumb/v7e-m+fp/hard/libc_nano.a(libc_a-nano-vfprintf_float.o)
                                 0x12 (size before relaxing)
 .rodata._printf_i.str1.1
                0x08016759       0x22 /Applications/STM32CubeIDE.app/Contents/Eclipse/plugins/com.st.stm32cube.ide.mcu.externaltools.gnu-tools-for-stm32.13.3.rel1.macos64_1.0.0.202411102158/tools/bin/../lib/gcc/arm-none-eabi/13.3.1/../../../../arm-none-eabi/lib/thumb/v7e-m+fp/hard/libc_nano.a(libc_a-nano-vfprintf_i.o)
 .rodata.__assert_func.str1.1
                0x08016759       0x3d /Applications/STM32CubeIDE.app/Contents/Eclipse/plugins/com.st.stm32cube.ide.mcu.externaltools.gnu-tools-for-stm32.13.3.rel1.macos64_1.0.0.202411102158/tools/bin/../lib/gcc/arm-none-eabi/13.3.1/../../../../arm-none-eabi/lib/thumb/v7e-m+fp/hard/libc_nano.a(libc_a-assert.o)
 .rodata._dtoa_r.str1.1
                0x08016759       0x8f /Applications/STM32CubeIDE.app/Contents/Eclipse/plugins/com.st.stm32cube.ide.mcu.externaltools.gnu-tools-for-stm32.13.3.rel1.macos64_1.0.0.202411102158/tools/bin/../lib/gcc/arm-none-eabi/13.3.1/../../../../arm-none-eabi/lib/thumb/v7e-m+fp/hard/libc_nano.a(libc_a-dtoa.o)
 .rodata._Balloc.str1.1
                0x08016759       0x70 /Applications/STM32CubeIDE.app/Contents/Eclipse/plugins/com.st.stm32cube.ide.mcu.externaltools.gnu-tools-for-stm32.13.3.rel1.macos64_1.0.0.202411102158/tools/bin/../lib/gcc/arm-none-eabi/13.3.1/../../../../arm-none-eabi/lib/thumb/v7e-m+fp/hard/libc_nano.a(libc_a-mprec.o)
 .rodata.__multadd.str1.1
                0x08016759       0x11 /Applications/STM32CubeIDE.app/Contents/Eclipse/plugins/com.st.stm32cube.ide.mcu.externaltools.gnu-tools-for-stm32.13.3.rel1.macos64_1.0.0.202411102158/tools/bin/../lib/gcc/arm-none-eabi/13.3.1/../../../../arm-none-eabi/lib/thumb/v7e-m+fp/hard/libc_nano.a(libc_a-mprec.o)
 *fill*         0x08016759        0x3 
 .rodata.p05.0  0x0801675c        0xc /Applications/STM32CubeIDE.app/Contents/Eclipse/plugins/com.st.stm32cube.ide.mcu.externaltools.gnu-tools-for-stm32.13.3.rel1.macos64_1.0.0.202411102158/tools/bin/../lib/gcc/arm-none-eabi/13.3.1/../../../../arm-none-eabi/lib/thumb/v7e-m+fp/hard/libc_nano.a(libc_a-mprec.o)
 .rodata.__mprec_bigtens
                0x08016768       0x28 /Applications/STM32CubeIDE.app/Contents/Eclipse/plugins/com.st.stm32cube.ide.mcu.externaltools.gnu-tools-for-stm32.13.3.rel1.macos64_1.0.0.202411102158/tools/bin/../lib/gcc/arm-none-eabi/13.3.1/../../../../arm-none-eabi/lib/thumb/v7e-m+fp/hard/libc_nano.a(libc_a-mprec.o)
                0x08016768                __mprec_bigtens
 .rodata.__mprec_tens
                0x08016790       0xc8 /Applications/STM32CubeIDE.app/Contents/Eclipse/plugins/com.st.stm32cube.ide.mcu.externaltools.gnu-tools-for-stm32.13.3.rel1.macos64_1.0.0.202411102158/tools/bin/../lib/gcc/arm-none-eabi/13.3.1/../../../../arm-none-eabi/lib/thumb/v7e-m+fp/hard/libc_nano.a(libc_a-mprec.o)
                0x08016790                __mprec_tens
 .rodata._setlocale_r.str1.1
                0x08016858        0x9 /Applications/STM32CubeIDE.app/Contents/Eclipse/plugins/com.st.stm32cube.ide.mcu.externaltools.gnu-tools-for-stm32.13.3.rel1.macos64_1.0.0.202411102158/tools/bin/../lib/gcc/arm-none-eabi/13.3.1/../../../../arm-none-eabi/lib/thumb/v7e-m+fp/hard/libc_nano.a(libc_a-locale.o)
 .rodata.str1.1
                0x08016858        0x2 /Applications/STM32CubeIDE.app/Contents/Eclipse/plugins/com.st.stm32cube.ide.mcu.externaltools.gnu-tools-for-stm32.13.3.rel1.macos64_1.0.0.202411102158/tools/bin/../lib/gcc/arm-none-eabi/13.3.1/../../../../arm-none-eabi/lib/thumb/v7e-m+fp/hard/libc_nano.a(libc_a-locale.o)
 .rodata._ctype_
                0x08016858      0x101 /Applications/STM32CubeIDE.app/Contents/Eclipse/plugins/com.st.stm32cube.ide.mcu.externaltools.gnu-tools-for-stm32.13.3.rel1.macos64_1.0.0.202411102158/tools/bin/../lib/gcc/arm-none-eabi/13.3.1/../../../../arm-none-eabi/lib/thumb/v7e-m+fp/hard/libc_nano.a(libc_a-ctype_.o)
                0x08016858                _ctype_
 .rodata._vfprintf_r.str1.1
                0x08016959       0x11 /Applications/STM32CubeIDE.app/Contents/Eclipse/plugins/com.st.stm32cube.ide.mcu.externaltools.gnu-tools-for-stm32.13.3.rel1.macos64_1.0.0.202411102158/tools/bin/../lib/gcc/arm-none-eabi/13.3.1/../../../../arm-none-eabi/lib/thumb/v7e-m+fp/hard/libc_nano.a(libc_a-nano-vfprintf.o)
 *fill*         0x08016959        0x3 
 .rodata.ln2LO  0x0801695c        0x8 /Applications/STM32CubeIDE.app/Contents/Eclipse/plugins/com.st.stm32cube.ide.mcu.externaltools.gnu-tools-for-stm32.13.3.rel1.macos64_1.0.0.202411102158/tools/bin/../lib/gcc/arm-none-eabi/13.3.1/../../../../arm-none-eabi/lib/thumb/v7e-m+fp/hard/libm.a(libm_a-ef_exp.o)
 .rodata.ln2HI  0x08016964        0x8 /Applications/STM32CubeIDE.app/Contents/Eclipse/plugins/com.st.stm32cube.ide.mcu.externaltools.gnu-tools-for-stm32.13.3.rel1.macos64_1.0.0.202411102158/tools/bin/../lib/gcc/arm-none-eabi/13.3.1/../../../../arm-none-eabi/lib/thumb/v7e-m+fp/hard/libm.a(libm_a-ef_exp.o)
 .rodata.halF   0x0801696c        0x8 /Applications/STM32CubeIDE.app/Contents/Eclipse/plugins/com.st.stm32cube.ide.mcu.externaltools.gnu-tools-for-stm32.13.3.rel1.macos64_1.0.0.202411102158/tools/bin/../lib/gcc/arm-none-eabi/13.3.1/../../../../arm-none-eabi/lib/thumb/v7e-m+fp/hard/libm.a(libm_a-ef_exp.o)
                0x08016974                        . = ALIGN (0x4)

.ARM.extab      0x08016974        0x0
                0x08016974                        . = ALIGN (0x4)
 *(.ARM.extab* .gnu.linkonce.armextab.*)
                0x08016974                        . = ALIGN (0x4)

.ARM            0x08016974        0x8
                0x08016974                        . = ALIGN (0x4)
                0x08016974                        __exidx_start = .
 *(.ARM.exidx*)
 .ARM.exidx     0x08016974        0x8 /Applications/STM32CubeIDE.app/Contents/Eclipse/plugins/com.st.stm32cube.ide.mcu.externaltools.gnu-tools-for-stm32.13.3.rel1.macos64_1.0.0.202411102158/tools/bin/../lib/gcc/arm-none-eabi/13.3.1/../../../../arm-none-eabi/lib/thumb/v7e-m+fp/hard/libc_nano.a(libc_a-memchr.o)
 .ARM.exidx     0x0801697c        0x0 /Applications/STM32CubeIDE.app/Contents/Eclipse/plugins/com.st.stm32cube.ide.mcu.externaltools.gnu-tools-for-stm32.13.3.rel1.macos64_1.0.0.202411102158/tools/bin/../lib/gcc/arm-none-eabi/13.3.1/../../../../arm-none-eabi/lib/thumb/v7e-m+fp/hard/libc_nano.a(libc_a-strlen.o)
                                  0x8 (size before relaxing)
 .ARM.exidx     0x0801697c        0x0 /Applications/STM32CubeIDE.app/Contents/Eclipse/plugins/com.st.stm32cube.ide.mcu.externaltools.gnu-tools-for-stm32.13.3.rel1.macos64_1.0.0.202411102158/tools/bin/../lib/gcc/arm-none-eabi/13.3.1/thumb/v7e-m+fp/hard/libgcc.a(_udivmoddi4.o)
                                  0x8 (size before relaxing)
                0x0801697c                        __exidx_end = .
                0x0801697c                        . = ALIGN (0x4)

.preinit_array  0x0801697c        0x0
                0x0801697c                        . = ALIGN (0x4)
                0x0801697c                        PROVIDE (__preinit_array_start = .)
 *(.preinit_array*)
                0x0801697c                        PROVIDE (__preinit_array_end = .)
                0x0801697c                        . = ALIGN (0x4)

.init_array     0x0801697c        0x4
                0x0801697c                        . = ALIGN (0x4)
                0x0801697c                        PROVIDE (__init_array_start = .)
 *(SORT_BY_NAME(.init_array.*))
 *(.init_array*)
 .init_array    0x0801697c        0x4 /Applications/STM32CubeIDE.app/Contents/Eclipse/plugins/com.st.stm32cube.ide.mcu.externaltools.gnu-tools-for-stm32.13.3.rel1.macos64_1.0.0.202411102158/tools/bin/../lib/gcc/arm-none-eabi/13.3.1/thumb/v7e-m+fp/hard/crtbegin.o
                0x08016980                        PROVIDE (__init_array_end = .)
                0x08016980                        . = ALIGN (0x4)

.fini_array     0x08016980        0x4
                0x08016980                        . = ALIGN (0x4)
                [!provide]                        PROVIDE (__fini_array_start = .)
 *(SORT_BY_NAME(.fini_array.*))
 *(.fini_array*)
 .fini_array    0x08016980        0x4 /Applications/STM32CubeIDE.app/Contents/Eclipse/plugins/com.st.stm32cube.ide.mcu.externaltools.gnu-tools-for-stm32.13.3.rel1.macos64_1.0.0.202411102158/tools/bin/../lib/gcc/arm-none-eabi/13.3.1/thumb/v7e-m+fp/hard/crtbegin.o
                [!provide]                        PROVIDE (__fini_array_end = .)
                0x08016984                        . = ALIGN (0x4)
                0x08016984                        _sidata = LOADADDR (.data)

.rel.dyn        0x08016984        0x0
 .rel.iplt      0x08016984        0x0 /Applications/STM32CubeIDE.app/Contents/Eclipse/plugins/com.st.stm32cube.ide.mcu.externaltools.gnu-tools-for-stm32.13.3.rel1.macos64_1.0.0.202411102158/tools/bin/../lib/gcc/arm-none-eabi/13.3.1/thumb/v7e-m+fp/hard/crtbegin.o

.data           0x200020b4      0xb68 load address 0x08016984
                0x200020b4                        . = ALIGN (0x4)
                0x200020b4                        _sdata = .
 *(.data)
 *(.data*)
 .data.predicted_digit
                0x200020b4        0x4 ./Core/Src/main.o
                0x200020b4                predicted_digit
 .data.SystemCoreClock
                0x200020b8        0x4 ./Core/Src/system_stm32f4xx.o
                0x200020b8                SystemCoreClock
 .data.uwTickFreq
                0x200020bc        0x1 ./Drivers/STM32F4xx_HAL_Driver/Src/stm32f4xx_hal.o
                0x200020bc                uwTickFreq
 *fill*         0x200020bd        0x3 
 .data.uwTickPrio
                0x200020c0        0x4 ./Drivers/STM32F4xx_HAL_Driver/Src/stm32f4xx_hal.o
                0x200020c0                uwTickPrio
 .data._ioWriteAllowed
                0x200020c4        0x1 ./X-CUBE-AI/App/aiTestUtility.o
 *fill*         0x200020c5        0x3 
 .data.g_network
                0x200020c8       0x4c ./X-CUBE-AI/App/network.o
 .data.__compound_literal.88
                0x20002114       0x18 ./X-CUBE-AI/App/network.o
 .data.__compound_literal.87
                0x2000212c        0xc ./X-CUBE-AI/App/network.o
 .data.__compound_literal.83
                0x20002138        0x4 ./X-CUBE-AI/App/network.o
 .data.__compound_literal.82
                0x2000213c        0xc ./X-CUBE-AI/App/network.o
 .data.__compound_literal.78
                0x20002148        0x4 ./X-CUBE-AI/App/network.o
 .data.__compound_literal.77
                0x2000214c       0x1c ./X-CUBE-AI/App/network.o
 .data.__compound_literal.76
                0x20002168       0x10 ./X-CUBE-AI/App/network.o
 .data.__compound_literal.75
                0x20002178       0x1c ./X-CUBE-AI/App/network.o
 .data.__compound_literal.74
                0x20002194       0x10 ./X-CUBE-AI/App/network.o
 .data.conv2d_0_layer
                0x200021a4       0x60 ./X-CUBE-AI/App/network.o
 .data.__compound_literal.71
                0x20002204       0x30 ./X-CUBE-AI/App/network.o
 .data.__compound_literal.70
                0x20002234        0x8 ./X-CUBE-AI/App/network.o
 .data.__compound_literal.69
                0x2000223c        0xc ./X-CUBE-AI/App/network.o
 .data.__compound_literal.68
                0x20002248        0x4 ./X-CUBE-AI/App/network.o
 .data.__compound_literal.67
                0x2000224c        0x4 ./X-CUBE-AI/App/network.o
 .data.conv2d_2_layer
                0x20002250       0x60 ./X-CUBE-AI/App/network.o
 .data.__compound_literal.64
                0x200022b0       0x30 ./X-CUBE-AI/App/network.o
 .data.__compound_literal.63
                0x200022e0        0x8 ./X-CUBE-AI/App/network.o
 .data.__compound_literal.62
                0x200022e8        0xc ./X-CUBE-AI/App/network.o
 .data.__compound_literal.61
                0x200022f4        0x4 ./X-CUBE-AI/App/network.o
 .data.__compound_literal.60
                0x200022f8        0x4 ./X-CUBE-AI/App/network.o
 .data.gemm_5_layer
                0x200022fc       0x1c ./X-CUBE-AI/App/network.o
 .data.__compound_literal.59
                0x20002318       0x30 ./X-CUBE-AI/App/network.o
 .data.__compound_literal.57
                0x20002348        0x8 ./X-CUBE-AI/App/network.o
 .data.__compound_literal.56
                0x20002350        0x4 ./X-CUBE-AI/App/network.o
 .data.__compound_literal.55
                0x20002354        0x4 ./X-CUBE-AI/App/network.o
 .data.nl_5_nl_layer
                0x20002358       0x20 ./X-CUBE-AI/App/network.o
 .data.__compound_literal.54
                0x20002378       0x30 ./X-CUBE-AI/App/network.o
 .data.__compound_literal.51
                0x200023a8        0x4 ./X-CUBE-AI/App/network.o
 .data.__compound_literal.50
                0x200023ac        0x4 ./X-CUBE-AI/App/network.o
 .data.gemm_6_layer
                0x200023b0       0x1c ./X-CUBE-AI/App/network.o
 .data.__compound_literal.49
                0x200023cc       0x30 ./X-CUBE-AI/App/network.o
 .data.__compound_literal.47
                0x200023fc        0x8 ./X-CUBE-AI/App/network.o
 .data.__compound_literal.46
                0x20002404        0x4 ./X-CUBE-AI/App/network.o
 .data.__compound_literal.45
                0x20002408        0x4 ./X-CUBE-AI/App/network.o
 .data.nl_7_layer
                0x2000240c       0x24 ./X-CUBE-AI/App/network.o
 .data.__compound_literal.44
                0x20002430       0x30 ./X-CUBE-AI/App/network.o
 .data.__compound_literal.41
                0x20002460        0x4 ./X-CUBE-AI/App/network.o
 .data.__compound_literal.40
                0x20002464        0x4 ./X-CUBE-AI/App/network.o
 .data.serving_default_keras_tensor_80_output
                0x20002468       0x1c ./X-CUBE-AI/App/network.o
 .data.__compound_literal.39
                0x20002484       0x10 ./X-CUBE-AI/App/network.o
 .data.__compound_literal.38
                0x20002494       0x10 ./X-CUBE-AI/App/network.o
 .data.nl_7_output
                0x200024a4       0x1c ./X-CUBE-AI/App/network.o
 .data.__compound_literal.37
                0x200024c0       0x10 ./X-CUBE-AI/App/network.o
 .data.__compound_literal.36
                0x200024d0       0x10 ./X-CUBE-AI/App/network.o
 .data.nl_5_nl_output
                0x200024e0       0x1c ./X-CUBE-AI/App/network.o
 .data.__compound_literal.35
                0x200024fc       0x10 ./X-CUBE-AI/App/network.o
 .data.__compound_literal.34
                0x2000250c       0x10 ./X-CUBE-AI/App/network.o
 .data.gemm_6_weights
                0x2000251c       0x1c ./X-CUBE-AI/App/network.o
 .data.__compound_literal.33
                0x20002538       0x10 ./X-CUBE-AI/App/network.o
 .data.__compound_literal.32
                0x20002548       0x10 ./X-CUBE-AI/App/network.o
 .data.gemm_6_output
                0x20002558       0x1c ./X-CUBE-AI/App/network.o
 .data.__compound_literal.31
                0x20002574       0x10 ./X-CUBE-AI/App/network.o
 .data.__compound_literal.30
                0x20002584       0x10 ./X-CUBE-AI/App/network.o
 .data.gemm_6_bias
                0x20002594       0x1c ./X-CUBE-AI/App/network.o
 .data.__compound_literal.29
                0x200025b0       0x10 ./X-CUBE-AI/App/network.o
 .data.__compound_literal.28
                0x200025c0       0x10 ./X-CUBE-AI/App/network.o
 .data.gemm_5_weights
                0x200025d0       0x1c ./X-CUBE-AI/App/network.o
 .data.__compound_literal.27
                0x200025ec       0x10 ./X-CUBE-AI/App/network.o
 .data.__compound_literal.26
                0x200025fc       0x10 ./X-CUBE-AI/App/network.o
 .data.gemm_5_output
                0x2000260c       0x1c ./X-CUBE-AI/App/network.o
 .data.__compound_literal.25
                0x20002628       0x10 ./X-CUBE-AI/App/network.o
 .data.__compound_literal.24
                0x20002638       0x10 ./X-CUBE-AI/App/network.o
 .data.gemm_5_bias
                0x20002648       0x1c ./X-CUBE-AI/App/network.o
 .data.__compound_literal.23
                0x20002664       0x10 ./X-CUBE-AI/App/network.o
 .data.__compound_literal.22
                0x20002674       0x10 ./X-CUBE-AI/App/network.o
 .data.conv2d_2_weights
                0x20002684       0x1c ./X-CUBE-AI/App/network.o
 .data.__compound_literal.21
                0x200026a0       0x10 ./X-CUBE-AI/App/network.o
 .data.__compound_literal.20
                0x200026b0       0x10 ./X-CUBE-AI/App/network.o
 .data.conv2d_2_scratch1
                0x200026c0       0x1c ./X-CUBE-AI/App/network.o
 .data.__compound_literal.19
                0x200026dc       0x10 ./X-CUBE-AI/App/network.o
 .data.__compound_literal.18
                0x200026ec       0x10 ./X-CUBE-AI/App/network.o
 .data.conv2d_2_scratch0
                0x200026fc       0x1c ./X-CUBE-AI/App/network.o
 .data.__compound_literal.17
                0x20002718       0x10 ./X-CUBE-AI/App/network.o
 .data.__compound_literal.16
                0x20002728       0x10 ./X-CUBE-AI/App/network.o
 .data.conv2d_2_output0
                0x20002738       0x1c ./X-CUBE-AI/App/network.o
 .data.__compound_literal.15
                0x20002754       0x10 ./X-CUBE-AI/App/network.o
 .data.__compound_literal.14
                0x20002764       0x10 ./X-CUBE-AI/App/network.o
 .data.conv2d_2_output
                0x20002774       0x1c ./X-CUBE-AI/App/network.o
 .data.__compound_literal.13
                0x20002790       0x10 ./X-CUBE-AI/App/network.o
 .data.__compound_literal.12
                0x200027a0       0x10 ./X-CUBE-AI/App/network.o
 .data.conv2d_2_bias
                0x200027b0       0x1c ./X-CUBE-AI/App/network.o
 .data.__compound_literal.11
                0x200027cc       0x10 ./X-CUBE-AI/App/network.o
 .data.__compound_literal.10
                0x200027dc       0x10 ./X-CUBE-AI/App/network.o
 .data.conv2d_0_weights
                0x200027ec       0x1c ./X-CUBE-AI/App/network.o
 .data.__compound_literal.9
                0x20002808       0x10 ./X-CUBE-AI/App/network.o
 .data.__compound_literal.8
                0x20002818       0x10 ./X-CUBE-AI/App/network.o
 .data.conv2d_0_scratch1
                0x20002828       0x1c ./X-CUBE-AI/App/network.o
 .data.__compound_literal.7
                0x20002844       0x10 ./X-CUBE-AI/App/network.o
 .data.__compound_literal.6
                0x20002854       0x10 ./X-CUBE-AI/App/network.o
 .data.conv2d_0_scratch0
                0x20002864       0x1c ./X-CUBE-AI/App/network.o
 .data.__compound_literal.5
                0x20002880       0x10 ./X-CUBE-AI/App/network.o
 .data.__compound_literal.4
                0x20002890       0x10 ./X-CUBE-AI/App/network.o
 .data.conv2d_0_output
                0x200028a0       0x1c ./X-CUBE-AI/App/network.o
 .data.__compound_literal.3
                0x200028bc       0x10 ./X-CUBE-AI/App/network.o
 .data.__compound_literal.2
                0x200028cc       0x10 ./X-CUBE-AI/App/network.o
 .data.conv2d_0_bias
                0x200028dc       0x1c ./X-CUBE-AI/App/network.o
 .data.__compound_literal.1
                0x200028f8       0x10 ./X-CUBE-AI/App/network.o
 .data.__compound_literal.0
                0x20002908       0x10 ./X-CUBE-AI/App/network.o
 .data.conv2d_2_scratch1_array
                0x20002918       0x10 ./X-CUBE-AI/App/network.o
 .data.conv2d_2_scratch0_array
                0x20002928       0x10 ./X-CUBE-AI/App/network.o
 .data.conv2d_0_scratch1_array
                0x20002938       0x10 ./X-CUBE-AI/App/network.o
 .data.conv2d_0_scratch0_array
                0x20002948       0x10 ./X-CUBE-AI/App/network.o
 .data.gemm_6_bias_array
                0x20002958       0x10 ./X-CUBE-AI/App/network.o
 .data.gemm_6_weights_array
                0x20002968       0x10 ./X-CUBE-AI/App/network.o
 .data.gemm_5_bias_array
                0x20002978       0x10 ./X-CUBE-AI/App/network.o
 .data.gemm_5_weights_array
                0x20002988       0x10 ./X-CUBE-AI/App/network.o
 .data.conv2d_2_bias_array
                0x20002998       0x10 ./X-CUBE-AI/App/network.o
 .data.conv2d_2_weights_array
                0x200029a8       0x10 ./X-CUBE-AI/App/network.o
 .data.conv2d_0_bias_array
                0x200029b8       0x10 ./X-CUBE-AI/App/network.o
 .data.conv2d_0_weights_array
                0x200029c8       0x10 ./X-CUBE-AI/App/network.o
 .data.nl_7_output_array
                0x200029d8       0x10 ./X-CUBE-AI/App/network.o
 .data.gemm_6_output_array
                0x200029e8       0x10 ./X-CUBE-AI/App/network.o
 .data.nl_5_nl_output_array
                0x200029f8       0x10 ./X-CUBE-AI/App/network.o
 .data.gemm_5_output_array
                0x20002a08       0x10 ./X-CUBE-AI/App/network.o
 .data.conv2d_2_output_array
                0x20002a18       0x10 ./X-CUBE-AI/App/network.o
 .data.conv2d_0_output_array
                0x20002a28       0x10 ./X-CUBE-AI/App/network.o
 .data.serving_default_keras_tensor_80_output_array
                0x20002a38       0x10 ./X-CUBE-AI/App/network.o
 .data.g_network_weights_table
                0x20002a48        0xc ./X-CUBE-AI/App/network_data_params.o
                0x20002a48                g_network_weights_table
 .data.__sglue  0x20002a54        0xc /Applications/STM32CubeIDE.app/Contents/Eclipse/plugins/com.st.stm32cube.ide.mcu.externaltools.gnu-tools-for-stm32.13.3.rel1.macos64_1.0.0.202411102158/tools/bin/../lib/gcc/arm-none-eabi/13.3.1/../../../../arm-none-eabi/lib/thumb/v7e-m+fp/hard/libc_nano.a(libc_a-findfp.o)
                0x20002a54                __sglue
 .data._impure_ptr
                0x20002a60        0x4 /Applications/STM32CubeIDE.app/Contents/Eclipse/plugins/com.st.stm32cube.ide.mcu.externaltools.gnu-tools-for-stm32.13.3.rel1.macos64_1.0.0.202411102158/tools/bin/../lib/gcc/arm-none-eabi/13.3.1/../../../../arm-none-eabi/lib/thumb/v7e-m+fp/hard/libc_nano.a(libc_a-impure.o)
                0x20002a60                _impure_ptr
 .data._impure_data
                0x20002a64       0x4c /Applications/STM32CubeIDE.app/Contents/Eclipse/plugins/com.st.stm32cube.ide.mcu.externaltools.gnu-tools-for-stm32.13.3.rel1.macos64_1.0.0.202411102158/tools/bin/../lib/gcc/arm-none-eabi/13.3.1/../../../../arm-none-eabi/lib/thumb/v7e-m+fp/hard/libc_nano.a(libc_a-impure.o)
                0x20002a64                _impure_data
 .data.__global_locale
                0x20002ab0      0x16c /Applications/STM32CubeIDE.app/Contents/Eclipse/plugins/com.st.stm32cube.ide.mcu.externaltools.gnu-tools-for-stm32.13.3.rel1.macos64_1.0.0.202411102158/tools/bin/../lib/gcc/arm-none-eabi/13.3.1/../../../../arm-none-eabi/lib/thumb/v7e-m+fp/hard/libc_nano.a(libc_a-locale.o)
                0x20002ab0                __global_locale
 *(.RamFunc)
 *(.RamFunc*)
                0x20002c1c                        . = ALIGN (0x4)
                0x20002c1c                        _edata = .

.igot.plt       0x20002c1c        0x0 load address 0x080174ec
 .igot.plt      0x20002c1c        0x0 /Applications/STM32CubeIDE.app/Contents/Eclipse/plugins/com.st.stm32cube.ide.mcu.externaltools.gnu-tools-for-stm32.13.3.rel1.macos64_1.0.0.202411102158/tools/bin/../lib/gcc/arm-none-eabi/13.3.1/thumb/v7e-m+fp/hard/crtbegin.o
                0x20002c1c                        . = ALIGN (0x4)

.bss            0x20002c1c     0x2388 load address 0x080174ec
                0x20002c1c                        _sbss = .
                0x20002c1c                        __bss_start__ = _sbss
 *(.bss)
 .bss           0x20002c1c       0x1c /Applications/STM32CubeIDE.app/Contents/Eclipse/plugins/com.st.stm32cube.ide.mcu.externaltools.gnu-tools-for-stm32.13.3.rel1.macos64_1.0.0.202411102158/tools/bin/../lib/gcc/arm-none-eabi/13.3.1/thumb/v7e-m+fp/hard/crtbegin.o
 *(.bss*)
 .bss.max_probability
                0x20002c38        0x4 ./Core/Src/main.o
                0x20002c38                max_probability
 .bss.ai_output
                0x20002c3c        0x4 ./Core/Src/main.o
                0x20002c3c                ai_output
 .bss.ai_input  0x20002c40        0x4 ./Core/Src/main.o
                0x20002c40                ai_input
 .bss.ai_output_data
                0x20002c44       0x28 ./Core/Src/main.o
                0x20002c44                ai_output_data
 .bss.activations
                0x20002c6c     0x20b4 ./Core/Src/main.o
                0x20002c6c                activations
 .bss.network   0x20004d20        0x4 ./Core/Src/main.o
                0x20004d20                network
 .bss.huart2    0x20004d24       0x48 ./Core/Src/main.o
                0x20004d24                huart2
 .bss.__sbrk_heap_end
                0x20004d6c        0x4 ./Core/Src/sysmem.o
 .bss.uwTick    0x20004d70        0x4 ./Drivers/STM32F4xx_HAL_Driver/Src/stm32f4xx_hal.o
                0x20004d70                uwTick
 .bss.io_malloc
                0x20004d74       0x1c ./X-CUBE-AI/App/aiTestUtility.o
                0x20004d74                io_malloc
 .bss.__compound_literal.86
                0x20004d90        0x8 ./X-CUBE-AI/App/network.o
 .bss.__compound_literal.85
                0x20004d98       0x10 ./X-CUBE-AI/App/network.o
 .bss.__compound_literal.84
                0x20004da8       0x1c ./X-CUBE-AI/App/network.o
 .bss.__compound_literal.81
                0x20004dc4        0x8 ./X-CUBE-AI/App/network.o
 .bss.__compound_literal.80
                0x20004dcc       0x10 ./X-CUBE-AI/App/network.o
 .bss.__compound_literal.79
                0x20004ddc       0x1c ./X-CUBE-AI/App/network.o
 .bss.__compound_literal.73
                0x20004df8       0x10 ./X-CUBE-AI/App/network.o
 .bss.__compound_literal.72
                0x20004e08       0x10 ./X-CUBE-AI/App/network.o
 .bss.__compound_literal.66
                0x20004e18       0x10 ./X-CUBE-AI/App/network.o
 .bss.__compound_literal.65
                0x20004e28       0x10 ./X-CUBE-AI/App/network.o
 .bss.__compound_literal.58
                0x20004e38        0x4 ./X-CUBE-AI/App/network.o
 .bss.__compound_literal.53
                0x20004e3c        0x4 ./X-CUBE-AI/App/network.o
 .bss.__compound_literal.52
                0x20004e40        0x4 ./X-CUBE-AI/App/network.o
 .bss.__compound_literal.48
                0x20004e44        0x4 ./X-CUBE-AI/App/network.o
 .bss.__compound_literal.43
                0x20004e48        0x4 ./X-CUBE-AI/App/network.o
 .bss.__compound_literal.42
                0x20004e4c        0x4 ./X-CUBE-AI/App/network.o
 .bss.g_network_weights_map
                0x20004e50        0x4 ./X-CUBE-AI/App/network.o
 .bss.g_network_activations_map
                0x20004e54        0x4 ./X-CUBE-AI/App/network.o
 .bss.__malloc_sbrk_start
                0x20004e58        0x4 /Applications/STM32CubeIDE.app/Contents/Eclipse/plugins/com.st.stm32cube.ide.mcu.externaltools.gnu-tools-for-stm32.13.3.rel1.macos64_1.0.0.202411102158/tools/bin/../lib/gcc/arm-none-eabi/13.3.1/../../../../arm-none-eabi/lib/thumb/v7e-m+fp/hard/libc_nano.a(libc_a-mallocr.o)
                0x20004e58                __malloc_sbrk_start
 .bss.__malloc_free_list
                0x20004e5c        0x4 /Applications/STM32CubeIDE.app/Contents/Eclipse/plugins/com.st.stm32cube.ide.mcu.externaltools.gnu-tools-for-stm32.13.3.rel1.macos64_1.0.0.202411102158/tools/bin/../lib/gcc/arm-none-eabi/13.3.1/../../../../arm-none-eabi/lib/thumb/v7e-m+fp/hard/libc_nano.a(libc_a-mallocr.o)
                0x20004e5c                __malloc_free_list
 .bss.__sf      0x20004e60      0x138 /Applications/STM32CubeIDE.app/Contents/Eclipse/plugins/com.st.stm32cube.ide.mcu.externaltools.gnu-tools-for-stm32.13.3.rel1.macos64_1.0.0.202411102158/tools/bin/../lib/gcc/arm-none-eabi/13.3.1/../../../../arm-none-eabi/lib/thumb/v7e-m+fp/hard/libc_nano.a(libc_a-findfp.o)
                0x20004e60                __sf
 .bss.__stdio_exit_handler
                0x20004f98        0x4 /Applications/STM32CubeIDE.app/Contents/Eclipse/plugins/com.st.stm32cube.ide.mcu.externaltools.gnu-tools-for-stm32.13.3.rel1.macos64_1.0.0.202411102158/tools/bin/../lib/gcc/arm-none-eabi/13.3.1/../../../../arm-none-eabi/lib/thumb/v7e-m+fp/hard/libc_nano.a(libc_a-findfp.o)
                0x20004f98                __stdio_exit_handler
 .bss.__lock___malloc_recursive_mutex