Archive member included to satisfy reference by file (symbol)

../Middlewares/ST/AI/Lib/NetworkRuntime1020_CM4_GCC.a(stai_internal.o)
                              ./X-CUBE-AI/App/aiTestHelper.o (stai_runtime_get_info)
../Middlewares/ST/AI/Lib/NetworkRuntime1020_CM4_GCC.a(ai_platform.o)
                              ./X-CUBE-AI/App/aiSystemPerformance.o (ai_buffer_get_size)
../Middlewares/ST/AI/Lib/NetworkRuntime1020_CM4_GCC.a(ai_platform_interface.o)
                              ./X-CUBE-AI/App/network.o (ai_platform_get_weights_map)
../Middlewares/ST/AI/Lib/NetworkRuntime1020_CM4_GCC.a(core_common.o)
                              ../Middlewares/ST/AI/Lib/NetworkRuntime1020_CM4_GCC.a(ai_platform_interface.o) (core_init)
../Middlewares/ST/AI/Lib/NetworkRuntime1020_CM4_GCC.a(core_mem_manager.o)
                              ../Middlewares/ST/AI/Lib/NetworkRuntime1020_CM4_GCC.a(ai_platform_interface.o) (core_mem_alloc)
../Middlewares/ST/AI/Lib/NetworkRuntime1020_CM4_GCC.a(layers.o)
                              ../Middlewares/ST/AI/Lib/NetworkRuntime1020_CM4_GCC.a(ai_platform_interface.o) (ai_check_custom_types)
../Middlewares/ST/AI/Lib/NetworkRuntime1020_CM4_GCC.a(layers_conv2d_generic_float.o)
                              ./X-CUBE-AI/App/network.o (forward_conv2d_if32of32wf32)
../Middlewares/ST/AI/Lib/NetworkRuntime1020_CM4_GCC.a(layers_generic_float.o)
                              ./X-CUBE-AI/App/network.o (forward_concat)
../Middlewares/ST/AI/Lib/NetworkRuntime1020_CM4_GCC.a(layers_nl_generic_float.o)
                              ./X-CUBE-AI/App/network.o (forward_relu)
../Middlewares/ST/AI/Lib/NetworkRuntime1020_CM4_GCC.a(layers_pad_generic.o)
                              ../Middlewares/ST/AI/Lib/NetworkRuntime1020_CM4_GCC.a(layers_generic_float.o) (forward_pad_8bit_ch1st_3x3_constant)
../Middlewares/ST/AI/Lib/NetworkRuntime1020_CM4_GCC.a(layers_pool_generic_float.o)
                              ./X-CUBE-AI/App/network.o (forward_mp)
../Middlewares/ST/AI/Lib/NetworkRuntime1020_CM4_GCC.a(layers_resize.o)
                              ../Middlewares/ST/AI/Lib/NetworkRuntime1020_CM4_GCC.a(layers_generic_float.o) (forward_resize_nearest_if32of32)
../Middlewares/ST/AI/Lib/NetworkRuntime1020_CM4_GCC.a(layers_conv2d_integer_scratch.o)
                              ../Middlewares/ST/AI/Lib/NetworkRuntime1020_CM4_GCC.a(layers.o) (get_dense_scratch_size_s8)
../Middlewares/ST/AI/Lib/NetworkRuntime1020_CM4_GCC.a(forward_lite_argminmax.o)
                              ../Middlewares/ST/AI/Lib/NetworkRuntime1020_CM4_GCC.a(layers_generic_float.o) (forward_lite_argmax_if32)
../Middlewares/ST/AI/Lib/NetworkRuntime1020_CM4_GCC.a(forward_lite_conv2d_if32of32wf32.o)
                              ../Middlewares/ST/AI/Lib/NetworkRuntime1020_CM4_GCC.a(layers_conv2d_generic_float.o) (forward_lite_conv2d_if32of32wf32)
../Middlewares/ST/AI/Lib/NetworkRuntime1020_CM4_GCC.a(lite_nl_softmax_if32of32.o)
                              ../Middlewares/ST/AI/Lib/NetworkRuntime1020_CM4_GCC.a(layers_nl_generic_float.o) (forward_lite_nl_softmax_if32of32_kernel)
../Middlewares/ST/AI/Lib/NetworkRuntime1020_CM4_GCC.a(lite_nl_relu_if32of32.o)
                              ../Middlewares/ST/AI/Lib/NetworkRuntime1020_CM4_GCC.a(layers_nl_generic_float.o) (forward_lite_nl_prelu_if32of32_kernel)
../Middlewares/ST/AI/Lib/NetworkRuntime1020_CM4_GCC.a(lite_argminmax_if32_kernel.o)
                              ../Middlewares/ST/AI/Lib/NetworkRuntime1020_CM4_GCC.a(forward_lite_argminmax.o) (forward_lite_argmax_f32_kernel_ch)
../Middlewares/ST/AI/Lib/NetworkRuntime1020_CM4_GCC.a(lite_argminmax_is8_kernel.o)
                              ../Middlewares/ST/AI/Lib/NetworkRuntime1020_CM4_GCC.a(forward_lite_argminmax.o) (forward_lite_argmax_s8_kernel)
../Middlewares/ST/AI/Lib/NetworkRuntime1020_CM4_GCC.a(forward_lite_pool_f32.o)
                              ./X-CUBE-AI/App/network.o (pool_func_mp_array_f32)
../Middlewares/ST/AI/Lib/NetworkRuntime1020_CM4_GCC.a(forward_lite_resize.o)
                              ../Middlewares/ST/AI/Lib/NetworkRuntime1020_CM4_GCC.a(layers_resize.o) (forward_lite_resize_bilinear_if32of32)
../Middlewares/ST/AI/Lib/NetworkRuntime1020_CM4_GCC.a(forward_lite_upsample.o)
                              ../Middlewares/ST/AI/Lib/NetworkRuntime1020_CM4_GCC.a(layers_generic_float.o) (forward_lite_upsample_bilinear_if32of32)
../Middlewares/ST/AI/Lib/NetworkRuntime1020_CM4_GCC.a(forward_lite_upsample_generic.o)
                              ../Middlewares/ST/AI/Lib/NetworkRuntime1020_CM4_GCC.a(layers_generic_float.o) (forward_lite_upsample_nearest)
../Middlewares/ST/AI/Lib/NetworkRuntime1020_CM4_GCC.a(lite_dense_if32.o)
                              ../Middlewares/ST/AI/Lib/NetworkRuntime1020_CM4_GCC.a(layers_conv2d_generic_float.o) (lite_decompress_ilutof32)
../Middlewares/ST/AI/Lib/NetworkRuntime1020_CM4_GCC.a(lite_generic_float.o)
[...]
Memory Configuration

Name             Origin             Length             Attributes
RAM              0x20000000         0x00020000         xrw
FLASH            0x08000000         0x20000000         xr
*default*        0x00000000         0xffffffff

Linker script and memory map

LOAD /Applications/STM32CubeIDE.app/Contents/Eclipse/plugins/com.st.stm32cube.ide.mcu.externaltools.gnu-tools-for-stm32.13.3.rel1.macos64_1.0.0.202411102158/tools/bin/../lib/gcc/arm-none-eabi/13.3.1/thumb/v7e-m+fp/hard/crti.o
LOAD /Applications/STM32CubeIDE.app/Contents/Eclipse/plugins/com.st.stm32cube.ide.mcu.externaltools.gnu-tools-for-stm32.13.3.rel1.macos64_1.0.0.202411102158/tools/bin/../lib/gcc/arm-none-eabi/13.3.1/thumb/v7e-m+fp/hard/crtbegin.o
LOAD /Applications/STM32CubeIDE.app/Contents/Eclipse/plugins/com.st.stm32cube.ide.mcu.externaltools.gnu-tools-for-stm32.13.3.rel1.macos64_1.0.0.202411102158/tools/bin/../lib/gcc/arm-none-eabi/13.3.1/../../../../arm-none-eabi/lib/thumb/v7e-m+fp/hard/crt0.o
LOAD ./Core/Src/main.o
LOAD ./Core/Src/stm32f4xx_hal_msp.o
LOAD ./Core/Src/stm32f4xx_it.o
LOAD ./Core/Src/syscalls.o
LOAD ./Core/Src/sysmem.o
LOAD ./Core/Src/system_stm32f4xx.o
LOAD ./Core/Startup/startup_stm32f446retx.o
LOAD ./Drivers/STM32F4xx_HAL_Driver/Src/stm32f4xx_hal.o
LOAD ./Drivers/STM32F4xx_HAL_Driver/Src/stm32f4xx_hal_cortex.o
LOAD ./Drivers/STM32F4xx_HAL_Driver/Src/stm32f4xx_hal_dma.o
LOAD ./Drivers/STM32F4xx_HAL_Driver/Src/stm32f4xx_hal_dma_ex.o
LOAD ./Drivers/STM32F4xx_HAL_Driver/Src/stm32f4xx_hal_exti.o
LOAD ./Drivers/STM32F4xx_HAL_Driver/Src/stm32f4xx_hal_flash.o
LOAD ./Drivers/STM32F4xx_HAL_Driver/Src/stm32f4xx_hal_flash_ex.o
LOAD ./Drivers/STM32F4xx_HAL_Driver/Src/stm32f4xx_hal_flash_ramfunc.o
LOAD ./Drivers/STM32F4xx_HAL_Driver/Src/stm32f4xx_hal_gpio.o
LOAD ./Drivers/STM32F4xx_HAL_Driver/Src/stm32f4xx_hal_pwr.o
LOAD ./Drivers/STM32F4xx_HAL_Driver/Src/stm32f4xx_hal_pwr_ex.o
LOAD ./Drivers/STM32F4xx_HAL_Driver/Src/stm32f4xx_hal_rcc.o
LOAD ./Drivers/STM32F4xx_HAL_Driver/Src/stm32f4xx_hal_rcc_ex.o
LOAD ./Drivers/STM32F4xx_HAL_Driver/Src/stm32f4xx_hal_uart.o
LOAD ./X-CUBE-AI/App/aiSystemPerformance.o
LOAD ./X-CUBE-AI/App/aiTestHelper.o
LOAD ./X-CUBE-AI/App/aiTestUtility.o
LOAD ./X-CUBE-AI/App/ai_device_adaptor.o
LOAD ./X-CUBE-AI/App/app_x-cube-ai.o
LOAD ./X-CUBE-AI/App/lc_print.o
LOAD ./X-CUBE-AI/App/network.o
LOAD ./X-CUBE-AI/App/network_data.o
LOAD ./X-CUBE-AI/App/network_data_params.o
LOAD ./X-CUBE-AI/App/syscalls.o
LOAD ../Middlewares/ST/AI/Lib/NetworkRuntime1020_CM4_GCC.a
START GROUP
LOAD /Applications/STM32CubeIDE.app/Contents/Eclipse/plugins/com.st.stm32cube.ide.mcu.externaltools.gnu-tools-for-stm32.13.3.rel1.macos64_1.0.0.202411102158/tools/bin/../lib/gcc/arm-none-eabi/13.3.1/../../../../arm-none-eabi/lib/thumb/v7e-m+fp/hard/libc_nano.a
LOAD /Applications/STM32CubeIDE.app/Contents/Eclipse/plugins/com.st.stm32cube.ide.mcu.externaltools.gnu-tools-for-stm32.13.3.rel1.macos64_1.0.0.202411102158/tools/bin/../lib/gcc/arm-none-eabi/13.3.1/../../../../arm-none-eabi/lib/thumb/v7e-m+fp/hard/libm.a
END GROUP
START GROUP
LOAD /Applications/STM32CubeIDE.app/Contents/Eclipse/plugins/com.st.stm32cube.ide.mcu.externaltools.gnu-tools-for-stm32.13.3.rel1.macos64_1.0.0.202411102158/tools/bin/../lib/gcc/arm-none-eabi/13.3.1/thumb/v7e-m+fp/hard/libgcc.a
LOAD /Applications/STM32CubeIDE.app/Contents/Eclipse/plugins/com.st.stm32cube.ide.mcu.externaltools.gnu-tools-for-stm32.13.3.rel1.macos64_1.0.0.202411102158/tools/bin/../lib/gcc/arm-none-eabi/13.3.1/../../../../arm-none-eabi/lib/thumb/v7e-m+fp/hard/libc_nano.a
END GROUP
START GROUP
LOAD /Applications/STM32CubeIDE.app/Contents/Eclipse/plugins/com.st.stm32cube.ide.mcu.externaltools.gnu-tools-for-stm32.13.3.rel1.macos64_1.0.0.202411102158/tools/bin/../lib/gcc/arm-none-eabi/13.3.1/thumb/v7e-m+fp/hard/libgcc.a
LOAD /Applications/STM32CubeIDE.app/Contents/Eclipse/plugins/com.st.stm32cube.ide.mcu.externaltools.gnu-tools-for-stm32.13.3.rel1.macos64_1.0.0.202411102158/tools/bin/../lib/gcc/arm-none-eabi/13.3.1/../../../../arm-none-eabi/lib/thumb/v7e-m+fp/hard/libc_nano.a
LOAD /Applications/STM32CubeIDE.app/Contents/Eclipse/plugins/com.st.stm32cube.ide.mcu.externaltools.gnu-tools-for-stm32.13.3.rel1.macos64_1.0.0.202411102158/tools/bin/../lib/gcc/arm-none-eabi/13.3.1/../../../../arm-none-eabi/lib/thumb/v7e-m+fp/hard/libnosys.a
END GROUP
START GROUP
LOAD /Applications/STM32CubeIDE.app/Contents/Eclipse/plugins/com.st.stm32cube.ide.mcu.externaltools.gnu-tools-for-stm32.13.3.rel1.macos64_1.0.0.202411102158/tools/bin/../lib/gcc/arm-none-eabi/13.3.1/thumb/v7e-m+fp/hard/libgcc.a
LOAD /Applications/STM32CubeIDE.app/Contents/Eclipse/plugins/com.st.stm32cube.ide.mcu.externaltools.gnu-tools-for-stm32.13.3.rel1.macos64_1.0.0.202411102158/tools/bin/../lib/gcc/arm-none-eabi/13.3.1/../../../../arm-none-eabi/lib/thumb/v7e-m+fp/hard/libc_nano.a
LOAD /Applications/STM32CubeIDE.app/Contents/Eclipse/plugins/com.st.stm32cube.ide.mcu.externaltools.gnu-tools-for-stm32.13.3.rel1.macos64_1.0.0.202411102158/tools/bin/../lib/gcc/arm-none-eabi/13.3.1/../../../../arm-none-eabi/lib/thumb/v7e-m+fp/hard/libnosys.a
END GROUP
LOAD /Applications/STM32CubeIDE.app/Contents/Eclipse/plugins/com.st.stm32cube.ide.mcu.externaltools.gnu-tools-for-stm32.13.3.rel1.macos64_1.0.0.202411102158/tools/bin/../lib/gcc/arm-none-eabi/13.3.1/thumb/v7e-m+fp/hard/crtend.o
LOAD /Applications/STM32CubeIDE.app/Contents/Eclipse/plugins/com.st.stm32cube.ide.mcu.externaltools.gnu-tools-for-stm32.13.3.rel1.macos64_1.0.0.202411102158/tools/bin/../lib/gcc/arm-none-eabi/13.3.1/thumb/v7e-m+fp/hard/crtn.o
                0x20020000                        _estack = (ORIGIN (RAM) + LENGTH (RAM))
                0x00000800                        _Min_Heap_Size = 0x800
                0x00000800                        _Min_Stack_Size = 0x800

.AI_RAM         0x20000000     0x8000
                0x20000000                        . = ALIGN (0x4)
 *(.AI_RAM)
 .AI_RAM        0x20000000     0x8000 ./X-CUBE-AI/App/app_x-cube-ai.o

.isr_vector     0x08000000      0x1c4
                0x08000000                        . = ALIGN (0x4)
 *(.isr_vector)
 .isr_vector    0x08000000      0x1c4 ./Core/Startup/startup_stm32f446retx.o
                0x08000000                g_pfnVectors
                0x080001c4                        . = ALIGN (0x4)

.text           0x080001d0     0x8b68
                0x080001d0                        . = ALIGN (0x4)
 *(.text)
 .text          0x080001d0       0x40 /Applications/STM32CubeIDE.app/Contents/Eclipse/plugins/com.st.stm32cube.ide.mcu.externaltools.gnu-tools-for-stm32.13.3.rel1.macos64_1.0.0.202411102158/tools/bin/../lib/gcc/arm-none-eabi/13.3.1/thumb/v7e-m+fp/hard/crtbegin.o
 .text          0x08000210       0xa0 /Applications/STM32CubeIDE.app/Contents/Eclipse/plugins/com.st.stm32cube.ide.mcu.externaltools.gnu-tools-for-stm32.13.3.rel1.macos64_1.0.0.202411102158/tools/bin/../lib/gcc/arm-none-eabi/13.3.1/../../../../arm-none-eabi/lib/thumb/v7e-m+fp/hard/libc_nano.a(libc_a-memchr.o)
                0x08000210                memchr
 .text          0x080002b0       0x10 /Applications/STM32CubeIDE.app/Contents/Eclipse/plugins/com.st.stm32cube.ide.mcu.externaltools.gnu-tools-for-stm32.13.3.rel1.macos64_1.0.0.202411102158/tools/bin/../lib/gcc/arm-none-eabi/13.3.1/../../../../arm-none-eabi/lib/thumb/v7e-m+fp/hard/libc_nano.a(libc_a-strlen.o)
                0x080002b0                strlen
 .text          0x080002c0      0x378 /Applications/STM32CubeIDE.app/Contents/Eclipse/plugins/com.st.stm32cube.ide.mcu.externaltools.gnu-tools-for-stm32.13.3.rel1.macos64_1.0.0.202411102158/tools/bin/../lib/gcc/arm-none-eabi/13.3.1/thumb/v7e-m+fp/hard/libgcc.a(_arm_addsubdf3.o)
                0x080002c0                __aeabi_drsub
                0x080002c8                __subdf3
                0x080002c8                __aeabi_dsub
                0x080002cc                __aeabi_dadd
                0x080002cc                __adddf3
                0x08000544                __aeabi_ui2d
                0x08000544                __floatunsidf
                0x08000564                __floatsidf
                0x08000564                __aeabi_i2d
                0x08000588                __extendsfdf2
                0x08000588                __aeabi_f2d
                0x080005cc                __aeabi_ul2d
                0x080005cc                __floatundidf
                0x080005dc                __aeabi_l2d
                0x080005dc                __floatdidf
 .text          0x08000638      0x424 /Applications/STM32CubeIDE.app/Contents/Eclipse/plugins/com.st.stm32cube.ide.mcu.externaltools.gnu-tools-for-stm32.13.3.rel1.macos64_1.0.0.202411102158/tools/bin/../lib/gcc/arm-none-eabi/13.3.1/thumb/v7e-m+fp/hard/libgcc.a(_arm_muldivdf3.o)
                0x08000638                __aeabi_dmul
                0x08000638                __muldf3
                0x0800088c                __aeabi_ddiv
                0x0800088c                __divdf3
 .text          0x08000a5c      0x110 /Applications/STM32CubeIDE.app/Contents/Eclipse/plugins/com.st.stm32cube.ide.mcu.externaltools.gnu-tools-for-stm32.13.3.rel1.macos64_1.0.0.202411102158/tools/bin/../lib/gcc/arm-none-eabi/13.3.1/thumb/v7e-m+fp/hard/libgcc.a(_arm_cmpdf2.o)
                0x08000a5c                __gedf2
                0x08000a5c                __gtdf2
                0x08000a64                __ledf2
                0x08000a64                __ltdf2
                0x08000a6c                __cmpdf2
                0x08000a6c                __eqdf2
                0x08000a6c                __nedf2
                0x08000ae8                __aeabi_cdrcmple
                0x08000af8                __aeabi_cdcmple
                0x08000af8                __aeabi_cdcmpeq
                0x08000b08                __aeabi_dcmpeq
                0x08000b1c                __aeabi_dcmplt
                0x08000b30                __aeabi_dcmple
                0x08000b44                __aeabi_dcmpge
                0x08000b58                __aeabi_dcmpgt
 .text          0x08000b6c       0x2c /Applications/STM32CubeIDE.app/Contents/Eclipse/plugins/com.st.stm32cube.ide.mcu.externaltools.gnu-tools-for-stm32.13.3.rel1.macos64_1.0.0.202411102158/tools/bin/../lib/gcc/arm-none-eabi/13.3.1/thumb/v7e-m+fp/hard/libgcc.a(_arm_unorddf2.o)
                0x08000b6c                __aeabi_dcmpun
                0x08000b6c                __unorddf2
 .text          0x08000b98       0x50 /Applications/STM32CubeIDE.app/Contents/Eclipse/plugins/com.st.stm32cube.ide.mcu.externaltools.gnu-tools-for-stm32.13.3.rel1.macos64_1.0.0.202411102158/tools/bin/../lib/gcc/arm-none-eabi/13.3.1/thumb/v7e-m+fp/hard/libgcc.a(_arm_fixdfsi.o)
                0x08000b98                __fixdfsi
                0x08000b98                __aeabi_d2iz
 .text          0x08000be8       0x30 /Applications/STM32CubeIDE.app/Contents/Eclipse/plugins/com.st.stm32cube.ide.mcu.externaltools.gnu-tools-for-stm32.13.3.rel1.macos64_1.0.0.202411102158/tools/bin/../lib/gcc/arm-none-eabi/13.3.1/thumb/v7e-m+fp/hard/libgcc.a(_aeabi_uldivmod.o)
                0x08000be8                __aeabi_uldivmod
 .text          0x08000c18      0x2f8 /Applications/STM32CubeIDE.app/Contents/Eclipse/plugins/com.st.stm32cube.ide.mcu.externaltools.gnu-tools-for-stm32.13.3.rel1.macos64_1.0.0.202411102158/tools/bin/../lib/gcc/arm-none-eabi/13.3.1/thumb/v7e-m+fp/hard/libgcc.a(_udivmoddi4.o)
                0x08000c18                __udivmoddi4
 .text          0x08000f10        0x4 /Applications/STM32CubeIDE.app/Contents/Eclipse/plugins/com.st.stm32cube.ide.mcu.externaltools.gnu-tools-for-stm32.13.3.rel1.macos64_1.0.0.202411102158/tools/bin/../lib/gcc/arm-none-eabi/13.3.1/thumb/v7e-m+fp/hard/libgcc.a(_dvmd_tls.o)
                0x08000f10                __aeabi_ldiv0
                0x08000f10                __aeabi_idiv0
 *(.text*)
 .text.SystemClock_Config
                0x08000f14       0xa8 ./Core/Src/main.o
                0x08000f14                SystemClock_Config
 .text.MX_USART2_UART_Init
                0x08000fbc       0x34 ./Core/Src/main.o
                0x08000fbc                MX_USART2_UART_Init
 .text.startup.main
                0x08000ff0      0x1a8 ./Core/Src/main.o
                0x08000ff0                main
 .text.HAL_MspInit
                0x08001198       0x3c ./Core/Src/stm32f4xx_hal_msp.o
                0x08001198                HAL_MspInit
 .text.HAL_UART_MspInit
                0x080011d4       0x80 ./Core/Src/stm32f4xx_hal_msp.o
                0x080011d4                HAL_UART_MspInit
 .text.NMI_Handler
                0x08001254        0x2 ./Core/Src/stm32f4xx_it.o
                0x08001254                NMI_Handler
 .text.HardFault_Handler
                0x08001256        0x2 ./Core/Src/stm32f4xx_it.o
                0x08001256                HardFault_Handler
 .text.MemManage_Handler
                0x08001258        0x2 ./Core/Src/stm32f4xx_it.o
                0x08001258                MemManage_Handler
 .text.BusFault_Handler
                0x0800125a        0x2 ./Core/Src/stm32f4xx_it.o
                0x0800125a                BusFault_Handler
 .text.UsageFault_Handler
                0x0800125c        0x2 ./Core/Src/stm32f4xx_it.o
                0x0800125c                UsageFault_Handler
 .text.SVC_Handler
                0x0800125e        0x2 ./Core/Src/stm32f4xx_it.o
                0x0800125e                SVC_Handler
 .text.DebugMon_Handler
                0x08001260        0x2 ./Core/Src/stm32f4xx_it.o
                0x08001260                DebugMon_Handler
 .text.PendSV_Handler
                0x08001262        0x2 ./Core/Src/stm32f4xx_it.o
                0x08001262                PendSV_Handler
 .text.SysTick_Handler
                0x08001264        0x4 ./Core/Src/stm32f4xx_it.o
                0x08001264                SysTick_Handler
 .text._getpid  0x08001268        0x4 ./Core/Src/syscalls.o
                0x08001268                _getpid
 .text._kill    0x0800126c       0x10 ./Core/Src/syscalls.o
                0x0800126c                _kill
 .text._exit    0x0800127c        0xc ./Core/Src/syscalls.o
                0x0800127c                _exit
 .text._read    0x08001288       0x1c ./Core/Src/syscalls.o
                0x08001288                _read
 .text._close   0x080012a4        0x6 ./Core/Src/syscalls.o
                0x080012a4                _close
 .text._fstat   0x080012aa        0xa ./Core/Src/syscalls.o
                0x080012aa                _fstat
 .text._isatty  0x080012b4        0x4 ./Core/Src/syscalls.o
                0x080012b4                _isatty
 .text._lseek   0x080012b8        0x4 ./Core/Src/syscalls.o
                0x080012b8                _lseek
 .text._sbrk    0x080012bc       0x40 ./Core/Src/sysmem.o
                0x080012bc                _sbrk
 .text.SystemInit
                0x080012fc       0x14 ./Core/Src/system_stm32f4xx.o
                0x080012fc                SystemInit
 .text.Reset_Handler
                0x08001310       0x50 ./Core/Startup/startup_stm32f446retx.o
                0x08001310                Reset_Handler
 .text.Default_Handler
                0x08001360        0x2 ./Core/Startup/startup_stm32f446retx.o
                0x08001360                DMA1_Stream3_IRQHandler
                0x08001360                EXTI2_IRQHandler
                0x08001360                TIM8_CC_IRQHandler
                0x08001360                FMPI2C1_EV_IRQHandler
                0x08001360                SPI4_IRQHandler
                0x08001360                TIM1_CC_IRQHandler
                0x08001360                DMA2_Stream5_IRQHandler
                0x08001360                DMA1_Stream5_IRQHandler
                0x08001360                PVD_IRQHandler
                0x08001360                SDIO_IRQHandler
                0x08001360                TAMP_STAMP_IRQHandler
                0x08001360                CAN2_RX1_IRQHandler
                0x08001360                EXTI3_IRQHandler
                0x08001360                TIM8_TRG_COM_TIM14_IRQHandler
                0x08001360                TIM1_UP_TIM10_IRQHandler
                0x08001360                TIM8_UP_TIM13_IRQHandler
                0x08001360                I2C3_ER_IRQHandler
                0x08001360                EXTI0_IRQHandler
                0x08001360                I2C2_EV_IRQHandler
                0x08001360                DMA1_Stream2_IRQHandler
                0x08001360                CAN1_RX0_IRQHandler
                0x08001360                FPU_IRQHandler
                0x08001360                OTG_HS_WKUP_IRQHandler
                0x08001360                CAN2_SCE_IRQHandler
                0x08001360                DMA2_Stream2_IRQHandler
                0x08001360                SPI1_IRQHandler
                0x08001360                TIM6_DAC_IRQHandler
                0x08001360                TIM1_BRK_TIM9_IRQHandler
                0x08001360                DCMI_IRQHandler
                0x08001360                CAN2_RX0_IRQHandler
                0x08001360                DMA2_Stream3_IRQHandler
                0x08001360                SAI2_IRQHandler
                0x08001360                USART6_IRQHandler
                0x08001360                USART3_IRQHandler
                0x08001360                CAN1_RX1_IRQHandler
                0x08001360                UART5_IRQHandler
                0x08001360                DMA2_Stream0_IRQHandler
                0x08001360                TIM4_IRQHandler
                0x08001360                QUADSPI_IRQHandler
                0x08001360                I2C1_EV_IRQHandler
                0x08001360                DMA1_Stream6_IRQHandler
                0x08001360                DMA1_Stream1_IRQHandler
                0x08001360                UART4_IRQHandler
                0x08001360                TIM3_IRQHandler
                0x08001360                RCC_IRQHandler
                0x08001360                TIM8_BRK_TIM12_IRQHandler
                0x08001360                Default_Handler
                0x08001360                CEC_IRQHandler
                0x08001360                EXTI15_10_IRQHandler
                0x08001360                ADC_IRQHandler
                0x08001360                DMA1_Stream7_IRQHandler
                0x08001360                TIM7_IRQHandler
                0x08001360                CAN2_TX_IRQHandler
                0x08001360                TIM5_IRQHandler
                0x08001360                DMA2_Stream7_IRQHandler
                0x08001360                I2C3_EV_IRQHandler
                0x08001360                EXTI9_5_IRQHandler
                0x08001360                RTC_WKUP_IRQHandler
                0x08001360                SPDIF_RX_IRQHandler
                0x08001360                SPI2_IRQHandler
                0x08001360                OTG_HS_EP1_IN_IRQHandler
                0x08001360                DMA1_Stream0_IRQHandler
                0x08001360                CAN1_TX_IRQHandler
                0x08001360                FMPI2C1_ER_IRQHandler
                0x08001360                EXTI4_IRQHandler
                0x08001360                OTG_HS_EP1_OUT_IRQHandler
                0x08001360                WWDG_IRQHandler
                0x08001360                TIM2_IRQHandler
                0x08001360                OTG_FS_WKUP_IRQHandler
                0x08001360                TIM1_TRG_COM_TIM11_IRQHandler
                0x08001360                OTG_HS_IRQHandler
                0x08001360                EXTI1_IRQHandler
                0x08001360                USART2_IRQHandler
                0x08001360                I2C2_ER_IRQHandler
                0x08001360                DMA2_Stream1_IRQHandler
                0x08001360                CAN1_SCE_IRQHandler
                0x08001360                FLASH_IRQHandler
                0x08001360                DMA2_Stream4_IRQHandler
                0x08001360                USART1_IRQHandler
                0x08001360                OTG_FS_IRQHandler
                0x08001360                SPI3_IRQHandler
                0x08001360                DMA1_Stream4_IRQHandler
                0x08001360                I2C1_ER_IRQHandler
                0x08001360                FMC_IRQHandler
                0x08001360                DMA2_Stream6_IRQHandler
                0x08001360                SAI1_IRQHandler
                0x08001360                RTC_Alarm_IRQHandler
 *fill*         0x08001362        0x2 
 .text.HAL_InitTick
                0x08001364       0x48 ./Drivers/STM32F4xx_HAL_Driver/Src/stm32f4xx_hal.o
                0x08001364                HAL_InitTick
 .text.HAL_Init
                0x080013ac       0x34 ./Drivers/STM32F4xx_HAL_Driver/Src/stm32f4xx_hal.o
                0x080013ac                HAL_Init
 .text.HAL_IncTick
                0x080013e0       0x18 ./Drivers/STM32F4xx_HAL_Driver/Src/stm32f4xx_hal.o
                0x080013e0                HAL_IncTick
 .text.HAL_GetTick
                0x080013f8        0xc ./Drivers/STM32F4xx_HAL_Driver/Src/stm32f4xx_hal.o
                0x080013f8                HAL_GetTick
 .text.HAL_Delay
                0x08001404       0x28 ./Drivers/STM32F4xx_HAL_Driver/Src/stm32f4xx_hal.o
                0x08001404                HAL_Delay
 .text.HAL_NVIC_SetPriorityGrouping
                0x0800142c       0x24 ./Drivers/STM32F4xx_HAL_Driver/Src/stm32f4xx_hal_cortex.o
                0x0800142c                HAL_NVIC_SetPriorityGrouping
 .text.HAL_NVIC_SetPriority
                0x08001450       0x64 ./Drivers/STM32F4xx_HAL_Driver/Src/stm32f4xx_hal_cortex.o
                0x08001450                HAL_NVIC_SetPriority
 .text.HAL_SYSTICK_Config
                0x080014b4       0x28 ./Drivers/STM32F4xx_HAL_Driver/Src/stm32f4xx_hal_cortex.o
                0x080014b4                HAL_SYSTICK_Config
 .text.HAL_GPIO_Init
                0x080014dc      0x1a4 ./Drivers/STM32F4xx_HAL_Driver/Src/stm32f4xx_hal_gpio.o
                0x080014dc                HAL_GPIO_Init
 .text.HAL_GPIO_WritePin
                0x08001680        0xa ./Drivers/STM32F4xx_HAL_Driver/Src/stm32f4xx_hal_gpio.o
                0x08001680                HAL_GPIO_WritePin
 .text.HAL_GPIO_TogglePin
                0x0800168a       0x12 ./Drivers/STM32F4xx_HAL_Driver/Src/stm32f4xx_hal_gpio.o
                0x0800168a                HAL_GPIO_TogglePin
 .text.HAL_PWREx_EnableOverDrive
                0x0800169c       0x74 ./Drivers/STM32F4xx_HAL_Driver/Src/stm32f4xx_hal_pwr_ex.o
                0x0800169c                HAL_PWREx_EnableOverDrive
 .text.HAL_RCC_ClockConfig
                0x08001710      0x134 ./Drivers/STM32F4xx_HAL_Driver/Src/stm32f4xx_hal_rcc.o
                0x08001710                HAL_RCC_ClockConfig
 .text.HAL_RCC_GetPCLK1Freq
                0x08001844       0x20 ./Drivers/STM32F4xx_HAL_Driver/Src/stm32f4xx_hal_rcc.o
                0x08001844                HAL_RCC_GetPCLK1Freq
 .text.HAL_RCC_GetPCLK2Freq
                0x08001864       0x20 ./Drivers/STM32F4xx_HAL_Driver/Src/stm32f4xx_hal_rcc.o
                0x08001864                HAL_RCC_GetPCLK2Freq
 .text.HAL_RCC_GetSysClockFreq
                0x08001884       0x90 ./Drivers/STM32F4xx_HAL_Driver/Src/stm32f4xx_hal_rcc_ex.o
                0x08001884                HAL_RCC_GetSysClockFreq
 .text.HAL_RCC_OscConfig
                0x08001914      0x39c ./Drivers/STM32F4xx_HAL_Driver/Src/stm32f4xx_hal_rcc_ex.o
                0x08001914                HAL_RCC_OscConfig
 .text.UART_EndRxTransfer
                0x08001cb0       0x5c ./Drivers/STM32F4xx_HAL_Driver/Src/stm32f4xx_hal_uart.o
 .text.UART_SetConfig
                0x08001d0c       0xbc ./Drivers/STM32F4xx_HAL_Driver/Src/stm32f4xx_hal_uart.o
 .text.UART_WaitOnFlagUntilTimeout.constprop.0
                0x08001dc8       0x64 ./Drivers/STM32F4xx_HAL_Driver/Src/stm32f4xx_hal_uart.o
 .text.HAL_UART_Init
                0x08001e2c       0x5e ./Drivers/STM32F4xx_HAL_Driver/Src/stm32f4xx_hal_uart.o
                0x08001e2c                HAL_UART_Init
 .text.HAL_UART_Transmit
                0x08001e8a       0x9c ./Drivers/STM32F4xx_HAL_Driver/Src/stm32f4xx_hal_uart.o
                0x08001e8a                HAL_UART_Transmit
 *fill*         0x08001f26        0x2 
 .text._write   0x08001f28       0x40 ./X-CUBE-AI/App/aiTestUtility.o
                0x08001f28                _write
 .text.__wrap_malloc
                0x08001f68       0x50 ./X-CUBE-AI/App/aiTestUtility.o
                0x08001f68                __wrap_malloc
 .text.ai_network_create
                0x08001fb8       0x1c ./X-CUBE-AI/App/network.o
                0x08001fb8                ai_network_create
 .text.ai_network_inputs_get
                0x08001fd4       0x14 ./X-CUBE-AI/App/network.o
                0x08001fd4                ai_network_inputs_get
 .text.ai_network_outputs_get
                0x08001fe8       0x14 ./X-CUBE-AI/App/network.o
                0x08001fe8                ai_network_outputs_get
 .text.ai_network_init
                0x08001ffc      0x454 ./X-CUBE-AI/App/network.o
                0x08001ffc                ai_network_init
 .text.ai_network_run
                0x08002450        0x4 ./X-CUBE-AI/App/network.o
                0x08002450                ai_network_run
 .text.ai_network_data_activations_buffer_get
                0x08002454       0x28 ./X-CUBE-AI/App/network_data.o
                0x08002454                ai_network_data_activations_buffer_get
 .text.ai_network_data_weights_buffer_get
                0x0800247c       0x28 ./X-CUBE-AI/App/network_data.o
                0x0800247c                ai_network_data_weights_buffer_get
 .text.ai_network_data_weights_get
                0x080024a4        0x8 ./X-CUBE-AI/App/network_data.o
                0x080024a4                ai_network_data_weights_get
 .text.ai_buffer_get_size
                0x080024ac       0x64 ../Middlewares/ST/AI/Lib/NetworkRuntime1020_CM4_GCC.a(ai_platform.o)
                0x080024ac                ai_buffer_get_size
 .text.ai_buffer_array_sane
                0x08002510       0x14 ../Middlewares/ST/AI/Lib/NetworkRuntime1020_CM4_GCC.a(ai_platform.o)
                0x08002510                ai_buffer_array_sane
 .text.ai_platform_get_weights_map
                0x08002524       0xa4 ../Middlewares/ST/AI/Lib/NetworkRuntime1020_CM4_GCC.a(ai_platform_interface.o)
                0x08002524                ai_platform_get_weights_map
 .text.ai_platform_get_activations_map
                0x080025c8       0xa8 ../Middlewares/ST/AI/Lib/NetworkRuntime1020_CM4_GCC.a(ai_platform_interface.o)
                0x080025c8                ai_platform_get_activations_map
 .text.ai_platform_network_set_error
                0x08002670        0xc ../Middlewares/ST/AI/Lib/NetworkRuntime1020_CM4_GCC.a(ai_platform_interface.o)
                0x08002670                ai_platform_network_set_error
 .text.ai_platform_inputs_get
                0x0800267c       0xec ../Middlewares/ST/AI/Lib/NetworkRuntime1020_CM4_GCC.a(ai_platform_interface.o)
                0x0800267c                ai_platform_inputs_get
 .text.ai_platform_outputs_get
                0x08002768       0xe4 ../Middlewares/ST/AI/Lib/NetworkRuntime1020_CM4_GCC.a(ai_platform_interface.o)
                0x08002768                ai_platform_outputs_get
 .text.ai_platform_network_create
                0x0800284c       0x84 ../Middlewares/ST/AI/Lib/NetworkRuntime1020_CM4_GCC.a(ai_platform_interface.o)
                0x0800284c                ai_platform_network_create
 .text.ai_platform_network_init
                0x080028d0      0x130 ../Middlewares/ST/AI/Lib/NetworkRuntime1020_CM4_GCC.a(ai_platform_interface.o)
                0x080028d0                ai_platform_network_init
 .text.ai_platform_network_post_init
                0x08002a00       0x5c ../Middlewares/ST/AI/Lib/NetworkRuntime1020_CM4_GCC.a(ai_platform_interface.o)
                0x08002a00                ai_platform_network_post_init
 .text.ai_platform_network_process
                0x08002a5c      0x438 ../Middlewares/ST/AI/Lib/NetworkRuntime1020_CM4_GCC.a(ai_platform_interface.o)
                0x08002a5c                ai_platform_network_process
 .text.core_init
                0x08002e94        0x4 ../Middlewares/ST/AI/Lib/NetworkRuntime1020_CM4_GCC.a(core_common.o)
                0x08002e94                core_init
 .text.core_set_error
                0x08002e98       0x18 ../Middlewares/ST/AI/Lib/NetworkRuntime1020_CM4_GCC.a(core_common.o)
                0x08002e98                core_set_error
 .text.ai_check_custom_types
                0x08002eb0       0x54 ../Middlewares/ST/AI/Lib/NetworkRuntime1020_CM4_GCC.a(layers.o)
                0x08002eb0                ai_check_custom_types
 .text.ai_layers_init_all
                0x08002f04       0x20 ../Middlewares/ST/AI/Lib/NetworkRuntime1020_CM4_GCC.a(layers.o)
                0x08002f04                ai_layers_init_all
 .text.ai_layers_post_init_all
                0x08002f24       0x3c ../Middlewares/ST/AI/Lib/NetworkRuntime1020_CM4_GCC.a(layers.o)
                0x08002f24                ai_layers_post_init_all
 .text.ai_layers_forward_all
                0x08002f60       0x90 ../Middlewares/ST/AI/Lib/NetworkRuntime1020_CM4_GCC.a(layers.o)
                0x08002f60                ai_layers_forward_all
 .text.forward_conv2d_if32of32wf32
                0x08002ff0      0x1c4 ../Middlewares/ST/AI/Lib/NetworkRuntime1020_CM4_GCC.a(layers_conv2d_generic_float.o)
                0x08002ff0                forward_conv2d_if32of32wf32
 .text.forward_conv2d_if32of32wf32_nl_pool
                0x080031b4      0x2d4 ../Middlewares/ST/AI/Lib/NetworkRuntime1020_CM4_GCC.a(layers_conv2d_generic_float.o)
                0x080031b4                forward_conv2d_if32of32wf32_nl_pool
 .text.forward_dense
                0x08003488      0x100 ../Middlewares/ST/AI/Lib/NetworkRuntime1020_CM4_GCC.a(layers_conv2d_generic_float.o)
                0x08003488                forward_dense
 .text.forward_concat
                0x08003588      0x6a0 ../Middlewares/ST/AI/Lib/NetworkRuntime1020_CM4_GCC.a(layers_generic_float.o)
                0x08003588                forward_concat
 .text.forward_relu
                0x08003c28      0x134 ../Middlewares/ST/AI/Lib/NetworkRuntime1020_CM4_GCC.a(layers_nl_generic_float.o)
                0x08003c28                forward_relu
 .text.forward_sm
                0x08003d5c       0x84 ../Middlewares/ST/AI/Lib/NetworkRuntime1020_CM4_GCC.a(layers_nl_generic_float.o)
                0x08003d5c                forward_sm
 .text.forward_mp
                0x08003de0      0x1b8 ../Middlewares/ST/AI/Lib/NetworkRuntime1020_CM4_GCC.a(layers_pool_generic_float.o)
                0x08003de0                forward_mp
 .text.forward_ap
                0x08003f98      0x228 ../Middlewares/ST/AI/Lib/NetworkRuntime1020_CM4_GCC.a(layers_pool_generic_float.o)
                0x08003f98                forward_ap
 .text.forward_lite_conv2d_if32of32wf32
                0x080041c0      0x5a8 ../Middlewares/ST/AI/Lib/NetworkRuntime1020_CM4_GCC.a(forward_lite_conv2d_if32of32wf32.o)
                0x080041c0                forward_lite_conv2d_if32of32wf32
 .text.forward_lite_conv2d_if32of32wf32_pool
                0x08004768      0x830 ../Middlewares/ST/AI/Lib/NetworkRuntime1020_CM4_GCC.a(forward_lite_conv2d_if32of32wf32.o)
                0x08004768                forward_lite_conv2d_if32of32wf32_pool
 .text.forward_lite_nl_softmax_if32of32_kernel
                0x08004f98       0xf0 ../Middlewares/ST/AI/Lib/NetworkRuntime1020_CM4_GCC.a(lite_nl_softmax_if32of32.o)
                0x08004f98                forward_lite_nl_softmax_if32of32_kernel
 .text.forward_lite_nl_relu_generic_if32of32_kernel
                0x08005088       0xf0 ../Middlewares/ST/AI/Lib/NetworkRuntime1020_CM4_GCC.a(lite_nl_relu_if32of32.o)
                0x08005088                forward_lite_nl_relu_generic_if32of32_kernel
 .text.pool_func_mp_array_f32
                0x08005178      0x468 ../Middlewares/ST/AI/Lib/NetworkRuntime1020_CM4_GCC.a(forward_lite_pool_f32.o)
                0x08005178                pool_func_mp_array_f32
 .text.lite_decompress_ilutof32
                0x080055e0       0xac ../Middlewares/ST/AI/Lib/NetworkRuntime1020_CM4_GCC.a(lite_dense_if32.o)
                0x080055e0                lite_decompress_ilutof32
 .text.forward_lite_dense_if32of32wf32
                0x0800568c      0x2ac ../Middlewares/ST/AI/Lib/NetworkRuntime1020_CM4_GCC.a(lite_dense_if32.o)
                0x0800568c                forward_lite_dense_if32of32wf32
 .text.forward_lite_dense_if32of32wf32_lut4
                0x08005938      0x288 ../Middlewares/ST/AI/Lib/NetworkRuntime1020_CM4_GCC.a(lite_dense_if32.o)
                0x08005938                forward_lite_dense_if32of32wf32_lut4
 .text.forward_lite_dense_if32of32wf32_lut8
                0x08005bc0      0x298 ../Middlewares/ST/AI/Lib/NetworkRuntime1020_CM4_GCC.a(lite_dense_if32.o)
                0x08005bc0                forward_lite_dense_if32of32wf32_lut8
 .text.forward_lite_nl_relu_if32of32
                0x08005e58       0x44 ../Middlewares/ST/AI/Lib/NetworkRuntime1020_CM4_GCC.a(lite_nl_generic_float.o)
                0x08005e58                forward_lite_nl_relu_if32of32
 .text.forward_lite_nl_softmax_if32of32
                0x08005e9c       0x64 ../Middlewares/ST/AI/Lib/NetworkRuntime1020_CM4_GCC.a(lite_nl_generic_float.o)
                0x08005e9c                forward_lite_nl_softmax_if32of32
 .text.st_int8_copy
                0x08005f00      0x13c ../Middlewares/ST/AI/Lib/NetworkRuntime1020_CM4_GCC.a(st_int8_fill.o)
                0x08005f00                st_int8_copy
 .text.ai_array_to_buffer_fmt
                0x0800603c       0xe0 ../Middlewares/ST/AI/Lib/NetworkRuntime1020_CM4_GCC.a(ai_datatypes_format.o)
                0x0800603c                ai_array_to_buffer_fmt
 .text.ai_array_get_byte_size
                0x0800611c       0x3c ../Middlewares/ST/AI/Lib/NetworkRuntime1020_CM4_GCC.a(ai_datatypes_format.o)
                0x0800611c                ai_array_get_byte_size
 .text.ai_array_get_data_byte_size
                0x08006158       0x24 ../Middlewares/ST/AI/Lib/NetworkRuntime1020_CM4_GCC.a(ai_datatypes_format.o)
                0x08006158                ai_array_get_data_byte_size
 .text.ai_version_get
                0x0800617c        0xc ../Middlewares/ST/AI/Lib/NetworkRuntime1020_CM4_GCC.a(ai_datatypes_internal.o)
                0x0800617c                ai_version_get
 .text.get_tensor_byte_size
                0x08006188       0x30 ../Middlewares/ST/AI/Lib/NetworkRuntime1020_CM4_GCC.a(ai_datatypes_internal.o)
                0x08006188                get_tensor_byte_size
 .text.__cvt    0x080061b8       0xca /Applications/STM32CubeIDE.app/Contents/Eclipse/plugins/com.st.stm32cube.ide.mcu.externaltools.gnu-tools-for-stm32.13.3.rel1.macos64_1.0.0.202411102158/tools/bin/../lib/gcc/arm-none-eabi/13.3.1/../../../../arm-none-eabi/lib/thumb/v7e-m+fp/hard/libc_nano.a(libc_a-nano-vfprintf_float.o)
                0x080061b8                __cvt
 .text.__exponent
                0x08006282       0x74 /Applications/STM32CubeIDE.app/Contents/Eclipse/plugins/com.st.stm32cube.ide.mcu.externaltools.gnu-tools-for-stm32.13.3.rel1.macos64_1.0.0.202411102158/tools/bin/../lib/gcc/arm-none-eabi/13.3.1/../../../../arm-none-eabi/lib/thumb/v7e-m+fp/hard/libc_nano.a(libc_a-nano-vfprintf_float.o)
                0x08006282                __exponent
 *fill*         0x080062f6        0x2 
 .text._printf_float
                0x080062f8      0x454 /Applications/STM32CubeIDE.app/Contents/Eclipse/plugins/com.st.stm32cube.ide.mcu.externaltools.gnu-tools-for-stm32.13.3.rel1.macos64_1.0.0.202411102158/tools/bin/../lib/gcc/arm-none-eabi/13.3.1/../../../../arm-none-eabi/lib/thumb/v7e-m+fp/hard/libc_nano.a(libc_a-nano-vfprintf_float.o)
                0x080062f8                _printf_float
 .text.malloc   0x0800674c       0x10 /Applications/STM32CubeIDE.app/Contents/Eclipse/plugins/com.st.stm32cube.ide.mcu.externaltools.gnu-tools-for-stm32.13.3.rel1.macos64_1.0.0.202411102158/tools/bin/../lib/gcc/arm-none-eabi/13.3.1/../../../../arm-none-eabi/lib/thumb/v7e-m+fp/hard/libc_nano.a(libc_a-malloc.o)
                0x0800674c                malloc
 .text.sbrk_aligned
                0x0800675c       0x44 /Applications/STM32CubeIDE.app/Contents/Eclipse/plugins/com.st.stm32cube.ide.mcu.externaltools.gnu-tools-for-stm32.13.3.rel1.macos64_1.0.0.202411102158/tools/bin/../lib/gcc/arm-none-eabi/13.3.1/../../../../arm-none-eabi/lib/thumb/v7e-m+fp/hard/libc_nano.a(libc_a-mallocr.o)
 .text._malloc_r
                0x080067a0      0x100 /Applications/STM32CubeIDE.app/Contents/Eclipse/plugins/com.st.stm32cube.ide.mcu.externaltools.gnu-tools-for-stm32.13.3.rel1.macos64_1.0.0.202411102158/tools/bin/../lib/gcc/arm-none-eabi/13.3.1/../../../../arm-none-eabi/lib/thumb/v7e-m+fp/hard/libc_nano.a(libc_a-mallocr.o)
                0x080067a0                _malloc_r
 .text._printf_common
                0x080068a0       0xda /Applications/STM32CubeIDE.app/Contents/Eclipse/plugins/com.st.stm32cube.ide.mcu.externaltools.gnu-tools-for-stm32.13.3.rel1.macos64_1.0.0.202411102158/tools/bin/../lib/gcc/arm-none-eabi/13.3.1/../../../../arm-none-eabi/lib/thumb/v7e-m+fp/hard/libc_nano.a(libc_a-nano-vfprintf_i.o)
                0x080068a0                _printf_common
 *fill*         0x0800697a        0x2 
 .text._printf_i
                0x0800697c      0x23c /Applications/STM32CubeIDE.app/Contents/Eclipse/plugins/com.st.stm32cube.ide.mcu.externaltools.gnu-tools-for-stm32.13.3.rel1.macos64_1.0.0.202411102158/tools/bin/../lib/gcc/arm-none-eabi/13.3.1/../../../../arm-none-eabi/lib/thumb/v7e-m+fp/hard/libc_nano.a(libc_a-nano-vfprintf_i.o)
                0x0800697c                _printf_i
 .text.__sflush_r
                0x08006bb8      0x108 /Applications/STM32CubeIDE.app/Contents/Eclipse/plugins/com.st.stm32cube.ide.mcu.externaltools.gnu-tools-for-stm32.13.3.rel1.macos64_1.0.0.202411102158/tools/bin/../lib/gcc/arm-none-eabi/13.3.1/../../../../arm-none-eabi/lib/thumb/v7e-m+fp/hard/libc_nano.a(libc_a-fflush.o)
                0x08006bb8                __sflush_r
 .text._fflush_r
                0x08006cc0       0x50 /Applications/STM32CubeIDE.app/Contents/Eclipse/plugins/com.st.stm32cube.ide.mcu.externaltools.gnu-tools-for-stm32.13.3.rel1.macos64_1.0.0.202411102158/tools/bin/../lib/gcc/arm-none-eabi/13.3.1/../../../../arm-none-eabi/lib/thumb/v7e-m+fp/hard/libc_nano.a(libc_a-fflush.o)
                0x08006cc0                _fflush_r
 .text.__malloc_lock
                0x08006d10        0xc /Applications/STM32CubeIDE.app/Contents/Eclipse/plugins/com.st.stm32cube.ide.mcu.externaltools.gnu-tools-for-stm32.13.3.rel1.macos64_1.0.0.202411102158/tools/bin/../lib/gcc/arm-none-eabi/13.3.1/../../../../arm-none-eabi/lib/thumb/v7e-m+fp/hard/libc_nano.a(libc_a-mlock.o)
                0x08006d10                __malloc_lock
 .text.__malloc_unlock
                0x08006d1c        0xc /Applications/STM32CubeIDE.app/Contents/Eclipse/plugins/com.st.stm32cube.ide.mcu.externaltools.gnu-tools-for-stm32.13.3.rel1.macos64_1.0.0.202411102158/tools/bin/../lib/gcc/arm-none-eabi/13.3.1/../../../../arm-none-eabi/lib/thumb/v7e-m+fp/hard/libc_nano.a(libc_a-mlock.o)
                0x08006d1c                __malloc_unlock
 .text.std      0x08006d28       0x6c /Applications/STM32CubeIDE.app/Contents/Eclipse/plugins/com.st.stm32cube.ide.mcu.externaltools.gnu-tools-for-stm32.13.3.rel1.macos64_1.0.0.202411102158/tools/bin/../lib/gcc/arm-none-eabi/13.3.1/../../../../arm-none-eabi/lib/thumb/v7e-m+fp/hard/libc_nano.a(libc_a-findfp.o)
 .text.stdio_exit_handler
                0x08006d94       0x18 /Applications/STM32CubeIDE.app/Contents/Eclipse/plugins/com.st.stm32cube.ide.mcu.externaltools.gnu-tools-for-stm32.13.3.rel1.macos64_1.0.0.202411102158/tools/bin/../lib/gcc/arm-none-eabi/13.3.1/../../../../arm-none-eabi/lib/thumb/v7e-m+fp/hard/libc_nano.a(libc_a-findfp.o)
 .text.cleanup_stdio
                0x08006dac       0x40 /Applications/STM32CubeIDE.app/Contents/Eclipse/plugins/com.st.stm32cube.ide.mcu.externaltools.gnu-tools-for-stm32.13.3.rel1.macos64_1.0.0.202411102158/tools/bin/../lib/gcc/arm-none-eabi/13.3.1/../../../../arm-none-eabi/lib/thumb/v7e-m+fp/hard/libc_nano.a(libc_a-findfp.o)
 .text.global_stdio_init.part.0
                0x08006dec       0x3c /Applications/STM32CubeIDE.app/Contents/Eclipse/plugins/com.st.stm32cube.ide.mcu.externaltools.gnu-tools-for-stm32.13.3.rel1.macos64_1.0.0.202411102158/tools/bin/../lib/gcc/arm-none-eabi/13.3.1/../../../../arm-none-eabi/lib/thumb/v7e-m+fp/hard/libc_nano.a(libc_a-findfp.o)
 .text.__sfp_lock_acquire
                0x08006e28        0xc /Applications/STM32CubeIDE.app/Contents/Eclipse/plugins/com.st.stm32cube.ide.mcu.externaltools.gnu-tools-for-stm32.13.3.rel1.macos64_1.0.0.202411102158/tools/bin/../lib/gcc/arm-none-eabi/13.3.1/../../../../arm-none-eabi/lib/thumb/v7e-m+fp/hard/libc_nano.a(libc_a-findfp.o)
                0x08006e28                __sfp_lock_acquire
 .text.__sfp_lock_release
                0x08006e34        0xc /Applications/STM32CubeIDE.app/Contents/Eclipse/plugins/com.st.stm32cube.ide.mcu.externaltools.gnu-tools-for-stm32.13.3.rel1.macos64_1.0.0.202411102158/tools/bin/../lib/gcc/arm-none-eabi/13.3.1/../../../../arm-none-eabi/lib/thumb/v7e-m+fp/hard/libc_nano.a(libc_a-findfp.o)
                0x08006e34                __sfp_lock_release
 .text.__sinit  0x08006e40       0x30 /Applications/STM32CubeIDE.app/Contents/Eclipse/plugins/com.st.stm32cube.ide.mcu.externaltools.gnu-tools-for-stm32.13.3.rel1.macos64_1.0.0.202411102158/tools/bin/../lib/gcc/arm-none-eabi/13.3.1/../../../../arm-none-eabi/lib/thumb/v7e-m+fp/hard/libc_nano.a(libc_a-findfp.o)
                0x08006e40                __sinit
 .text._fwalk_sglue
                0x08006e70       0x3c /Applications/STM32CubeIDE.app/Contents/Eclipse/plugins/com.st.stm32cube.ide.mcu.externaltools.gnu-tools-for-stm32.13.3.rel1.macos64_1.0.0.202411102158/tools/bin/../lib/gcc/arm-none-eabi/13.3.1/../../../../arm-none-eabi/lib/thumb/v7e-m+fp/hard/libc_nano.a(libc_a-fwalk.o)
                0x08006e70                _fwalk_sglue
 .text.memset   0x08006eac       0x10 /Applications/STM32CubeIDE.app/Contents/Eclipse/plugins/com.st.stm32cube.ide.mcu.externaltools.gnu-tools-for-stm32.13.3.rel1.macos64_1.0.0.202411102158/tools/bin/../lib/gcc/arm-none-eabi/13.3.1/../../../../arm-none-eabi/lib/thumb/v7e-m+fp/hard/libc_nano.a(libc_a-memset.o)
                0x08006eac                memset
 .text._sbrk_r  0x08006ebc       0x20 /Applications/STM32CubeIDE.app/Contents/Eclipse/plugins/com.st.stm32cube.ide.mcu.externaltools.gnu-tools-for-stm32.13.3.rel1.macos64_1.0.0.202411102158/tools/bin/../lib/gcc/arm-none-eabi/13.3.1/../../../../arm-none-eabi/lib/thumb/v7e-m+fp/hard/libc_nano.a(libc_a-sbrkr.o)
                0x08006ebc                _sbrk_r
 .text.__errno  0x08006edc        0xc /Applications/STM32CubeIDE.app/Contents/Eclipse/plugins/com.st.stm32cube.ide.mcu.externaltools.gnu-tools-for-stm32.13.3.rel1.macos64_1.0.0.202411102158/tools/bin/../lib/gcc/arm-none-eabi/13.3.1/../../../../arm-none-eabi/lib/thumb/v7e-m+fp/hard/libc_nano.a(libc_a-errno.o)
                0x08006edc                __errno
 .text.__libc_init_array
                0x08006ee8       0x48 /Applications/STM32CubeIDE.app/Contents/Eclipse/plugins/com.st.stm32cube.ide.mcu.externaltools.gnu-tools-for-stm32.13.3.rel1.macos64_1.0.0.202411102158/tools/bin/../lib/gcc/arm-none-eabi/13.3.1/../../../../arm-none-eabi/lib/thumb/v7e-m+fp/hard/libc_nano.a(libc_a-init.o)
                0x08006ee8                __libc_init_array
 .text.__retarget_lock_init_recursive
                0x08006f30        0x2 /Applications/STM32CubeIDE.app/Contents/Eclipse/plugins/com.st.stm32cube.ide.mcu.externaltools.gnu-tools-for-stm32.13.3.rel1.macos64_1.0.0.202411102158/tools/bin/../lib/gcc/arm-none-eabi/13.3.1/../../../../arm-none-eabi/lib/thumb/v7e-m+fp/hard/libc_nano.a(libc_a-lock.o)
                0x08006f30                __retarget_lock_init_recursive
 .text.__retarget_lock_acquire_recursive
                0x08006f32        0x2 /Applications/STM32CubeIDE.app/Contents/Eclipse/plugins/com.st.stm32cube.ide.mcu.externaltools.gnu-tools-for-stm32.13.3.rel1.macos64_1.0.0.202411102158/tools/bin/../lib/gcc/arm-none-eabi/13.3.1/../../../../arm-none-eabi/lib/thumb/v7e-m+fp/hard/libc_nano.a(libc_a-lock.o)
                0x08006f32                __retarget_lock_acquire_recursive
 .text.__retarget_lock_release_recursive
                0x08006f34        0x2 /Applications/STM32CubeIDE.app/Contents/Eclipse/plugins/com.st.stm32cube.ide.mcu.externaltools.gnu-tools-for-stm32.13.3.rel1.macos64_1.0.0.202411102158/tools/bin/../lib/gcc/arm-none-eabi/13.3.1/../../../../arm-none-eabi/lib/thumb/v7e-m+fp/hard/libc_nano.a(libc_a-lock.o)
                0x08006f34                __retarget_lock_release_recursive
 *fill*         0x08006f36        0x2 
 .text._localeconv_r
                0x08006f38        0x8 /Applications/STM32CubeIDE.app/Contents/Eclipse/plugins/com.st.stm32cube.ide.mcu.externaltools.gnu-tools-for-stm32.13.3.rel1.macos64_1.0.0.202411102158/tools/bin/../lib/gcc/arm-none-eabi/13.3.1/../../../../arm-none-eabi/lib/thumb/v7e-m+fp/hard/libc_nano.a(libc_a-localeconv.o)
                0x08006f38                _localeconv_r
 .text.memcpy   0x08006f40       0x1c /Applications/STM32CubeIDE.app/Contents/Eclipse/plugins/com.st.stm32cube.ide.mcu.externaltools.gnu-tools-for-stm32.13.3.rel1.macos64_1.0.0.202411102158/tools/bin/../lib/gcc/arm-none-eabi/13.3.1/../../../../arm-none-eabi/lib/thumb/v7e-m+fp/hard/libc_nano.a(libc_a-memcpy-stub.o)
                0x08006f40                memcpy
 .text.__assert_func
                0x08006f5c       0x3c /Applications/STM32CubeIDE.app/Contents/Eclipse/plugins/com.st.stm32cube.ide.mcu.externaltools.gnu-tools-for-stm32.13.3.rel1.macos64_1.0.0.202411102158/tools/bin/../lib/gcc/arm-none-eabi/13.3.1/../../../../arm-none-eabi/lib/thumb/v7e-m+fp/hard/libc_nano.a(libc_a-assert.o)
                0x08006f5c                __assert_func
 .text.quorem   0x08006f98      0x110 /Applications/STM32CubeIDE.app/Contents/Eclipse/plugins/com.st.stm32cube.ide.mcu.externaltools.gnu-tools-for-stm32.13.3.rel1.macos64_1.0.0.202411102158/tools/bin/../lib/gcc/arm-none-eabi/13.3.1/../../../../arm-none-eabi/lib/thumb/v7e-m+fp/hard/libc_nano.a(libc_a-dtoa.o)
 .text._dtoa_r  0x080070a8      0xba0 /Applications/STM32CubeIDE.app/Contents/Eclipse/plugins/com.st.stm32cube.ide.mcu.externaltools.gnu-tools-for-stm32.13.3.rel1.macos64_1.0.0.202411102158/tools/bin/../lib/gcc/arm-none-eabi/13.3.1/../../../../arm-none-eabi/lib/thumb/v7e-m+fp/hard/libc_nano.a(libc_a-dtoa.o)
                0x080070a8                _dtoa_r
 .text._free_r  0x08007c48       0x94 /Applications/STM32CubeIDE.app/Contents/Eclipse/plugins/com.st.stm32cube.ide.mcu.externaltools.gnu-tools-for-stm32.13.3.rel1.macos64_1.0.0.202411102158/tools/bin/../lib/gcc/arm-none-eabi/13.3.1/../../../../arm-none-eabi/lib/thumb/v7e-m+fp/hard/libc_nano.a(libc_a-freer.o)
                0x08007c48                _free_r
 .text._Balloc  0x08007cdc       0x80 /Applications/STM32CubeIDE.app/Contents/Eclipse/plugins/com.st.stm32cube.ide.mcu.externaltools.gnu-tools-for-stm32.13.3.rel1.macos64_1.0.0.202411102158/tools/bin/../lib/gcc/arm-none-eabi/13.3.1/../../../../arm-none-eabi/lib/thumb/v7e-m+fp/hard/libc_nano.a(libc_a-mprec.o)
                0x08007cdc                _Balloc
 .text._Bfree   0x08007d5c       0x44 /Applications/STM32CubeIDE.app/Contents/Eclipse/plugins/com.st.stm32cube.ide.mcu.externaltools.gnu-tools-for-stm32.13.3.rel1.macos64_1.0.0.202411102158/tools/bin/../lib/gcc/arm-none-eabi/13.3.1/../../../../arm-none-eabi/lib/thumb/v7e-m+fp/hard/libc_nano.a(libc_a-mprec.o)
                0x08007d5c                _Bfree
 .text.__multadd
                0x08007da0       0x8c /Applications/STM32CubeIDE.app/Contents/Eclipse/plugins/com.st.stm32cube.ide.mcu.externaltools.gnu-tools-for-stm32.13.3.rel1.macos64_1.0.0.202411102158/tools/bin/../lib/gcc/arm-none-eabi/13.3.1/../../../../arm-none-eabi/lib/thumb/v7e-m+fp/hard/libc_nano.a(libc_a-mprec.o)
                0x08007da0                __multadd
 .text.__hi0bits
                0x08007e2c       0x3e /Applications/STM32CubeIDE.app/Contents/Eclipse/plugins/com.st.stm32cube.ide.mcu.externaltools.gnu-tools-for-stm32.13.3.rel1.macos64_1.0.0.202411102158/tools/bin/../lib/gcc/arm-none-eabi/13.3.1/../../../../arm-none-eabi/lib/thumb/v7e-m+fp/hard/libc_nano.a(libc_a-mprec.o)
                0x08007e2c                __hi0bits
 .text.__lo0bits
                0x08007e6a       0x5a /Applications/STM32CubeIDE.app/Contents/Eclipse/plugins/com.st.stm32cube.ide.mcu.externaltools.gnu-tools-for-stm32.13.3.rel1.macos64_1.0.0.202411102158/tools/bin/../lib/gcc/arm-none-eabi/13.3.1/../../../../arm-none-eabi/lib/thumb/v7e-m+fp/hard/libc_nano.a(libc_a-mprec.o)
                0x08007e6a                __lo0bits
 .text.__i2b    0x08007ec4       0x2c /Applications/STM32CubeIDE.app/Contents/Eclipse/plugins/com.st.stm32cube.ide.mcu.externaltools.gnu-tools-for-stm32.13.3.rel1.macos64_1.0.0.202411102158/tools/bin/../lib/gcc/arm-none-eabi/13.3.1/../../../../arm-none-eabi/lib/thumb/v7e-m+fp/hard/libc_nano.a(libc_a-mprec.o)
                0x08007ec4                __i2b
 .text.__multiply
                0x08007ef0      0x144 /Applications/STM32CubeIDE.app/Contents/Eclipse/plugins/com.st.stm32cube.ide.mcu.externaltools.gnu-tools-for-stm32.13.3.rel1.macos64_1.0.0.202411102158/tools/bin/../lib/gcc/arm-none-eabi/13.3.1/../../../../arm-none-eabi/lib/thumb/v7e-m+fp/hard/libc_nano.a(libc_a-mprec.o)
                0x08007ef0                __multiply
 .text.__pow5mult
                0x08008034       0xb4 /Applications/STM32CubeIDE.app/Contents/Eclipse/plugins/com.st.stm32cube.ide.mcu.externaltools.gnu-tools-for-stm32.13.3.rel1.macos64_1.0.0.202411102158/tools/bin/../lib/gcc/arm-none-eabi/13.3.1/../../../../arm-none-eabi/lib/thumb/v7e-m+fp/hard/libc_nano.a(libc_a-mprec.o)
                0x08008034                __pow5mult
 .text.__lshift
                0x080080e8       0xd8 /Applications/STM32CubeIDE.app/Contents/Eclipse/plugins/com.st.stm32cube.ide.mcu.externaltools.gnu-tools-for-stm32.13.3.rel1.macos64_1.0.0.202411102158/tools/bin/../lib/gcc/arm-none-eabi/13.3.1/../../../../arm-none-eabi/lib/thumb/v7e-m+fp/hard/libc_nano.a(libc_a-mprec.o)
                0x080080e8                __lshift
 .text.__mcmp   0x080081c0       0x36 /Applications/STM32CubeIDE.app/Contents/Eclipse/plugins/com.st.stm32cube.ide.mcu.externaltools.gnu-tools-for-stm32.13.3.rel1.macos64_1.0.0.202411102158/tools/bin/../lib/gcc/arm-none-eabi/13.3.1/../../../../arm-none-eabi/lib/thumb/v7e-m+fp/hard/libc_nano.a(libc_a-mprec.o)
                0x080081c0                __mcmp
 *fill*         0x080081f6        0x2 
 .text.__mdiff  0x080081f8      0x128 /Applications/STM32CubeIDE.app/Contents/Eclipse/plugins/com.st.stm32cube.ide.mcu.externaltools.gnu-tools-for-stm32.13.3.rel1.macos64_1.0.0.202411102158/tools/bin/../lib/gcc/arm-none-eabi/13.3.1/../../../../arm-none-eabi/lib/thumb/v7e-m+fp/hard/libc_nano.a(libc_a-mprec.o)
                0x080081f8                __mdiff
 .text.__d2b    0x08008320       0xb0 /Applications/STM32CubeIDE.app/Contents/Eclipse/plugins/com.st.stm32cube.ide.mcu.externaltools.gnu-tools-for-stm32.13.3.rel1.macos64_1.0.0.202411102158/tools/bin/../lib/gcc/arm-none-eabi/13.3.1/../../../../arm-none-eabi/lib/thumb/v7e-m+fp/hard/libc_nano.a(libc_a-mprec.o)
                0x08008320                __d2b
 .text.__sread  0x080083d0       0x22 /Applications/STM32CubeIDE.app/Contents/Eclipse/plugins/com.st.stm32cube.ide.mcu.externaltools.gnu-tools-for-stm32.13.3.rel1.macos64_1.0.0.202411102158/tools/bin/../lib/gcc/arm-none-eabi/13.3.1/../../../../arm-none-eabi/lib/thumb/v7e-m+fp/hard/libc_nano.a(libc_a-stdio.o)
                0x080083d0                __sread
 .text.__swrite
                0x080083f2       0x38 /Applications/STM32CubeIDE.app/Contents/Eclipse/plugins/com.st.stm32cube.ide.mcu.externaltools.gnu-tools-for-stm32.13.3.rel1.macos64_1.0.0.202411102158/tools/bin/../lib/gcc/arm-none-eabi/13.3.1/../../../../arm-none-eabi/lib/thumb/v7e-m+fp/hard/libc_nano.a(libc_a-stdio.o)
                0x080083f2                __swrite
 .text.__sseek  0x0800842a       0x24 /Applications/STM32CubeIDE.app/Contents/Eclipse/plugins/com.st.stm32cube.ide.mcu.externaltools.gnu-tools-for-stm32.13.3.rel1.macos64_1.0.0.202411102158/tools/bin/../lib/gcc/arm-none-eabi/13.3.1/../../../../arm-none-eabi/lib/thumb/v7e-m+fp/hard/libc_nano.a(libc_a-stdio.o)
                0x0800842a                __sseek
 .text.__sclose
                0x0800844e        0x8 /Applications/STM32CubeIDE.app/Contents/Eclipse/plugins/com.st.stm32cube.ide.mcu.externaltools.gnu-tools-for-stm32.13.3.rel1.macos64_1.0.0.202411102158/tools/bin/../lib/gcc/arm-none-eabi/13.3.1/../../../../arm-none-eabi/lib/thumb/v7e-m+fp/hard/libc_nano.a(libc_a-stdio.o)
                0x0800844e                __sclose
 *fill*         0x08008456        0x2 
 .text.fprintf  0x08008458       0x24 /Applications/STM32CubeIDE.app/Contents/Eclipse/plugins/com.st.stm32cube.ide.mcu.externaltools.gnu-tools-for-stm32.13.3.rel1.macos64_1.0.0.202411102158/tools/bin/../lib/gcc/arm-none-eabi/13.3.1/../../../../arm-none-eabi/lib/thumb/v7e-m+fp/hard/libc_nano.a(libc_a-fprintf.o)
                0x08008458                fprintf
                0x08008458                fiprintf
 .text._lseek_r
                0x0800847c       0x24 /Applications/STM32CubeIDE.app/Contents/Eclipse/plugins/com.st.stm32cube.ide.mcu.externaltools.gnu-tools-for-stm32.13.3.rel1.macos64_1.0.0.202411102158/tools/bin/../lib/gcc/arm-none-eabi/13.3.1/../../../../arm-none-eabi/lib/thumb/v7e-m+fp/hard/libc_nano.a(libc_a-lseekr.o)
                0x0800847c                _lseek_r
 .text._read_r  0x080084a0       0x24 /Applications/STM32CubeIDE.app/Contents/Eclipse/plugins/com.st.stm32cube.ide.mcu.externaltools.gnu-tools-for-stm32.13.3.rel1.macos64_1.0.0.202411102158/tools/bin/../lib/gcc/arm-none-eabi/13.3.1/../../../../arm-none-eabi/lib/thumb/v7e-m+fp/hard/libc_nano.a(libc_a-readr.o)
                0x080084a0                _read_r
 .text._write_r
                0x080084c4       0x24 /Applications/STM32CubeIDE.app/Contents/Eclipse/plugins/com.st.stm32cube.ide.mcu.externaltools.gnu-tools-for-stm32.13.3.rel1.macos64_1.0.0.202411102158/tools/bin/../lib/gcc/arm-none-eabi/13.3.1/../../../../arm-none-eabi/lib/thumb/v7e-m+fp/hard/libc_nano.a(libc_a-writer.o)
                0x080084c4                _write_r
 .text._close_r
                0x080084e8       0x20 /Applications/STM32CubeIDE.app/Contents/Eclipse/plugins/com.st.stm32cube.ide.mcu.externaltools.gnu-tools-for-stm32.13.3.rel1.macos64_1.0.0.202411102158/tools/bin/../lib/gcc/arm-none-eabi/13.3.1/../../../../arm-none-eabi/lib/thumb/v7e-m+fp/hard/libc_nano.a(libc_a-closer.o)
                0x080084e8                _close_r
 .text.abort    0x08008508        0xe /Applications/STM32CubeIDE.app/Contents/Eclipse/plugins/com.st.stm32cube.ide.mcu.externaltools.gnu-tools-for-stm32.13.3.rel1.macos64_1.0.0.202411102158/tools/bin/../lib/gcc/arm-none-eabi/13.3.1/../../../../arm-none-eabi/lib/thumb/v7e-m+fp/hard/libc_nano.a(libc_a-abort.o)
                0x08008508                abort
 .text._calloc_r
                0x08008516       0x28 /Applications/STM32CubeIDE.app/Contents/Eclipse/plugins/com.st.stm32cube.ide.mcu.externaltools.gnu-tools-for-stm32.13.3.rel1.macos64_1.0.0.202411102158/tools/bin/../lib/gcc/arm-none-eabi/13.3.1/../../../../arm-none-eabi/lib/thumb/v7e-m+fp/hard/libc_nano.a(libc_a-callocr.o)
                0x08008516                _calloc_r
 .text.__sfputc_r
                0x0800853e       0x2e /Applications/STM32CubeIDE.app/Contents/Eclipse/plugins/com.st.stm32cube.ide.mcu.externaltools.gnu-tools-for-stm32.13.3.rel1.macos64_1.0.0.202411102158/tools/bin/../lib/gcc/arm-none-eabi/13.3.1/../../../../arm-none-eabi/lib/thumb/v7e-m+fp/hard/libc_nano.a(libc_a-nano-vfprintf.o)
 .text.__sfputs_r
                0x0800856c       0x24 /Applications/STM32CubeIDE.app/Contents/Eclipse/plugins/com.st.stm32cube.ide.mcu.externaltools.gnu-tools-for-stm32.13.3.rel1.macos64_1.0.0.202411102158/tools/bin/../lib/gcc/arm-none-eabi/13.3.1/../../../../arm-none-eabi/lib/thumb/v7e-m+fp/hard/libc_nano.a(libc_a-nano-vfprintf.o)
                0x0800856c                __sfputs_r
 .text._vfprintf_r
                0x08008590      0x230 /Applications/STM32CubeIDE.app/Contents/Eclipse/plugins/com.st.stm32cube.ide.mcu.externaltools.gnu-tools-for-stm32.13.3.rel1.macos64_1.0.0.202411102158/tools/bin/../lib/gcc/arm-none-eabi/13.3.1/../../../../arm-none-eabi/lib/thumb/v7e-m+fp/hard/libc_nano.a(libc_a-nano-vfprintf.o)
                0x08008590                _vfiprintf_r
                0x08008590                _vfprintf_r
 .text.__ascii_mbtowc
                0x080087c0       0x24 /Applications/STM32CubeIDE.app/Contents/Eclipse/plugins/com.st.stm32cube.ide.mcu.externaltools.gnu-tools-for-stm32.13.3.rel1.macos64_1.0.0.202411102158/tools/bin/../lib/gcc/arm-none-eabi/13.3.1/../../../../arm-none-eabi/lib/thumb/v7e-m+fp/hard/libc_nano.a(libc_a-mbtowc_r.o)
                0x080087c0                __ascii_mbtowc
 .text.__swbuf_r
                0x080087e4       0x7c /Applications/STM32CubeIDE.app/Contents/Eclipse/plugins/com.st.stm32cube.ide.mcu.externaltools.gnu-tools-for-stm32.13.3.rel1.macos64_1.0.0.202411102158/tools/bin/../lib/gcc/arm-none-eabi/13.3.1/../../../../arm-none-eabi/lib/thumb/v7e-m+fp/hard/libc_nano.a(libc_a-wbuf.o)
                0x080087e4                __swbuf_r
 .text.__swsetup_r
                0x08008860       0xac /Applications/STM32CubeIDE.app/Contents/Eclipse/plugins/com.st.stm32cube.ide.mcu.externaltools.gnu-tools-for-stm32.13.3.rel1.macos64_1.0.0.202411102158/tools/bin/../lib/gcc/arm-none-eabi/13.3.1/../../../../arm-none-eabi/lib/thumb/v7e-m+fp/hard/libc_nano.a(libc_a-wsetup.o)
                0x08008860                __swsetup_r
 .text.__ascii_wctomb
                0x0800890c       0x1a /Applications/STM32CubeIDE.app/Contents/Eclipse/plugins/com.st.stm32cube.ide.mcu.externaltools.gnu-tools-for-stm32.13.3.rel1.macos64_1.0.0.202411102158/tools/bin/../lib/gcc/arm-none-eabi/13.3.1/../../../../arm-none-eabi/lib/thumb/v7e-m+fp/hard/libc_nano.a(libc_a-wctomb_r.o)
                0x0800890c                __ascii_wctomb
 .text.__swhatbuf_r
                0x08008926       0x4c /Applications/STM32CubeIDE.app/Contents/Eclipse/plugins/com.st.stm32cube.ide.mcu.externaltools.gnu-tools-for-stm32.13.3.rel1.macos64_1.0.0.202411102158/tools/bin/../lib/gcc/arm-none-eabi/13.3.1/../../../../arm-none-eabi/lib/thumb/v7e-m+fp/hard/libc_nano.a(libc_a-makebuf.o)
                0x08008926                __swhatbuf_r
 .text.__smakebuf_r
                0x08008972       0x78 /Applications/STM32CubeIDE.app/Contents/Eclipse/plugins/com.st.stm32cube.ide.mcu.externaltools.gnu-tools-for-stm32.13.3.rel1.macos64_1.0.0.202411102158/tools/bin/../lib/gcc/arm-none-eabi/13.3.1/../../../../arm-none-eabi/lib/thumb/v7e-m+fp/hard/libc_nano.a(libc_a-makebuf.o)
                0x08008972                __smakebuf_r
 .text._raise_r
                0x080089ea       0x50 /Applications/STM32CubeIDE.app/Contents/Eclipse/plugins/com.st.stm32cube.ide.mcu.externaltools.gnu-tools-for-stm32.13.3.rel1.macos64_1.0.0.202411102158/tools/bin/../lib/gcc/arm-none-eabi/13.3.1/../../../../arm-none-eabi/lib/thumb/v7e-m+fp/hard/libc_nano.a(libc_a-signal.o)
                0x080089ea                _raise_r
 *fill*         0x08008a3a        0x2 
 .text.raise    0x08008a3c       0x10 /Applications/STM32CubeIDE.app/Contents/Eclipse/plugins/com.st.stm32cube.ide.mcu.externaltools.gnu-tools-for-stm32.13.3.rel1.macos64_1.0.0.202411102158/tools/bin/../lib/gcc/arm-none-eabi/13.3.1/../../../../arm-none-eabi/lib/thumb/v7e-m+fp/hard/libc_nano.a(libc_a-signal.o)
                0x08008a3c                raise
 .text._isatty_r
                0x08008a4c       0x20 /Applications/STM32CubeIDE.app/Contents/Eclipse/plugins/com.st.stm32cube.ide.mcu.externaltools.gnu-tools-for-stm32.13.3.rel1.macos64_1.0.0.202411102158/tools/bin/../lib/gcc/arm-none-eabi/13.3.1/../../../../arm-none-eabi/lib/thumb/v7e-m+fp/hard/libc_nano.a(libc_a-isattyr.o)
                0x08008a4c                _isatty_r
 .text._kill_r  0x08008a6c       0x24 /Applications/STM32CubeIDE.app/Contents/Eclipse/plugins/com.st.stm32cube.ide.mcu.externaltools.gnu-tools-for-stm32.13.3.rel1.macos64_1.0.0.202411102158/tools/bin/../lib/gcc/arm-none-eabi/13.3.1/../../../../arm-none-eabi/lib/thumb/v7e-m+fp/hard/libc_nano.a(libc_a-signalr.o)
                0x08008a6c                _kill_r
 .text._getpid_r
                0x08008a90        0x4 /Applications/STM32CubeIDE.app/Contents/Eclipse/plugins/com.st.stm32cube.ide.mcu.externaltools.gnu-tools-for-stm32.13.3.rel1.macos64_1.0.0.202411102158/tools/bin/../lib/gcc/arm-none-eabi/13.3.1/../../../../arm-none-eabi/lib/thumb/v7e-m+fp/hard/libc_nano.a(libc_a-signalr.o)
                0x08008a90                _getpid_r
 .text._fstat_r
                0x08008a94       0x24 /Applications/STM32CubeIDE.app/Contents/Eclipse/plugins/com.st.stm32cube.ide.mcu.externaltools.gnu-tools-for-stm32.13.3.rel1.macos64_1.0.0.202411102158/tools/bin/../lib/gcc/arm-none-eabi/13.3.1/../../../../arm-none-eabi/lib/thumb/v7e-m+fp/hard/libc_nano.a(libc_a-fstatr.o)
                0x08008a94                _fstat_r
 .text.expf     0x08008ab8       0x6c /Applications/STM32CubeIDE.app/Contents/Eclipse/plugins/com.st.stm32cube.ide.mcu.externaltools.gnu-tools-for-stm32.13.3.rel1.macos64_1.0.0.202411102158/tools/bin/../lib/gcc/arm-none-eabi/13.3.1/../../../../arm-none-eabi/lib/thumb/v7e-m+fp/hard/libm.a(libm_a-wf_exp.o)
                0x08008ab8                expf
 .text.finitef  0x08008b24       0x14 /Applications/STM32CubeIDE.app/Contents/Eclipse/plugins/com.st.stm32cube.ide.mcu.externaltools.gnu-tools-for-stm32.13.3.rel1.macos64_1.0.0.202411102158/tools/bin/../lib/gcc/arm-none-eabi/13.3.1/../../../../arm-none-eabi/lib/thumb/v7e-m+fp/hard/libm.a(libm_a-sf_finite.o)
                0x08008b24                finitef
 .text.__ieee754_expf
                0x08008b38      0x19c /Applications/STM32CubeIDE.app/Contents/Eclipse/plugins/com.st.stm32cube.ide.mcu.externaltools.gnu-tools-for-stm32.13.3.rel1.macos64_1.0.0.202411102158/tools/bin/../lib/gcc/arm-none-eabi/13.3.1/../../../../arm-none-eabi/lib/thumb/v7e-m+fp/hard/libm.a(libm_a-ef_exp.o)
                0x08008b38                __ieee754_expf
 .text.with_errnof
                0x08008cd4       0x1c /Applications/STM32CubeIDE.app/Contents/Eclipse/plugins/com.st.stm32cube.ide.mcu.externaltools.gnu-tools-for-stm32.13.3.rel1.macos64_1.0.0.202411102158/tools/bin/../lib/gcc/arm-none-eabi/13.3.1/../../../../arm-none-eabi/lib/thumb/v7e-m+fp/hard/libm.a(libm_a-math_errf.o)
 .text.xflowf   0x08008cf0       0x16 /Applications/STM32CubeIDE.app/Contents/Eclipse/plugins/com.st.stm32cube.ide.mcu.externaltools.gnu-tools-for-stm32.13.3.rel1.macos64_1.0.0.202411102158/tools/bin/../lib/gcc/arm-none-eabi/13.3.1/../../../../arm-none-eabi/lib/thumb/v7e-m+fp/hard/libm.a(libm_a-math_errf.o)
 *fill*         0x08008d06        0x2 
 .text.__math_uflowf
                0x08008d08        0xc /Applications/STM32CubeIDE.app/Contents/Eclipse/plugins/com.st.stm32cube.ide.mcu.externaltools.gnu-tools-for-stm32.13.3.rel1.macos64_1.0.0.202411102158/tools/bin/../lib/gcc/arm-none-eabi/13.3.1/../../../../arm-none-eabi/lib/thumb/v7e-m+fp/hard/libm.a(libm_a-math_errf.o)
                0x08008d08                __math_uflowf
 .text.__math_oflowf
                0x08008d14        0xc /Applications/STM32CubeIDE.app/Contents/Eclipse/plugins/com.st.stm32cube.ide.mcu.externaltools.gnu-tools-for-stm32.13.3.rel1.macos64_1.0.0.202411102158/tools/bin/../lib/gcc/arm-none-eabi/13.3.1/../../../../arm-none-eabi/lib/thumb/v7e-m+fp/hard/libm.a(libm_a-math_errf.o)
                0x08008d14                __math_oflowf
 *(.glue_7)
 .glue_7        0x08008d20        0x0 linker stubs
 *(.glue_7t)
 .glue_7t       0x08008d20        0x0 linker stubs
 *(.eh_frame)
 .eh_frame      0x08008d20        0x0 /Applications/STM32CubeIDE.app/Contents/Eclipse/plugins/com.st.stm32cube.ide.mcu.externaltools.gnu-tools-for-stm32.13.3.rel1.macos64_1.0.0.202411102158/tools/bin/../lib/gcc/arm-none-eabi/13.3.1/thumb/v7e-m+fp/hard/crtbegin.o
 *(.init)
 .init          0x08008d20        0x4 /Applications/STM32CubeIDE.app/Contents/Eclipse/plugins/com.st.stm32cube.ide.mcu.externaltools.gnu-tools-for-stm32.13.3.rel1.macos64_1.0.0.202411102158/tools/bin/../lib/gcc/arm-none-eabi/13.3.1/thumb/v7e-m+fp/hard/crti.o
                0x08008d20                _init
 .init          0x08008d24        0x8 /Applications/STM32CubeIDE.app/Contents/Eclipse/plugins/com.st.stm32cube.ide.mcu.externaltools.gnu-tools-for-stm32.13.3.rel1.macos64_1.0.0.202411102158/tools/bin/../lib/gcc/arm-none-eabi/13.3.1/thumb/v7e-m+fp/hard/crtn.o
 *(.fini)
 .fini          0x08008d2c        0x4 /Applications/STM32CubeIDE.app/Contents/Eclipse/plugins/com.st.stm32cube.ide.mcu.externaltools.gnu-tools-for-stm32.13.3.rel1.macos64_1.0.0.202411102158/tools/bin/../lib/gcc/arm-none-eabi/13.3.1/thumb/v7e-m+fp/hard/crti.o
                0x08008d2c                _fini
 .fini          0x08008d30        0x8 /Applications/STM32CubeIDE.app/Contents/Eclipse/plugins/com.st.stm32cube.ide.mcu.externaltools.gnu-tools-for-stm32.13.3.rel1.macos64_1.0.0.202411102158/tools/bin/../lib/gcc/arm-none-eabi/13.3.1/thumb/v7e-m+fp/hard/crtn.o
                0x08008d38                        . = ALIGN (0x4)
                0x08008d38                        _etext = .

.vfp11_veneer   0x08008d38        0x0
 .vfp11_veneer  0x08008d38        0x0 linker stubs

.v4_bx          0x08008d38        0x0
 .v4_bx         0x08008d38        0x0 linker stubs

.iplt           0x08008d38        0x0
 .iplt          0x08008d38        0x0 /Applications/STM32CubeIDE.app/Contents/Eclipse/plugins/com.st.stm32cube.ide.mcu.externaltools.gnu-tools-for-stm32.13.3.rel1.macos64_1.0.0.202411102158/tools/bin/../lib/gcc/arm-none-eabi/13.3.1/thumb/v7e-m+fp/hard/crtbegin.o

.rodata         0x08008d40    0x16734
                0x08008d40                        . = ALIGN (0x4)
 *(.rodata)
 *(.rodata*)
 .rodata.test_image_7_sq
                0x08008d40     0x3000 ./Core/Src/main.o
                0x08008d40                test_image_7_sq
 .rodata.APBPrescTable
                0x0800bd40        0x8 ./Core/Src/system_stm32f4xx.o
                0x0800bd40                APBPrescTable
 .rodata.AHBPrescTable
                0x0800bd48       0x10 ./Core/Src/system_stm32f4xx.o
                0x0800bd48                AHBPrescTable
 .rodata.conv2d_0_chain
                0x0800bd58        0x8 ./X-CUBE-AI/App/network.o
 .rodata.conv2d_2_chain
                0x0800bd60        0x8 ./X-CUBE-AI/App/network.o
 .rodata.nl_2_nl_chain
                0x0800bd68        0x8 ./X-CUBE-AI/App/network.o
 .rodata.conv2d_4_chain
                0x0800bd70        0x8 ./X-CUBE-AI/App/network.o
 .rodata.nl_4_nl_chain
                0x0800bd78        0x8 ./X-CUBE-AI/App/network.o
 .rodata.conv2d_3_chain
                0x0800bd80        0x8 ./X-CUBE-AI/App/network.o
 .rodata.nl_3_nl_chain
                0x0800bd88        0x8 ./X-CUBE-AI/App/network.o
 .rodata.concat_5_chain
                0x0800bd90        0x8 ./X-CUBE-AI/App/network.o
 .rodata.conv2d_6_chain
                0x0800bd98        0x8 ./X-CUBE-AI/App/network.o
 .rodata.nl_6_nl_chain
                0x0800bda0        0x8 ./X-CUBE-AI/App/network.o
 .rodata.conv2d_8_chain
                0x0800bda8        0x8 ./X-CUBE-AI/App/network.o
 .rodata.nl_8_nl_chain
                0x0800bdb0        0x8 ./X-CUBE-AI/App/network.o
 .rodata.conv2d_7_chain
                0x0800bdb8        0x8 ./X-CUBE-AI/App/network.o
 .rodata.nl_7_nl_chain
                0x0800bdc0        0x8 ./X-CUBE-AI/App/network.o
 .rodata.concat_9_chain
                0x0800bdc8        0x8 ./X-CUBE-AI/App/network.o
 .rodata.pool_10_chain
                0x0800bdd0        0x8 ./X-CUBE-AI/App/network.o
 .rodata.conv2d_11_chain
                0x0800bdd8        0x8 ./X-CUBE-AI/App/network.o
 .rodata.nl_11_nl_chain
                0x0800bde0        0x8 ./X-CUBE-AI/App/network.o
 .rodata.conv2d_13_chain
                0x0800bde8        0x8 ./X-CUBE-AI/App/network.o
 .rodata.nl_13_nl_chain
                0x0800bdf0        0x8 ./X-CUBE-AI/App/network.o
 .rodata.conv2d_12_chain
                0x0800bdf8        0x8 ./X-CUBE-AI/App/network.o
 .rodata.nl_12_nl_chain
                0x0800be00        0x8 ./X-CUBE-AI/App/network.o
 .rodata.concat_14_chain
                0x0800be08        0x8 ./X-CUBE-AI/App/network.o
 .rodata.pool_15_chain
                0x0800be10        0x8 ./X-CUBE-AI/App/network.o
 .rodata.gemm_16_chain
                0x0800be18        0x8 ./X-CUBE-AI/App/network.o
 .rodata.nl_17_chain
                0x0800be20        0x8 ./X-CUBE-AI/App/network.o
 *fill*         0x0800be28       0x18 
 .rodata.s_network_weights_array_u64
                0x0800be40    0x132a8 ./X-CUBE-AI/App/network_data_params.o
                0x0800be40                s_network_weights_array_u64
 .rodata._printf_float.str1.1
                0x0801f0e8      0x171 /Applications/STM32CubeIDE.app/Contents/Eclipse/plugins/com.st.stm32cube.ide.mcu.externaltools.gnu-tools-for-stm32.13.3.rel1.macos64_1.0.0.202411102158/tools/bin/../lib/gcc/arm-none-eabi/13.3.1/../../../../arm-none-eabi/lib/thumb/v7e-m+fp/hard/libc_nano.a(libc_a-nano-vfprintf_float.o)
                                 0x12 (size before relaxing)
 .rodata._printf_i.str1.1
                0x0801f259       0x22 /Applications/STM32CubeIDE.app/Contents/Eclipse/plugins/com.st.stm32cube.ide.mcu.externaltools.gnu-tools-for-stm32.13.3.rel1.macos64_1.0.0.202411102158/tools/bin/../lib/gcc/arm-none-eabi/13.3.1/../../../../arm-none-eabi/lib/thumb/v7e-m+fp/hard/libc_nano.a(libc_a-nano-vfprintf_i.o)
 .rodata.__assert_func.str1.1
                0x0801f259       0x3d /Applications/STM32CubeIDE.app/Contents/Eclipse/plugins/com.st.stm32cube.ide.mcu.externaltools.gnu-tools-for-stm32.13.3.rel1.macos64_1.0.0.202411102158/tools/bin/../lib/gcc/arm-none-eabi/13.3.1/../../../../arm-none-eabi/lib/thumb/v7e-m+fp/hard/libc_nano.a(libc_a-assert.o)
 .rodata._dtoa_r.str1.1
                0x0801f259       0x8f /Applications/STM32CubeIDE.app/Contents/Eclipse/plugins/com.st.stm32cube.ide.mcu.externaltools.gnu-tools-for-stm32.13.3.rel1.macos64_1.0.0.202411102158/tools/bin/../lib/gcc/arm-none-eabi/13.3.1/../../../../arm-none-eabi/lib/thumb/v7e-m+fp/hard/libc_nano.a(libc_a-dtoa.o)
 .rodata._Balloc.str1.1
                0x0801f259       0x70 /Applications/STM32CubeIDE.app/Contents/Eclipse/plugins/com.st.stm32cube.ide.mcu.externaltools.gnu-tools-for-stm32.13.3.rel1.macos64_1.0.0.202411102158/tools/bin/../lib/gcc/arm-none-eabi/13.3.1/../../../../arm-none-eabi/lib/thumb/v7e-m+fp/hard/libc_nano.a(libc_a-mprec.o)
 .rodata.__multadd.str1.1
                0x0801f259       0x11 /Applications/STM32CubeIDE.app/Contents/Eclipse/plugins/com.st.stm32cube.ide.mcu.externaltools.gnu-tools-for-stm32.13.3.rel1.macos64_1.0.0.202411102158/tools/bin/../lib/gcc/arm-none-eabi/13.3.1/../../../../arm-none-eabi/lib/thumb/v7e-m+fp/hard/libc_nano.a(libc_a-mprec.o)
 *fill*         0x0801f259        0x3 
 .rodata.p05.0  0x0801f25c        0xc /Applications/STM32CubeIDE.app/Contents/Eclipse/plugins/com.st.stm32cube.ide.mcu.externaltools.gnu-tools-for-stm32.13.3.rel1.macos64_1.0.0.202411102158/tools/bin/../lib/gcc/arm-none-eabi/13.3.1/../../../../arm-none-eabi/lib/thumb/v7e-m+fp/hard/libc_nano.a(libc_a-mprec.o)
 .rodata.__mprec_bigtens
                0x0801f268       0x28 /Applications/STM32CubeIDE.app/Contents/Eclipse/plugins/com.st.stm32cube.ide.mcu.externaltools.gnu-tools-for-stm32.13.3.rel1.macos64_1.0.0.202411102158/tools/bin/../lib/gcc/arm-none-eabi/13.3.1/../../../../arm-none-eabi/lib/thumb/v7e-m+fp/hard/libc_nano.a(libc_a-mprec.o)
                0x0801f268                __mprec_bigtens
 .rodata.__mprec_tens
                0x0801f290       0xc8 /Applications/STM32CubeIDE.app/Contents/Eclipse/plugins/com.st.stm32cube.ide.mcu.externaltools.gnu-tools-for-stm32.13.3.rel1.macos64_1.0.0.202411102158/tools/bin/../lib/gcc/arm-none-eabi/13.3.1/../../../../arm-none-eabi/lib/thumb/v7e-m+fp/hard/libc_nano.a(libc_a-mprec.o)
                0x0801f290                __mprec_tens
 .rodata._setlocale_r.str1.1
                0x0801f358        0x9 /Applications/STM32CubeIDE.app/Contents/Eclipse/plugins/com.st.stm32cube.ide.mcu.externaltools.gnu-tools-for-stm32.13.3.rel1.macos64_1.0.0.202411102158/tools/bin/../lib/gcc/arm-none-eabi/13.3.1/../../../../arm-none-eabi/lib/thumb/v7e-m+fp/hard/libc_nano.a(libc_a-locale.o)
 .rodata.str1.1
                0x0801f358        0x2 /Applications/STM32CubeIDE.app/Contents/Eclipse/plugins/com.st.stm32cube.ide.mcu.externaltools.gnu-tools-for-stm32.13.3.rel1.macos64_1.0.0.202411102158/tools/bin/../lib/gcc/arm-none-eabi/13.3.1/../../../../arm-none-eabi/lib/thumb/v7e-m+fp/hard/libc_nano.a(libc_a-locale.o)
 .rodata._ctype_
                0x0801f358      0x101 /Applications/STM32CubeIDE.app/Contents/Eclipse/plugins/com.st.stm32cube.ide.mcu.externaltools.gnu-tools-for-stm32.13.3.rel1.macos64_1.0.0.202411102158/tools/bin/../lib/gcc/arm-none-eabi/13.3.1/../../../../arm-none-eabi/lib/thumb/v7e-m+fp/hard/libc_nano.a(libc_a-ctype_.o)
                0x0801f358                _ctype_
 .rodata._vfprintf_r.str1.1
                0x0801f459       0x11 /Applications/STM32CubeIDE.app/Contents/Eclipse/plugins/com.st.stm32cube.ide.mcu.externaltools.gnu-tools-for-stm32.13.3.rel1.macos64_1.0.0.202411102158/tools/bin/../lib/gcc/arm-none-eabi/13.3.1/../../../../arm-none-eabi/lib/thumb/v7e-m+fp/hard/libc_nano.a(libc_a-nano-vfprintf.o)
 *fill*         0x0801f459        0x3 
 .rodata.ln2LO  0x0801f45c        0x8 /Applications/STM32CubeIDE.app/Contents/Eclipse/plugins/com.st.stm32cube.ide.mcu.externaltools.gnu-tools-for-stm32.13.3.rel1.macos64_1.0.0.202411102158/tools/bin/../lib/gcc/arm-none-eabi/13.3.1/../../../../arm-none-eabi/lib/thumb/v7e-m+fp/hard/libm.a(libm_a-ef_exp.o)
 .rodata.ln2HI  0x0801f464        0x8 /Applications/STM32CubeIDE.app/Contents/Eclipse/plugins/com.st.stm32cube.ide.mcu.externaltools.gnu-tools-for-stm32.13.3.rel1.macos64_1.0.0.202411102158/tools/bin/../lib/gcc/arm-none-eabi/13.3.1/../../../../arm-none-eabi/lib/thumb/v7e-m+fp/hard/libm.a(libm_a-ef_exp.o)
 .rodata.halF   0x0801f46c        0x8 /Applications/STM32CubeIDE.app/Contents/Eclipse/plugins/com.st.stm32cube.ide.mcu.externaltools.gnu-tools-for-stm32.13.3.rel1.macos64_1.0.0.202411102158/tools/bin/../lib/gcc/arm-none-eabi/13.3.1/../../../../arm-none-eabi/lib/thumb/v7e-m+fp/hard/libm.a(libm_a-ef_exp.o)
                0x0801f474                        . = ALIGN (0x4)

.ARM.extab      0x0801f474        0x0
                0x0801f474                        . = ALIGN (0x4)
 *(.ARM.extab* .gnu.linkonce.armextab.*)
                0x0801f474                        . = ALIGN (0x4)

.ARM            0x0801f474        0x8
                0x0801f474                        . = ALIGN (0x4)
                0x0801f474                        __exidx_start = .
 *(.ARM.exidx*)
 .ARM.exidx     0x0801f474        0x8 /Applications/STM32CubeIDE.app/Contents/Eclipse/plugins/com.st.stm32cube.ide.mcu.externaltools.gnu-tools-for-stm32.13.3.rel1.macos64_1.0.0.202411102158/tools/bin/../lib/gcc/arm-none-eabi/13.3.1/../../../../arm-none-eabi/lib/thumb/v7e-m+fp/hard/libc_nano.a(libc_a-memchr.o)
 .ARM.exidx     0x0801f47c        0x0 /Applications/STM32CubeIDE.app/Contents/Eclipse/plugins/com.st.stm32cube.ide.mcu.externaltools.gnu-tools-for-stm32.13.3.rel1.macos64_1.0.0.202411102158/tools/bin/../lib/gcc/arm-none-eabi/13.3.1/../../../../arm-none-eabi/lib/thumb/v7e-m+fp/hard/libc_nano.a(libc_a-strlen.o)
                                  0x8 (size before relaxing)
 .ARM.exidx     0x0801f47c        0x0 /Applications/STM32CubeIDE.app/Contents/Eclipse/plugins/com.st.stm32cube.ide.mcu.externaltools.gnu-tools-for-stm32.13.3.rel1.macos64_1.0.0.202411102158/tools/bin/../lib/gcc/arm-none-eabi/13.3.1/thumb/v7e-m+fp/hard/libgcc.a(_udivmoddi4.o)
                                  0x8 (size before relaxing)
                0x0801f47c                        __exidx_end = .
                0x0801f47c                        . = ALIGN (0x4)

.preinit_array  0x0801f47c        0x0
                0x0801f47c                        . = ALIGN (0x4)
                0x0801f47c                        PROVIDE (__preinit_array_start = .)
 *(.preinit_array*)
                0x0801f47c                        PROVIDE (__preinit_array_end = .)
                0x0801f47c                        . = ALIGN (0x4)

.init_array     0x0801f47c        0x4
                0x0801f47c                        . = ALIGN (0x4)
                0x0801f47c                        PROVIDE (__init_array_start = .)
 *(SORT_BY_NAME(.init_array.*))
 *(.init_array*)
 .init_array    0x0801f47c        0x4 /Applications/STM32CubeIDE.app/Contents/Eclipse/plugins/com.st.stm32cube.ide.mcu.externaltools.gnu-tools-for-stm32.13.3.rel1.macos64_1.0.0.202411102158/tools/bin/../lib/gcc/arm-none-eabi/13.3.1/thumb/v7e-m+fp/hard/crtbegin.o
                0x0801f480                        PROVIDE (__init_array_end = .)
                0x0801f480                        . = ALIGN (0x4)

.fini_array     0x0801f480        0x4
                0x0801f480                        . = ALIGN (0x4)
                [!provide]                        PROVIDE (__fini_array_start = .)
 *(SORT_BY_NAME(.fini_array.*))
 *(.fini_array*)
 .fini_array    0x0801f480        0x4 /Applications/STM32CubeIDE.app/Contents/Eclipse/plugins/com.st.stm32cube.ide.mcu.externaltools.gnu-tools-for-stm32.13.3.rel1.macos64_1.0.0.202411102158/tools/bin/../lib/gcc/arm-none-eabi/13.3.1/thumb/v7e-m+fp/hard/crtbegin.o
                [!provide]                        PROVIDE (__fini_array_end = .)
                0x0801f484                        . = ALIGN (0x4)
                0x0801f484                        _sidata = LOADADDR (.data)

.rel.dyn        0x0801f484        0x0
 .rel.iplt      0x0801f484        0x0 /Applications/STM32CubeIDE.app/Contents/Eclipse/plugins/com.st.stm32cube.ide.mcu.externaltools.gnu-tools-for-stm32.13.3.rel1.macos64_1.0.0.202411102158/tools/bin/../lib/gcc/arm-none-eabi/13.3.1/thumb/v7e-m+fp/hard/crtbegin.o

.data           0x20008000     0x2054 load address 0x0801f484
                0x20008000                        . = ALIGN (0x4)
                0x20008000                        _sdata = .
 *(.data)
 *(.data*)
 .data.predicted_digit
                0x20008000        0x4 ./Core/Src/main.o
                0x20008000                predicted_digit
 .data.SystemCoreClock
                0x20008004        0x4 ./Core/Src/system_stm32f4xx.o
                0x20008004                SystemCoreClock
 .data.uwTickFreq
                0x20008008        0x1 ./Drivers/STM32F4xx_HAL_Driver/Src/stm32f4xx_hal.o
                0x20008008                uwTickFreq
 *fill*         0x20008009        0x3 
 .data.uwTickPrio
                0x2000800c        0x4 ./Drivers/STM32F4xx_HAL_Driver/Src/stm32f4xx_hal.o
                0x2000800c                uwTickPrio
 .data._ioWriteAllowed
                0x20008010        0x1 ./X-CUBE-AI/App/aiTestUtility.o
 *fill*         0x20008011        0x3 
 .data.g_network
                0x20008014       0x4c ./X-CUBE-AI/App/network.o
 .data.__compound_literal.277
                0x20008060       0x18 ./X-CUBE-AI/App/network.o
 .data.__compound_literal.276
                0x20008078        0xc ./X-CUBE-AI/App/network.o
 .data.__compound_literal.272
                0x20008084        0x4 ./X-CUBE-AI/App/network.o
 .data.__compound_literal.271
                0x20008088        0xc ./X-CUBE-AI/App/network.o
 .data.__compound_literal.267
                0x20008094        0x4 ./X-CUBE-AI/App/network.o
 .data.__compound_literal.266
                0x20008098       0x1c ./X-CUBE-AI/App/network.o
 .data.__compound_literal.265
                0x200080b4       0x10 ./X-CUBE-AI/App/network.o
 .data.__compound_literal.264
                0x200080c4       0x1c ./X-CUBE-AI/App/network.o
 .data.__compound_literal.263
                0x200080e0       0x10 ./X-CUBE-AI/App/network.o
 .data.conv2d_0_layer
                0x200080f0       0x60 ./X-CUBE-AI/App/network.o
 .data.__compound_literal.261
                0x20008150       0x10 ./X-CUBE-AI/App/network.o
 .data.__compound_literal.260
                0x20008160       0x30 ./X-CUBE-AI/App/network.o
 .data.__compound_literal.259
                0x20008190        0x8 ./X-CUBE-AI/App/network.o
 .data.__compound_literal.258
                0x20008198        0xc ./X-CUBE-AI/App/network.o
 .data.__compound_literal.257
                0x200081a4        0x4 ./X-CUBE-AI/App/network.o
 .data.__compound_literal.256
                0x200081a8        0x4 ./X-CUBE-AI/App/network.o
 .data.conv2d_2_layer
                0x200081ac       0x44 ./X-CUBE-AI/App/network.o
 .data.__compound_literal.254
                0x200081f0       0x30 ./X-CUBE-AI/App/network.o
 .data.__compound_literal.253
                0x20008220        0x8 ./X-CUBE-AI/App/network.o
 .data.__compound_literal.252
                0x20008228        0xc ./X-CUBE-AI/App/network.o
 .data.__compound_literal.251
                0x20008234        0x4 ./X-CUBE-AI/App/network.o
 .data.__compound_literal.250
                0x20008238        0x4 ./X-CUBE-AI/App/network.o
 .data.nl_2_nl_layer
                0x2000823c       0x20 ./X-CUBE-AI/App/network.o
 .data.__compound_literal.249
                0x2000825c       0x30 ./X-CUBE-AI/App/network.o
 .data.__compound_literal.246
                0x2000828c        0x4 ./X-CUBE-AI/App/network.o
 .data.__compound_literal.245
                0x20008290        0x4 ./X-CUBE-AI/App/network.o
 .data.conv2d_4_layer
                0x20008294       0x44 ./X-CUBE-AI/App/network.o
 .data.__compound_literal.244
                0x200082d8       0x10 ./X-CUBE-AI/App/network.o
 .data.__compound_literal.243
                0x200082e8       0x30 ./X-CUBE-AI/App/network.o
 .data.__compound_literal.242
                0x20008318        0x8 ./X-CUBE-AI/App/network.o
 .data.__compound_literal.241
                0x20008320        0xc ./X-CUBE-AI/App/network.o
 .data.__compound_literal.240
                0x2000832c        0x4 ./X-CUBE-AI/App/network.o
 .data.__compound_literal.239
                0x20008330        0x4 ./X-CUBE-AI/App/network.o
 .data.nl_4_nl_layer
                0x20008334       0x20 ./X-CUBE-AI/App/network.o
 .data.__compound_literal.238
                0x20008354       0x30 ./X-CUBE-AI/App/network.o
 .data.__compound_literal.235
                0x20008384        0x4 ./X-CUBE-AI/App/network.o
 .data.__compound_literal.234
                0x20008388        0x4 ./X-CUBE-AI/App/network.o
 .data.conv2d_3_layer
                0x2000838c       0x44 ./X-CUBE-AI/App/network.o
 .data.__compound_literal.232
                0x200083d0       0x30 ./X-CUBE-AI/App/network.o
 .data.__compound_literal.231
                0x20008400        0x8 ./X-CUBE-AI/App/network.o
 .data.__compound_literal.230
                0x20008408        0xc ./X-CUBE-AI/App/network.o
 .data.__compound_literal.229
                0x20008414        0x4 ./X-CUBE-AI/App/network.o
 .data.__compound_literal.228
                0x20008418        0x4 ./X-CUBE-AI/App/network.o
 .data.nl_3_nl_layer
                0x2000841c       0x20 ./X-CUBE-AI/App/network.o
 .data.__compound_literal.227
                0x2000843c       0x30 ./X-CUBE-AI/App/network.o
 .data.__compound_literal.224
                0x2000846c        0x4 ./X-CUBE-AI/App/network.o
 .data.__compound_literal.223
                0x20008470        0x4 ./X-CUBE-AI/App/network.o
 .data.concat_5_layer
                0x20008474       0x20 ./X-CUBE-AI/App/network.o
 .data.__compound_literal.222
                0x20008494       0x30 ./X-CUBE-AI/App/network.o
 .data.__compound_literal.219
                0x200084c4        0x4 ./X-CUBE-AI/App/network.o
 .data.__compound_literal.218
                0x200084c8        0x8 ./X-CUBE-AI/App/network.o
 .data.conv2d_6_layer
                0x200084d0       0x44 ./X-CUBE-AI/App/network.o
 .data.__compound_literal.216
                0x20008514       0x30 ./X-CUBE-AI/App/network.o
 .data.__compound_literal.215
                0x20008544        0x8 ./X-CUBE-AI/App/network.o
 .data.__compound_literal.214
                0x2000854c        0xc ./X-CUBE-AI/App/network.o
 .data.__compound_literal.213
                0x20008558        0x4 ./X-CUBE-AI/App/network.o
 .data.__compound_literal.212
                0x2000855c        0x4 ./X-CUBE-AI/App/network.o
 .data.nl_6_nl_layer
                0x20008560       0x20 ./X-CUBE-AI/App/network.o
 .data.__compound_literal.211
                0x20008580       0x30 ./X-CUBE-AI/App/network.o
 .data.__compound_literal.208
                0x200085b0        0x4 ./X-CUBE-AI/App/network.o
 .data.__compound_literal.207
                0x200085b4        0x4 ./X-CUBE-AI/App/network.o
 .data.conv2d_8_layer
                0x200085b8       0x44 ./X-CUBE-AI/App/network.o
 .data.__compound_literal.206
                0x200085fc       0x10 ./X-CUBE-AI/App/network.o
 .data.__compound_literal.205
                0x2000860c       0x30 ./X-CUBE-AI/App/network.o
 .data.__compound_literal.204
                0x2000863c        0x8 ./X-CUBE-AI/App/network.o
 .data.__compound_literal.203
                0x20008644        0xc ./X-CUBE-AI/App/network.o
 .data.__compound_literal.202
                0x20008650        0x4 ./X-CUBE-AI/App/network.o
 .data.__compound_literal.201
                0x20008654        0x4 ./X-CUBE-AI/App/network.o
 .data.nl_8_nl_layer
                0x20008658       0x20 ./X-CUBE-AI/App/network.o
 .data.__compound_literal.200
                0x20008678       0x30 ./X-CUBE-AI/App/network.o
 .data.__compound_literal.197
                0x200086a8        0x4 ./X-CUBE-AI/App/network.o
 .data.__compound_literal.196
                0x200086ac        0x4 ./X-CUBE-AI/App/network.o
 .data.conv2d_7_layer
                0x200086b0       0x44 ./X-CUBE-AI/App/network.o
 .data.__compound_literal.194
                0x200086f4       0x30 ./X-CUBE-AI/App/network.o
 .data.__compound_literal.193
                0x20008724        0x8 ./X-CUBE-AI/App/network.o
 .data.__compound_literal.192
                0x2000872c        0xc ./X-CUBE-AI/App/network.o
 .data.__compound_literal.191
                0x20008738        0x4 ./X-CUBE-AI/App/network.o
 .data.__compound_literal.190
                0x2000873c        0x4 ./X-CUBE-AI/App/network.o
 .data.nl_7_nl_layer
                0x20008740       0x20 ./X-CUBE-AI/App/network.o
 .data.__compound_literal.189
                0x20008760       0x30 ./X-CUBE-AI/App/network.o
 .data.__compound_literal.186
                0x20008790        0x4 ./X-CUBE-AI/App/network.o
 .data.__compound_literal.185
                0x20008794        0x4 ./X-CUBE-AI/App/network.o
 .data.concat_9_layer
                0x20008798       0x20 ./X-CUBE-AI/App/network.o
 .data.__compound_literal.184
                0x200087b8       0x30 ./X-CUBE-AI/App/network.o
 .data.__compound_literal.181
                0x200087e8        0x4 ./X-CUBE-AI/App/network.o
 .data.__compound_literal.180
                0x200087ec        0x8 ./X-CUBE-AI/App/network.o
 .data.pool_10_layer
                0x200087f4       0x38 ./X-CUBE-AI/App/network.o
 .data.__compound_literal.178
                0x2000882c       0x30 ./X-CUBE-AI/App/network.o
 .data.__compound_literal.175
                0x2000885c        0x4 ./X-CUBE-AI/App/network.o
 .data.__compound_literal.174
                0x20008860        0x4 ./X-CUBE-AI/App/network.o
 .data.conv2d_11_layer
                0x20008864       0x44 ./X-CUBE-AI/App/network.o
 .data.__compound_literal.172
                0x200088a8       0x30 ./X-CUBE-AI/App/network.o
 .data.__compound_literal.171
                0x200088d8        0x8 ./X-CUBE-AI/App/network.o
 .data.__compound_literal.170
                0x200088e0        0xc ./X-CUBE-AI/App/network.o
 .data.__compound_literal.169
                0x200088ec        0x4 ./X-CUBE-AI/App/network.o
 .data.__compound_literal.168
                0x200088f0        0x4 ./X-CUBE-AI/App/network.o
 .data.nl_11_nl_layer
                0x200088f4       0x20 ./X-CUBE-AI/App/network.o
 .data.__compound_literal.167
                0x20008914       0x30 ./X-CUBE-AI/App/network.o
 .data.__compound_literal.164
                0x20008944        0x4 ./X-CUBE-AI/App/network.o
 .data.__compound_literal.163
                0x20008948        0x4 ./X-CUBE-AI/App/network.o
 .data.conv2d_13_layer
                0x2000894c       0x44 ./X-CUBE-AI/App/network.o
 .data.__compound_literal.162
                0x20008990       0x10 ./X-CUBE-AI/App/network.o
 .data.__compound_literal.161
                0x200089a0       0x30 ./X-CUBE-AI/App/network.o
 .data.__compound_literal.160
                0x200089d0        0x8 ./X-CUBE-AI/App/network.o
 .data.__compound_literal.159
                0x200089d8        0xc ./X-CUBE-AI/App/network.o
 .data.__compound_literal.158
                0x200089e4        0x4 ./X-CUBE-AI/App/network.o
 .data.__compound_literal.157
                0x200089e8        0x4 ./X-CUBE-AI/App/network.o
 .data.nl_13_nl_layer
                0x200089ec       0x20 ./X-CUBE-AI/App/network.o
 .data.__compound_literal.156
                0x20008a0c       0x30 ./X-CUBE-AI/App/network.o
 .data.__compound_literal.153
                0x20008a3c        0x4 ./X-CUBE-AI/App/network.o
 .data.__compound_literal.152
                0x20008a40        0x4 ./X-CUBE-AI/App/network.o
 .data.conv2d_12_layer
                0x20008a44       0x44 ./X-CUBE-AI/App/network.o
 .data.__compound_literal.150
                0x20008a88       0x30 ./X-CUBE-AI/App/network.o
 .data.__compound_literal.149
                0x20008ab8        0x8 ./X-CUBE-AI/App/network.o
 .data.__compound_literal.148
                0x20008ac0        0xc ./X-CUBE-AI/App/network.o
 .data.__compound_literal.147
                0x20008acc        0x4 ./X-CUBE-AI/App/network.o
 .data.__compound_literal.146
                0x20008ad0        0x4 ./X-CUBE-AI/App/network.o
 .data.nl_12_nl_layer
                0x20008ad4       0x20 ./X-CUBE-AI/App/network.o
 .data.__compound_literal.145
                0x20008af4       0x30 ./X-CUBE-AI/App/network.o
 .data.__compound_literal.142
                0x20008b24        0x4 ./X-CUBE-AI/App/network.o
 .data.__compound_literal.141
                0x20008b28        0x4 ./X-CUBE-AI/App/network.o
 .data.concat_14_layer
                0x20008b2c       0x20 ./X-CUBE-AI/App/network.o
 .data.__compound_literal.140
                0x20008b4c       0x30 ./X-CUBE-AI/App/network.o
 .data.__compound_literal.137
                0x20008b7c        0x4 ./X-CUBE-AI/App/network.o
 .data.__compound_literal.136
                0x20008b80        0x8 ./X-CUBE-AI/App/network.o
 .data.pool_15_layer
                0x20008b88       0x38 ./X-CUBE-AI/App/network.o
 .data.__compound_literal.134
                0x20008bc0       0x30 ./X-CUBE-AI/App/network.o
 .data.__compound_literal.131
                0x20008bf0        0x4 ./X-CUBE-AI/App/network.o
 .data.__compound_literal.130
                0x20008bf4        0x4 ./X-CUBE-AI/App/network.o
 .data.gemm_16_layer
                0x20008bf8       0x1c ./X-CUBE-AI/App/network.o
 .data.__compound_literal.129
                0x20008c14       0x30 ./X-CUBE-AI/App/network.o
 .data.__compound_literal.127
                0x20008c44        0x8 ./X-CUBE-AI/App/network.o
 .data.__compound_literal.126
                0x20008c4c        0x4 ./X-CUBE-AI/App/network.o
 .data.__compound_literal.125
                0x20008c50        0x4 ./X-CUBE-AI/App/network.o
 .data.nl_17_layer
                0x20008c54       0x24 ./X-CUBE-AI/App/network.o
 .data.__compound_literal.124
                0x20008c78       0x30 ./X-CUBE-AI/App/network.o
 .data.__compound_literal.121
                0x20008ca8        0x4 ./X-CUBE-AI/App/network.o
 .data.__compound_literal.120
                0x20008cac        0x4 ./X-CUBE-AI/App/network.o
 .data.serving_default_keras_tensor0_output
                0x20008cb0       0x1c ./X-CUBE-AI/App/network.o
 .data.__compound_literal.119
                0x20008ccc       0x10 ./X-CUBE-AI/App/network.o
 .data.__compound_literal.118
                0x20008cdc       0x10 ./X-CUBE-AI/App/network.o
 .data.pool_15_output
                0x20008cec       0x1c ./X-CUBE-AI/App/network.o
 .data.__compound_literal.117
                0x20008d08       0x10 ./X-CUBE-AI/App/network.o
 .data.__compound_literal.116
                0x20008d18       0x10 ./X-CUBE-AI/App/network.o
 .data.pool_10_output
                0x20008d28       0x1c ./X-CUBE-AI/App/network.o
 .data.__compound_literal.115
                0x20008d44       0x10 ./X-CUBE-AI/App/network.o
 .data.__compound_literal.114
                0x20008d54       0x10 ./X-CUBE-AI/App/network.o
 .data.nl_8_nl_output
                0x20008d64       0x1c ./X-CUBE-AI/App/network.o
 .data.__compound_literal.113
                0x20008d80       0x10 ./X-CUBE-AI/App/network.o
 .data.__compound_literal.112
                0x20008d90       0x10 ./X-CUBE-AI/App/network.o
 .data.nl_7_nl_output
                0x20008da0       0x1c ./X-CUBE-AI/App/network.o
 .data.__compound_literal.111
                0x20008dbc       0x10 ./X-CUBE-AI/App/network.o
 .data.__compound_literal.110
                0x20008dcc       0x10 ./X-CUBE-AI/App/network.o
 .data.nl_6_nl_output
                0x20008ddc       0x1c ./X-CUBE-AI/App/network.o
 .data.__compound_literal.109
                0x20008df8       0x10 ./X-CUBE-AI/App/network.o
 .data.__compound_literal.108
                0x20008e08       0x10 ./X-CUBE-AI/App/network.o
 .data.nl_4_nl_output
                0x20008e18       0x1c ./X-CUBE-AI/App/network.o
 .data.__compound_literal.107
                0x20008e34       0x10 ./X-CUBE-AI/App/network.o
 .data.__compound_literal.106
                0x20008e44       0x10 ./X-CUBE-AI/App/network.o
 .data.nl_3_nl_output
                0x20008e54       0x1c ./X-CUBE-AI/App/network.o
 .data.__compound_literal.105
                0x20008e70       0x10 ./X-CUBE-AI/App/network.o
 .data.__compound_literal.104
                0x20008e80       0x10 ./X-CUBE-AI/App/network.o
 .data.nl_2_nl_output